loaded virtual-rate manifest protocols/manifests/m2_nuscenes_mini_test_gap1124_seed42.json content_sha256=e87b92da2c9c26127862770f78d793cc1253dc45a664384e82f8e3a47c8d7814
virtual-rate mode=gap_pattern tracklets=91/106 frames=1257/2285 drop=0.450 tag=vr_manifest_m2_nuscenes_mini_test_gap1124_seed42_a41cb6f6
preloading data into memory
reading from annos
saving loaded data to /home/lishengjie/data/nuscenes-mini/preload_nuscenes_Car_mini_val_v1.0-mini_-1_1_vr_manifest_m2_nuscenes_mini_test_gap1124_seed42_a41cb6f6.dat
{
  "schema": "ct_seqtrack.m0_endpoint_export",
  "schema_version": 1,
  "run_label": "M2",
  "protocol": "gap1124_true",
  "time_mode": "true",
  "cfg": "/home/lishengjie/study/lcyu/CT-SeqTrack/cfgs/seqtrack3d_nuscenes_m2_proposal_innovation_formal_true.yaml",
  "cfg_sha256": "e0b88ddb61c1fde3289e75ef859b3f4208eb071ba15ee5c1a0eab3db03236d10",
  "resolved_cfg_sha256": "4d409e092deb9c628609dcb7837d607637a00580b7a61b13ff5cfb6675e8deb2",
  "protocol_cfg": "/home/lishengjie/study/lcyu/CT-SeqTrack/cfgs/seqtrack3d_nuscenes_a1_order_vr_gap1124.yaml",
  "protocol_cfg_sha256": "7998968a0495191b722b85162c04d48d4f62d4277ae500441d76e608e448554e",
  "weights": "/home/lishengjie/study/lcyu/CT-SeqTrack/output/m2_formal_true_seed42_473738f_20260722_112536/lightning_logs/version_0/checkpoints/last.ckpt",
  "weights_sha256": "362b3314ad056f289509818606af30fcc43d2331eb9156405ed2727bfe49658f",
  "split": "mini_val",
  "version": "v1.0-mini",
  "seed": 42,
  "device": "cuda:0",
  "tracklet_limit": 91,
  "logged_row_count": 1257,
  "active_frame_count": 1257,
  "active_empty_fallback_count": 113,
  "active_metrics": {
    "success": 59.06324582338903,
    "precision": 70.85719968178202,
    "mean_iou": 0.589541437148234,
    "mean_center_error": 2.1007490746483564
  },
  "passive_path_variance": {
    "enabled": false,
    "path_a_offsets": [
      1,
      2,
      3
    ],
    "path_b_offsets": [
      1,
      3,
      5
    ],
    "eligible_count": 0,
    "center_gap": {
      "count": 0,
      "mean": null,
      "min": null,
      "p25": null,
      "p50": null,
      "p75": null,
      "p95": null,
      "max": null
    },
    "yaw_gap": {
      "count": 0,
      "mean": null,
      "min": null,
      "p25": null,
      "p50": null,
      "p75": null,
      "p95": null,
      "max": null
    },
    "anchor_gap_max": null,
    "current_point_gap_max": null
  },
  "require_full_history": false,
  "omit_initial_frame": false,
  "reference_endpoints_csv": null,
  "reference_endpoints_sha256": null,
  "reference_match": null,
  "dataset": {
    "virtual_rate_summary": {
      "mode": "gap_pattern",
      "tracklets_before": 106,
      "tracklets_after": 91,
      "frames_before": 2285,
      "frames_after": 1257,
      "dropped_frame_ratio": 0.449890590809628,
      "min_tracklet_len": 6,
      "mean_tracklet_len": 13.813186813186814,
      "cache_tag": "vr_manifest_m2_nuscenes_mini_test_gap1124_seed42_a41cb6f6"
    },
    "virtual_rate_selection_sha256": "85e5603c941030b050adab7876a275e654d9da328c859c1101e32940f9649f6f",
    "virtual_rate_manifest_content_sha256": "e87b92da2c9c26127862770f78d793cc1253dc45a664384e82f8e3a47c8d7814",
    "virtual_rate_manifest_file_sha256": "a41cb6f691758421d3c16e88fcd72567fd4e0b4632ed65c62c48b88665beea92",
    "dynamics_time_summary": {
      "mode": "true",
      "fixed_delta_t": 0.5,
      "manifest": "",
      "manifest_content_sha256": "",
      "manifest_file_sha256": "",
      "permutation_sha256": ""
    },
    "dynamics_time_manifest_content_sha256": "",
    "dynamics_time_manifest_file_sha256": "",
    "dynamics_time_permutation_sha256": ""
  },
  "git": {
    "commit": "473738fa2cf3def246e4e6b1bce35d8692c416c7",
    "dirty": false,
    "status_porcelain": ""
  },
  "exporter_sha256": "6eafac11abf42bd139aefa66f0163573ccdd88e636a04c89ef87e3b899eea5f5",
  "runtime_seconds": 116.93694353103638,
  "note": "Only the active canonical prediction updates recursive history. Passive path A/B forwards, when enabled, are evaluation-only and cannot alter later endpoints."
}
endpoint csv: /home/lishengjie/study/lcyu/CT-SeqTrack/output/m2_standard_gap8_473738f_20260723_235400/endpoints/m2_gap1124_true_seed42/m0_endpoints.csv
summary json: /home/lishengjie/study/lcyu/CT-SeqTrack/output/m2_standard_gap8_473738f_20260723_235400/endpoints/m2_gap1124_true_seed42/m0_summary.json
resolved config: /home/lishengjie/study/lcyu/CT-SeqTrack/output/m2_standard_gap8_473738f_20260723_235400/endpoints/m2_gap1124_true_seed42/resolved_config.json
