preloading data into memory
loading from saved file /home/lishengjie/data/nuscenes-mini/preload_nuscenes_Car_mini_val_v1.0-mini_-1_1.dat.
{
  "schema": "ct_seqtrack.m0_endpoint_export",
  "schema_version": 1,
  "run_label": "M2",
  "protocol": "standard_shuffled",
  "time_mode": "shuffled",
  "cfg": "/home/lishengjie/study/lcyu/CT-SeqTrack/cfgs/seqtrack3d_nuscenes_m2_proposal_innovation_formal_true.yaml",
  "cfg_sha256": "e0b88ddb61c1fde3289e75ef859b3f4208eb071ba15ee5c1a0eab3db03236d10",
  "resolved_cfg_sha256": "089d3964f449306835d7b8f4872ba10531f0901c61b6cfb5787d4319dbba9a59",
  "protocol_cfg": null,
  "protocol_cfg_sha256": null,
  "weights": "/home/lishengjie/study/lcyu/CT-SeqTrack/output/m2_formal_true_seed42_473738f_20260722_112536/lightning_logs/version_0/checkpoints/last.ckpt",
  "weights_sha256": "362b3314ad056f289509818606af30fcc43d2331eb9156405ed2727bfe49658f",
  "split": "mini_val",
  "version": "v1.0-mini",
  "seed": 42,
  "device": "cuda:0",
  "tracklet_limit": 106,
  "logged_row_count": 2285,
  "active_frame_count": 2285,
  "active_empty_fallback_count": 217,
  "active_metrics": {
    "success": 55.215536105032825,
    "precision": 67.12035010940919,
    "mean_iou": 0.5504792052324852,
    "mean_center_error": 2.2903526952449513
  },
  "passive_path_variance": {
    "enabled": false,
    "path_a_offsets": [
      1,
      2,
      3
    ],
    "path_b_offsets": [
      1,
      3,
      5
    ],
    "eligible_count": 0,
    "center_gap": {
      "count": 0,
      "mean": null,
      "min": null,
      "p25": null,
      "p50": null,
      "p75": null,
      "p95": null,
      "max": null
    },
    "yaw_gap": {
      "count": 0,
      "mean": null,
      "min": null,
      "p25": null,
      "p50": null,
      "p75": null,
      "p95": null,
      "max": null
    },
    "anchor_gap_max": null,
    "current_point_gap_max": null
  },
  "require_full_history": false,
  "omit_initial_frame": false,
  "reference_endpoints_csv": "/home/lishengjie/study/lcyu/CT-SeqTrack/output/m2_standard_gap8_473738f_20260723_235400/references/m2_standard_true_noninitial_reference.csv",
  "reference_endpoints_sha256": "659884adb12f90370196fff47c1ec4912aee9a328dea5103ba15bdb7557460b2",
  "reference_match": {
    "reference_endpoint_count": 2179,
    "observed_endpoint_count": 2179,
    "missing_endpoint_count": 0,
    "unexpected_endpoint_count": 0,
    "allow_partial_reference": false,
    "exact_match": true
  },
  "dataset": {
    "virtual_rate_summary": {
      "mode": "none",
      "tracklets_before": 106,
      "tracklets_after": 106,
      "frames_before": 2285,
      "frames_after": 2285,
      "dropped_frame_ratio": 0.0,
      "min_tracklet_len": 1,
      "mean_tracklet_len": 21.556603773584907,
      "cache_tag": "none"
    },
    "virtual_rate_selection_sha256": "35498888d322fdcbef06d1621aa3376d32a9417138a1f8126dc2589088d58826",
    "virtual_rate_manifest_content_sha256": "",
    "virtual_rate_manifest_file_sha256": "",
    "dynamics_time_summary": {
      "mode": "shuffled",
      "fixed_delta_t": 0.5,
      "manifest": "protocols/manifests/m2_nuscenes_mini_test_standard_shuffled_dt_seed42.json",
      "manifest_content_sha256": "28f92f114d9500faad39296fbc44cb4f3ce04261b54887ff62fee70c4d00b9d5",
      "manifest_file_sha256": "9a0addc94685deac90e7811c4a49139aa7cb0ae8e5726a1fe50a71ce2479998e",
      "permutation_sha256": "0ec3d3e4669a60abaab14d40904949e8c9f713b453534ce85c377a741c7440b2"
    },
    "dynamics_time_manifest_content_sha256": "28f92f114d9500faad39296fbc44cb4f3ce04261b54887ff62fee70c4d00b9d5",
    "dynamics_time_manifest_file_sha256": "9a0addc94685deac90e7811c4a49139aa7cb0ae8e5726a1fe50a71ce2479998e",
    "dynamics_time_permutation_sha256": "0ec3d3e4669a60abaab14d40904949e8c9f713b453534ce85c377a741c7440b2"
  },
  "git": {
    "commit": "473738fa2cf3def246e4e6b1bce35d8692c416c7",
    "dirty": false,
    "status_porcelain": ""
  },
  "exporter_sha256": "6eafac11abf42bd139aefa66f0163573ccdd88e636a04c89ef87e3b899eea5f5",
  "runtime_seconds": 142.44436812400818,
  "note": "Only the active canonical prediction updates recursive history. Passive path A/B forwards, when enabled, are evaluation-only and cannot alter later endpoints."
}
endpoint csv: /home/lishengjie/study/lcyu/CT-SeqTrack/output/m2_standard_gap8_473738f_20260723_235400/endpoints/m2_standard_shuffled_seed42/m0_endpoints.csv
summary json: /home/lishengjie/study/lcyu/CT-SeqTrack/output/m2_standard_gap8_473738f_20260723_235400/endpoints/m2_standard_shuffled_seed42/m0_summary.json
resolved config: /home/lishengjie/study/lcyu/CT-SeqTrack/output/m2_standard_gap8_473738f_20260723_235400/endpoints/m2_standard_shuffled_seed42/resolved_config.json
