device: cuda:0
max_steps: 2
batch_size: 16, workers: 0
use_real_time: True
use_twc: False
use_observability_gate: False
dynamics_motion_mode: residual_limited
dynamics_warmup_epoch: 5
optimizer_step_enabled: False
loaded weights: output/20260531-2322-seqtrack3d_nuscenes_a1_order-ct_a1_order_car_60ep_bs16_gpu1/lightning_logs/version_0/checkpoints/last.ckpt
matched keys: 320/334
selected prefix strip: none
missing keys: 14
unexpected keys: 0
missing key sample: ['dynamics_encoder.per_step_mlp.0.weight', 'dynamics_encoder.per_step_mlp.0.bias', 'dynamics_encoder.per_step_mlp.2.weight', 'dynamics_encoder.per_step_mlp.2.bias', 'dynamics_encoder.global_mlp.0.weight', 'dynamics_encoder.global_mlp.0.bias', 'dynamics_encoder.global_mlp.2.weight', 'dynamics_encoder.global_mlp.2.bias', 'dynamics_encoder.velocity_head.weight', 'dynamics_encoder.velocity_head.bias', 'dynamics_residual_gate.net.0.weight', 'dynamics_residual_gate.net.0.bias']
frozen BatchNorm modules: 28
step=1/2 batch_idx=1 loss_total=0.057286 grad_norm=1.901590 lr=0.00010000
residual obs_err_p50=0.119084 obs_err_p95=0.173920 applied_p50=0.00000000 applied_ratio=0.0000 gate_grad=0.00000000e+00
step=2/2 batch_idx=2 loss_total=0.054255 grad_norm=2.683975 lr=0.00010000
residual obs_err_p50=0.128665 obs_err_p95=0.255206 applied_p50=0.00000000 applied_ratio=0.0000 gate_grad=0.00000000e+00
finished train-step check
loss log: output/diagnostics/p0a_standard_warmup.jsonl
successful-step checkpoint saving: disabled
{
  "observation_error_norm": {
    "count": 32,
    "mean": 0.13624373078346252,
    "min": 0.09418939054012299,
    "p25": 0.10954131186008453,
    "p50": 0.12088163197040558,
    "p75": 0.13807183504104614,
    "p95": 0.24569523334503174,
    "max": 0.26200002431869507
  },
  "dynamics_error_norm": {
    "count": 32,
    "mean": 0.059599053114652634,
    "min": 0.026628242805600166,
    "p25": 0.03753659501671791,
    "p50": 0.04344020038843155,
    "p75": 0.0874890387058258,
    "p95": 0.11258049309253693,
    "max": 0.11337213218212128
  },
  "observation_dynamics_gap_norm": {
    "count": 32,
    "mean": 0.13153019547462463,
    "min": 0.06737896800041199,
    "p25": 0.09831000864505768,
    "p50": 0.11520436406135559,
    "p75": 0.1570146530866623,
    "p95": 0.23747092485427856,
    "max": 0.2470882534980774
  },
  "target_motion_norm": {
    "count": 32,
    "mean": 0.05529710650444031,
    "min": 0.0,
    "p25": 0.0321255587041378,
    "p50": 0.03418275713920593,
    "p75": 0.09810461103916168,
    "p95": 0.10974060744047165,
    "max": 0.10974060744047165
  },
  "alpha": {
    "count": 32,
    "mean": 1.9999999494757503e-05,
    "min": 1.9999999494757503e-05,
    "p25": 1.9999999494757503e-05,
    "p50": 1.9999999494757503e-05,
    "p75": 1.9999999494757503e-05,
    "p95": 1.9999999494757503e-05,
    "max": 1.9999999494757503e-05
  },
  "applied_residual_norm": {
    "count": 32,
    "mean": 0.0,
    "min": 0.0,
    "p25": 0.0,
    "p50": 0.0,
    "p75": 0.0,
    "p95": 0.0,
    "max": 0.0
  },
  "raw_dynamics_norm": {
    "count": 32,
    "mean": 0.03618910536170006,
    "min": 0.031914498656988144,
    "p25": 0.034598350524902344,
    "p50": 0.03649691492319107,
    "p75": 0.037642043083906174,
    "p95": 0.039202380925416946,
    "max": 0.041323769837617874
  },
  "clamped_dynamics_norm": {
    "count": 32,
    "mean": 0.03618910536170006,
    "min": 0.031914498656988144,
    "p25": 0.034598350524902344,
    "p50": 0.03649691492319107,
    "p75": 0.037642043083906174,
    "p95": 0.039202380925416946,
    "max": 0.041323769837617874
  },
  "applied_mask": {
    "count": 32,
    "mean": 0.0,
    "min": 0.0,
    "p25": 0.0,
    "p50": 0.0,
    "p75": 0.0,
    "p95": 0.0,
    "max": 0.0
  },
  "clamp_mask": {
    "count": 32,
    "mean": 0.0,
    "min": 0.0,
    "p25": 0.0,
    "p50": 0.0,
    "p75": 0.0,
    "p95": 0.0,
    "max": 0.0
  },
  "current_delta_t": {
    "count": 32,
    "mean": 0.4936563968658447,
    "min": 0.4495689868927002,
    "p25": 0.4854940176010132,
    "p50": 0.4993208646774292,
    "p75": 0.5000226497650146,
    "p95": 0.5501859188079834,
    "max": 0.5501859188079834
  },
  "num_points_in_search": {
    "count": 32,
    "mean": 7.75,
    "min": 1.0,
    "p25": 5.5,
    "p50": 9.0,
    "p75": 10.25,
    "p95": 14.0,
    "max": 14.0
  },
  "candidate_id": {
    "count": 32,
    "mean": 1.5,
    "min": 0.0,
    "p25": 0.75,
    "p50": 1.5,
    "p75": 2.25,
    "p95": 3.0,
    "max": 3.0
  },
  "dynamics_valid": {
    "count": 32,
    "mean": 1.0,
    "min": 1.0,
    "p25": 1.0,
    "p50": 1.0,
    "p75": 1.0,
    "p95": 1.0,
    "max": 1.0
  },
  "invalid_applied_residual_norm": {
    "count": 0,
    "mean": null,
    "min": null,
    "p25": null,
    "p50": null,
    "p75": null,
    "p95": null,
    "max": null
  },
  "gate_grad_norm": {
    "count": 2,
    "mean": 0.0,
    "min": 0.0,
    "p25": 0.0,
    "p50": 0.0,
    "p75": 0.0,
    "p95": 0.0,
    "max": 0.0
  },
  "encoder_grad_norm": {
    "count": 2,
    "mean": 0.0016283027362078428,
    "min": 0.001586301950737834,
    "p25": 0.0016073023434728384,
    "p50": 0.0016283027362078428,
    "p75": 0.0016493030125275254,
    "p95": 0.0016661033732816577,
    "max": 0.0016703034052625299
  },
  "applied_ratio": 0.0,
  "clamp_ratio": 0.0,
  "dynamics_valid_ratio": 1.0,
  "by_candidate_id": {
    "0": {
      "observation_error_norm": {
        "count": 8,
        "mean": 0.1226283460855484,
        "min": 0.09436548501253128,
        "p25": 0.1063200905919075,
        "p50": 0.12101207673549652,
        "p75": 0.12537935376167297,
        "p95": 0.16266797482967377,
        "max": 0.18260982632637024
      },
      "dynamics_error_norm": {
        "count": 8,
        "mean": 0.05965093895792961,
        "min": 0.028475109487771988,
        "p25": 0.038364946842193604,
        "p50": 0.04299169406294823,
        "p75": 0.08616437017917633,
        "p95": 0.10420918464660645,
        "max": 0.11337213218212128
      },
      "observation_dynamics_gap_norm": {
        "count": 8,
        "mean": 0.12992990016937256,
        "min": 0.09846709668636322,
        "p25": 0.10953639447689056,
        "p50": 0.11835072189569473,
        "p75": 0.13942787051200867,
        "p95": 0.18306732177734375,
        "max": 0.19068334996700287
      },
      "applied_residual_norm": {
        "count": 8,
        "mean": 0.0,
        "min": 0.0,
        "p25": 0.0,
        "p50": 0.0,
        "p75": 0.0,
        "p95": 0.0,
        "max": 0.0
      },
      "alpha": {
        "count": 8,
        "mean": 1.9999999494757503e-05,
        "min": 1.9999999494757503e-05,
        "p25": 1.9999999494757503e-05,
        "p50": 1.9999999494757503e-05,
        "p75": 1.9999999494757503e-05,
        "p95": 1.9999999494757503e-05,
        "max": 1.9999999494757503e-05
      },
      "num_points_in_search": {
        "count": 8,
        "mean": 7.75,
        "min": 1.0,
        "p25": 5.5,
        "p50": 9.0,
        "p75": 10.25,
        "p95": 12.950000762939453,
        "max": 14.0
      }
    },
    "1": {
      "observation_error_norm": {
        "count": 8,
        "mean": 0.13558970391750336,
        "min": 0.09418939054012299,
        "p25": 0.10336725413799286,
        "p50": 0.11879529803991318,
        "p75": 0.1443794220685959,
        "p95": 0.2173217087984085,
        "max": 0.2397662252187729
      },
      "dynamics_error_norm": {
        "count": 8,
        "mean": 0.060034845024347305,
        "min": 0.027074337005615234,
        "p25": 0.03704650327563286,
        "p50": 0.044360071420669556,
        "p75": 0.08896096795797348,
        "p95": 0.1047610267996788,
        "max": 0.1126374751329422
      },
      "observation_dynamics_gap_norm": {
        "count": 8,
        "mean": 0.13591718673706055,
        "min": 0.06737896800041199,
        "p25": 0.11028414964675903,
        "p50": 0.1171727180480957,
        "p75": 0.17615477740764618,
        "p95": 0.20510046184062958,
        "max": 0.21923530101776123
      },
      "applied_residual_norm": {
        "count": 8,
        "mean": 0.0,
        "min": 0.0,
        "p25": 0.0,
        "p50": 0.0,
        "p75": 0.0,
        "p95": 0.0,
        "max": 0.0
      },
      "alpha": {
        "count": 8,
        "mean": 1.9999999494757503e-05,
        "min": 1.9999999494757503e-05,
        "p25": 1.9999999494757503e-05,
        "p50": 1.9999999494757503e-05,
        "p75": 1.9999999494757503e-05,
        "p95": 1.9999999494757503e-05,
        "max": 1.9999999494757503e-05
      },
      "num_points_in_search": {
        "count": 8,
        "mean": 7.75,
        "min": 1.0,
        "p25": 5.5,
        "p50": 9.0,
        "p75": 10.25,
        "p95": 12.950000762939453,
        "max": 14.0
      }
    },
    "2": {
      "observation_error_norm": {
        "count": 8,
        "mean": 0.13872048258781433,
        "min": 0.09520590305328369,
        "p25": 0.11731985211372375,
        "p50": 0.12050160765647888,
        "p75": 0.13662126660346985,
        "p95": 0.22027884423732758,
        "max": 0.26200002431869507
      },
      "dynamics_error_norm": {
        "count": 8,
        "mean": 0.05911894887685776,
        "min": 0.029219891875982285,
        "p25": 0.03599834814667702,
        "p50": 0.04209199547767639,
        "p75": 0.0874890387058258,
        "p95": 0.10393153876066208,
        "max": 0.11253386735916138
      },
      "observation_dynamics_gap_norm": {
        "count": 8,
        "mean": 0.11785799264907837,
        "min": 0.07423263043165207,
        "p25": 0.08476964384317398,
        "p50": 0.10740382969379425,
        "p75": 0.11850570887327194,
        "p95": 0.2030554711818695,
        "max": 0.2400972992181778
      },
      "applied_residual_norm": {
        "count": 8,
        "mean": 0.0,
        "min": 0.0,
        "p25": 0.0,
        "p50": 0.0,
        "p75": 0.0,
        "p95": 0.0,
        "max": 0.0
      },
      "alpha": {
        "count": 8,
        "mean": 1.9999999494757503e-05,
        "min": 1.9999999494757503e-05,
        "p25": 1.9999999494757503e-05,
        "p50": 1.9999999494757503e-05,
        "p75": 1.9999999494757503e-05,
        "p95": 1.9999999494757503e-05,
        "max": 1.9999999494757503e-05
      },
      "num_points_in_search": {
        "count": 8,
        "mean": 7.75,
        "min": 1.0,
        "p25": 5.5,
        "p50": 9.0,
        "p75": 10.25,
        "p95": 12.950000762939453,
        "max": 14.0
      }
    },
    "3": {
      "observation_error_norm": {
        "count": 8,
        "mean": 0.1480364203453064,
        "min": 0.10005392134189606,
        "p25": 0.11371011286973953,
        "p50": 0.12838643789291382,
        "p75": 0.1740075945854187,
        "p95": 0.2260088473558426,
        "max": 0.2529418170452118
      },
      "dynamics_error_norm": {
        "count": 8,
        "mean": 0.059591490775346756,
        "min": 0.026628242805600166,
        "p25": 0.0377638004720211,
        "p50": 0.04437345638871193,
        "p75": 0.08690617978572845,
        "p95": 0.10318248718976974,
        "max": 0.11103004217147827
      },
      "observation_dynamics_gap_norm": {
        "count": 8,
        "mean": 0.14241570234298706,
        "min": 0.08523114770650864,
        "p25": 0.09207861125469208,
        "p50": 0.11948332190513611,
        "p75": 0.17361435294151306,
        "p95": 0.24297009408473969,
        "max": 0.2470882534980774
      },
      "applied_residual_norm": {
        "count": 8,
        "mean": 0.0,
        "min": 0.0,
        "p25": 0.0,
        "p50": 0.0,
        "p75": 0.0,
        "p95": 0.0,
        "max": 0.0
      },
      "alpha": {
        "count": 8,
        "mean": 1.9999999494757503e-05,
        "min": 1.9999999494757503e-05,
        "p25": 1.9999999494757503e-05,
        "p50": 1.9999999494757503e-05,
        "p75": 1.9999999494757503e-05,
        "p95": 1.9999999494757503e-05,
        "max": 1.9999999494757503e-05
      },
      "num_points_in_search": {
        "count": 8,
        "mean": 7.75,
        "min": 1.0,
        "p25": 5.5,
        "p50": 9.0,
        "p75": 10.25,
        "p95": 12.950000762939453,
        "max": 14.0
      }
    }
  },
  "by_current_delta_t": {
    "0.449569": {
      "observation_error_norm": {
        "count": 4,
        "mean": 0.1464257389307022,
        "min": 0.09418939054012299,
        "p25": 0.10155404359102249,
        "p50": 0.11928587406873703,
        "p75": 0.16415756940841675,
        "p95": 0.2351849526166916,
        "max": 0.2529418170452118
      },
      "dynamics_error_norm": {
        "count": 4,
        "mean": 0.02784939482808113,
        "min": 0.026628242805600166,
        "p25": 0.02696281298995018,
        "p50": 0.02777472324669361,
        "p75": 0.028661305084824562,
        "p95": 0.02910817414522171,
        "max": 0.029219891875982285
      },
      "observation_dynamics_gap_norm": {
        "count": 4,
        "mean": 0.14567992091178894,
        "min": 0.09783872961997986,
        "p25": 0.10210660845041275,
        "p50": 0.11889636516571045,
        "p75": 0.16246968507766724,
        "p95": 0.2301645278930664,
        "max": 0.2470882534980774
      },
      "applied_residual_norm": {
        "count": 4,
        "mean": 0.0,
        "min": 0.0,
        "p25": 0.0,
        "p50": 0.0,
        "p75": 0.0,
        "p95": 0.0,
        "max": 0.0
      },
      "alpha": {
        "count": 4,
        "mean": 1.9999999494757503e-05,
        "min": 1.9999999494757503e-05,
        "p25": 1.9999999494757503e-05,
        "p50": 1.9999999494757503e-05,
        "p75": 1.9999999494757503e-05,
        "p95": 1.9999999494757503e-05,
        "max": 1.9999999494757503e-05
      },
      "num_points_in_search": {
        "count": 4,
        "mean": 11.0,
        "min": 11.0,
        "p25": 11.0,
        "p50": 11.0,
        "p75": 11.0,
        "p95": 11.0,
        "max": 11.0
      }
    },
    "0.454804": {
      "observation_error_norm": {
        "count": 4,
        "mean": 0.12590749561786652,
        "min": 0.1175420880317688,
        "p25": 0.12260767817497253,
        "p50": 0.12479549646377563,
        "p75": 0.12809529900550842,
        "p95": 0.13481658697128296,
        "max": 0.136496901512146
      },
      "dynamics_error_norm": {
        "count": 4,
        "mean": 0.042412884533405304,
        "min": 0.04085928201675415,
        "p25": 0.041648704558610916,
        "p50": 0.04262777417898178,
        "p75": 0.04339195042848587,
        "p95": 0.04350775480270386,
        "max": 0.043536704033613205
      },
      "observation_dynamics_gap_norm": {
        "count": 4,
        "mean": 0.11861211806535721,
        "min": 0.11176620423793793,
        "p25": 0.11400552093982697,
        "p50": 0.11654308438301086,
        "p75": 0.12114967405796051,
        "p95": 0.12790678441524506,
        "max": 0.1295960694551468
      },
      "applied_residual_norm": {
        "count": 4,
        "mean": 0.0,
        "min": 0.0,
        "p25": 0.0,
        "p50": 0.0,
        "p75": 0.0,
        "p95": 0.0,
        "max": 0.0
      },
      "alpha": {
        "count": 4,
        "mean": 1.9999999494757503e-05,
        "min": 1.9999999494757503e-05,
        "p25": 1.9999999494757503e-05,
        "p50": 1.9999999494757503e-05,
        "p75": 1.9999999494757503e-05,
        "p95": 1.9999999494757503e-05,
        "max": 1.9999999494757503e-05
      },
      "num_points_in_search": {
        "count": 4,
        "mean": 1.0,
        "min": 1.0,
        "p25": 1.0,
        "p50": 1.0,
        "p75": 1.0,
        "p95": 1.0,
        "max": 1.0
      }
    },
    "0.495724": {
      "observation_error_norm": {
        "count": 4,
        "mean": 0.12238793075084686,
        "min": 0.09520590305328369,
        "p25": 0.09884192049503326,
        "p50": 0.10935339331626892,
        "p75": 0.13289940357208252,
        "p95": 0.16709107160568237,
        "max": 0.17563900351524353
      },
      "dynamics_error_norm": {
        "count": 4,
        "mean": 0.04449572414159775,
        "min": 0.04332470893859863,
        "p25": 0.04388483613729477,
        "p50": 0.044627487659454346,
        "p75": 0.04523837938904762,
        "p95": 0.04537024721503258,
        "max": 0.04540321230888367
      },
      "observation_dynamics_gap_norm": {
        "count": 4,
        "mean": 0.11715079843997955,
        "min": 0.0797753632068634,
        "p25": 0.09068461507558823,
        "p50": 0.10498890280723572,
        "p75": 0.13145507872104645,
        "p95": 0.16937102377414703,
        "max": 0.17885002493858337
      },
      "applied_residual_norm": {
        "count": 4,
        "mean": 0.0,
        "min": 0.0,
        "p25": 0.0,
        "p50": 0.0,
        "p75": 0.0,
        "p95": 0.0,
        "max": 0.0
      },
      "alpha": {
        "count": 4,
        "mean": 1.9999999494757503e-05,
        "min": 1.9999999494757503e-05,
        "p25": 1.9999999494757503e-05,
        "p50": 1.9999999494757503e-05,
        "p75": 1.9999999494757503e-05,
        "p95": 1.9999999494757503e-05,
        "max": 1.9999999494757503e-05
      },
      "num_points_in_search": {
        "count": 4,
        "mean": 7.0,
        "min": 7.0,
        "p25": 7.0,
        "p50": 7.0,
        "p75": 7.0,
        "p95": 7.0,
        "max": 7.0
      }
    },
    "0.49932": {
      "observation_error_norm": {
        "count": 4,
        "mean": 0.21509163081645966,
        "min": 0.17599046230316162,
        "p25": 0.18095499277114868,
        "p50": 0.21118801832199097,
        "p75": 0.24532467126846313,
        "p95": 0.25866496562957764,
        "max": 0.26200002431869507
      },
      "dynamics_error_norm": {
        "count": 4,
        "mean": 0.0368521586060524,
        "min": 0.03562197461724281,
        "p25": 0.03600629046559334,
        "p50": 0.03697441518306732,
        "p75": 0.03782028704881668,
        "p95": 0.03783433139324188,
        "max": 0.03783784061670303
      },
      "observation_dynamics_gap_norm": {
        "count": 4,
        "mean": 0.19532524049282074,
        "min": 0.15304511785507202,
        "p25": 0.16495373845100403,
        "p50": 0.19407927989959717,
        "p75": 0.22445079684257507,
        "p95": 0.236967995762825,
        "max": 0.2400972992181778
      },
      "applied_residual_norm": {
        "count": 4,
        "mean": 0.0,
        "min": 0.0,
        "p25": 0.0,
        "p50": 0.0,
        "p75": 0.0,
        "p95": 0.0,
        "max": 0.0
      },
      "alpha": {
        "count": 4,
        "mean": 1.9999999494757503e-05,
        "min": 1.9999999494757503e-05,
        "p25": 1.9999999494757503e-05,
        "p50": 1.9999999494757503e-05,
        "p75": 1.9999999494757503e-05,
        "p95": 1.9999999494757503e-05,
        "max": 1.9999999494757503e-05
      },
      "num_points_in_search": {
        "count": 4,
        "mean": 14.0,
        "min": 14.0,
        "p25": 14.0,
        "p50": 14.0,
        "p75": 14.0,
        "p95": 14.0,
        "max": 14.0
      }
    },
    "0.499322": {
      "observation_error_norm": {
        "count": 4,
        "mean": 0.11631213128566742,
        "min": 0.10494811832904816,
        "p25": 0.1137268990278244,
        "p50": 0.11846457421779633,
        "p75": 0.12104981392621994,
        "p95": 0.12290699034929276,
        "max": 0.12337128072977066
      },
      "dynamics_error_norm": {
        "count": 4,
        "mean": 0.08717161417007446,
        "min": 0.085821732878685,
        "p25": 0.0862094983458519,
        "p50": 0.08714726567268372,
        "p75": 0.08810938894748688,
        "p95": 0.08847802877426147,
        "max": 0.08857018500566483
      },
      "observation_dynamics_gap_norm": {
        "count": 4,
        "mean": 0.13440130650997162,
        "min": 0.08523114770650864,
        "p25": 0.08613358438014984,
        "p50": 0.13084538280963898,
        "p75": 0.17911310493946075,
        "p95": 0.18836930394172668,
        "max": 0.19068334996700287
      },
      "applied_residual_norm": {
        "count": 4,
        "mean": 0.0,
        "min": 0.0,
        "p25": 0.0,
        "p50": 0.0,
        "p75": 0.0,
        "p95": 0.0,
        "max": 0.0
      },
      "alpha": {
        "count": 4,
        "mean": 1.9999999494757503e-05,
        "min": 1.9999999494757503e-05,
        "p25": 1.9999999494757503e-05,
        "p50": 1.9999999494757503e-05,
        "p75": 1.9999999494757503e-05,
        "p95": 1.9999999494757503e-05,
        "max": 1.9999999494757503e-05
      },
      "num_points_in_search": {
        "count": 4,
        "mean": 9.0,
        "min": 9.0,
        "p25": 9.0,
        "p50": 9.0,
        "p75": 9.0,
        "p95": 9.0,
        "max": 9.0
      }
    },
    "0.499882": {
      "observation_error_norm": {
        "count": 4,
        "mean": 0.12036997079849243,
        "min": 0.09436548501253128,
        "p25": 0.10636006295681,
        "p50": 0.12215890735387802,
        "p75": 0.13616882264614105,
        "p95": 0.14147105813026428,
        "max": 0.1427966207265854
      },
      "dynamics_error_norm": {
        "count": 4,
        "mean": 0.08831687271595001,
        "min": 0.08719227463006973,
        "p25": 0.08729816228151321,
        "p50": 0.08797095715999603,
        "p75": 0.08898966759443283,
        "p95": 0.08990459144115448,
        "max": 0.09013332426548004
      },
      "observation_dynamics_gap_norm": {
        "count": 4,
        "mean": 0.10359105467796326,
        "min": 0.08535133302211761,
        "p25": 0.09861892461776733,
        "p50": 0.107290118932724,
        "p75": 0.11226224154233932,
        "p95": 0.11399853974580765,
        "max": 0.11443261802196503
      },
      "applied_residual_norm": {
        "count": 4,
        "mean": 0.0,
        "min": 0.0,
        "p25": 0.0,
        "p50": 0.0,
        "p75": 0.0,
        "p95": 0.0,
        "max": 0.0
      },
      "alpha": {
        "count": 4,
        "mean": 1.9999999494757503e-05,
        "min": 1.9999999494757503e-05,
        "p25": 1.9999999494757503e-05,
        "p50": 1.9999999494757503e-05,
        "p75": 1.9999999494757503e-05,
        "p95": 1.9999999494757503e-05,
        "max": 1.9999999494757503e-05
      },
      "num_points_in_search": {
        "count": 4,
        "mean": 10.0,
        "min": 10.0,
        "p25": 10.0,
        "p50": 10.0,
        "p75": 10.0,
        "p95": 10.0,
        "max": 10.0
      }
    },
    "0.500444": {
      "observation_error_norm": {
        "count": 4,
        "mean": 0.11831769347190857,
        "min": 0.11329438537359238,
        "p25": 0.11444415152072906,
        "p50": 0.11717167496681213,
        "p75": 0.12104522436857224,
        "p95": 0.12471550703048706,
        "max": 0.12563307583332062
      },
      "dynamics_error_norm": {
        "count": 4,
        "mean": 0.03730041906237602,
        "min": 0.03559020161628723,
        "p25": 0.03703856095671654,
        "p50": 0.03753150999546051,
        "p75": 0.037793368101119995,
        "p95": 0.03839743509888649,
        "max": 0.03854845091700554
      },
      "observation_dynamics_gap_norm": {
        "count": 4,
        "mean": 0.11863092333078384,
        "min": 0.11325311660766602,
        "p25": 0.11532170325517654,
        "p50": 0.11852794885635376,
        "p75": 0.12183717638254166,
        "p95": 0.12373918294906616,
        "max": 0.12421468645334244
      },
      "applied_residual_norm": {
        "count": 4,
        "mean": 0.0,
        "min": 0.0,
        "p25": 0.0,
        "p50": 0.0,
        "p75": 0.0,
        "p95": 0.0,
        "max": 0.0
      },
      "alpha": {
        "count": 4,
        "mean": 1.9999999494757503e-05,
        "min": 1.9999999494757503e-05,
        "p25": 1.9999999494757503e-05,
        "p50": 1.9999999494757503e-05,
        "p75": 1.9999999494757503e-05,
        "p95": 1.9999999494757503e-05,
        "max": 1.9999999494757503e-05
      },
      "num_points_in_search": {
        "count": 4,
        "mean": 1.0,
        "min": 1.0,
        "p25": 1.0,
        "p50": 1.0,
        "p75": 1.0,
        "p95": 1.0,
        "max": 1.0
      }
    },
    "0.550186": {
      "observation_error_norm": {
        "count": 4,
        "mean": 0.12513726949691772,
        "min": 0.09862467646598816,
        "p25": 0.10497403144836426,
        "p50": 0.11428888142108917,
        "p75": 0.13445211946964264,
        "p95": 0.16556772589683533,
        "max": 0.1733466386795044
      },
      "dynamics_error_norm": {
        "count": 4,
        "mean": 0.11239337921142578,
        "min": 0.11103004217147827,
        "p25": 0.1121579110622406,
        "p50": 0.11258567124605179,
        "p75": 0.11282113939523697,
        "p95": 0.11326193064451218,
        "max": 0.11337213218212128
      },
      "observation_dynamics_gap_norm": {
        "count": 4,
        "mean": 0.11885019391775131,
        "min": 0.06737896800041199,
        "p25": 0.0725192129611969,
        "p50": 0.08634985983371735,
        "p75": 0.13268084824085236,
        "p95": 0.2147938311100006,
        "max": 0.23532208800315857
      },
      "applied_residual_norm": {
        "count": 4,
        "mean": 0.0,
        "min": 0.0,
        "p25": 0.0,
        "p50": 0.0,
        "p75": 0.0,
        "p95": 0.0,
        "max": 0.0
      },
      "alpha": {
        "count": 4,
        "mean": 1.9999999494757503e-05,
        "min": 1.9999999494757503e-05,
        "p25": 1.9999999494757503e-05,
        "p50": 1.9999999494757503e-05,
        "p75": 1.9999999494757503e-05,
        "p95": 1.9999999494757503e-05,
        "max": 1.9999999494757503e-05
      },
      "num_points_in_search": {
        "count": 4,
        "mean": 9.0,
        "min": 9.0,
        "p25": 9.0,
        "p50": 9.0,
        "p75": 9.0,
        "p95": 9.0,
        "max": 9.0
      }
    }
  },
  "completed_steps": 2,
  "weights": "output/20260531-2322-seqtrack3d_nuscenes_a1_order-ct_a1_order_car_60ep_bs16_gpu1/lightning_logs/version_0/checkpoints/last.ckpt",
  "weight_load_report": {
    "path": "output/20260531-2322-seqtrack3d_nuscenes_a1_order-ct_a1_order_car_60ep_bs16_gpu1/lightning_logs/version_0/checkpoints/last.ckpt",
    "selected_prefix_strip": "none",
    "checkpoint_key_count": 320,
    "matched_key_count": 320,
    "missing_key_count": 14,
    "unexpected_key_count": 0
  },
  "optimizer_step_applied": false,
  "dynamics_warmup_epoch": 5,
  "configured_max_residual_norm": 0.020000000000000004,
  "gate_output_bias": {
    "count": 1,
    "mean": -9.210240364074707,
    "min": -9.210240364074707,
    "p25": -9.210240364074707,
    "p50": -9.210240364074707,
    "p75": -9.210240364074707,
    "p95": -9.210240364074707,
    "max": -9.210240364074707
  },
  "motion_head_input_dim": 256
}
residual diagnostic summary: output/diagnostics/p0a_standard_warmup_summary.json
