{
  "endpoint_count": 220,
  "current_delta_t": {
    "count": 0,
    "mean": null,
    "min": null,
    "p25": null,
    "p50": null,
    "p75": null,
    "p95": null,
    "max": null
  },
  "displacement_norm": {
    "count": 0,
    "mean": null,
    "min": null,
    "p25": null,
    "p50": null,
    "p75": null,
    "p95": null,
    "max": null
  },
  "modes": {
    "a1_pred_history_cv": {
      "endpoint_count": 220,
      "center_inside_rate": 0.8136363636363636,
      "center_outside_rate": 0.1863636363636364,
      "box_intersection_rate": 0.8272727272727273,
      "all_corners_inside_rate": 0.8,
      "target_visible_endpoint_count": 164,
      "has_target_point_rate": 0.8048780487804879,
      "no_target_point_rate": 0.19512195121951215,
      "target_point_recall": {
        "count": 164,
        "mean": 0.7957225364050775,
        "min": 0.0,
        "p25": 1.0,
        "p50": 1.0,
        "p75": 1.0,
        "p95": 1.0,
        "max": 1.0
      },
      "crop_point_count": {
        "count": 220,
        "mean": 228.95909090909092,
        "min": 0.0,
        "p25": 2.0,
        "p50": 7.0,
        "p75": 101.25,
        "p95": 852.9999999999993,
        "max": 9542.0
      }
    },
    "gt_history_cv": {
      "endpoint_count": 220,
      "center_inside_rate": 1.0,
      "center_outside_rate": 0.0,
      "box_intersection_rate": 1.0,
      "all_corners_inside_rate": 1.0,
      "target_visible_endpoint_count": 164,
      "has_target_point_rate": 1.0,
      "no_target_point_rate": 0.0,
      "target_point_recall": {
        "count": 164,
        "mean": 1.0,
        "min": 1.0,
        "p25": 1.0,
        "p50": 1.0,
        "p75": 1.0,
        "p95": 1.0,
        "max": 1.0
      },
      "crop_point_count": {
        "count": 220,
        "mean": 204.65454545454546,
        "min": 0.0,
        "p25": 2.0,
        "p50": 5.0,
        "p75": 99.0,
        "p95": 1946.3,
        "max": 2726.0
      }
    },
    "previous_a1_pred": {
      "endpoint_count": 220,
      "center_inside_rate": 0.8045454545454546,
      "center_outside_rate": 0.19545454545454544,
      "box_intersection_rate": 0.8272727272727273,
      "all_corners_inside_rate": 0.7545454545454545,
      "target_visible_endpoint_count": 164,
      "has_target_point_rate": 0.8048780487804879,
      "no_target_point_rate": 0.19512195121951215,
      "target_point_recall": {
        "count": 164,
        "mean": 0.793090397545201,
        "min": 0.0,
        "p25": 0.9705069124423963,
        "p50": 1.0,
        "p75": 1.0,
        "p95": 1.0,
        "max": 1.0
      },
      "crop_point_count": {
        "count": 220,
        "mean": 237.85454545454544,
        "min": 0.0,
        "p25": 2.0,
        "p50": 7.0,
        "p75": 120.25,
        "p95": 1040.199999999998,
        "max": 8028.0
      }
    },
    "previous_gt": {
      "endpoint_count": 220,
      "center_inside_rate": 0.9772727272727273,
      "center_outside_rate": 0.022727272727272707,
      "box_intersection_rate": 1.0,
      "all_corners_inside_rate": 0.8681818181818182,
      "target_visible_endpoint_count": 164,
      "has_target_point_rate": 1.0,
      "no_target_point_rate": 0.0,
      "target_point_recall": {
        "count": 164,
        "mean": 0.9976534218469701,
        "min": 0.8666666666666667,
        "p25": 1.0,
        "p50": 1.0,
        "p75": 1.0,
        "p95": 1.0,
        "max": 1.0
      },
      "crop_point_count": {
        "count": 220,
        "mean": 272.9681818181818,
        "min": 0.0,
        "p25": 2.0,
        "p50": 5.0,
        "p75": 120.75,
        "p95": 2664.9999999999995,
        "max": 2919.0
      }
    }
  },
  "delta_t_buckets": {
    "<= 0.5": {
      "previous_gt": {
        "endpoint_count": 134,
        "center_inside_rate": 0.9776119402985075,
        "center_outside_rate": 0.02238805970149249,
        "box_intersection_rate": 1.0,
        "all_corners_inside_rate": 0.8507462686567164,
        "target_visible_endpoint_count": 98,
        "has_target_point_rate": 1.0,
        "no_target_point_rate": 0.0,
        "target_point_recall": {
          "count": 98,
          "mean": 0.9964132093493516,
          "min": 0.8666666666666667,
          "p25": 1.0,
          "p50": 1.0,
          "p75": 1.0,
          "p95": 1.0,
          "max": 1.0
        },
        "crop_point_count": {
          "count": 134,
          "mean": 236.8582089552239,
          "min": 0.0,
          "p25": 1.25,
          "p50": 5.0,
          "p75": 120.75,
          "p95": 2184.3499999999967,
          "max": 2838.0
        }
      },
      "previous_a1_pred": {
        "endpoint_count": 134,
        "center_inside_rate": 0.8059701492537313,
        "center_outside_rate": 0.19402985074626866,
        "box_intersection_rate": 0.8134328358208955,
        "all_corners_inside_rate": 0.7611940298507462,
        "target_visible_endpoint_count": 98,
        "has_target_point_rate": 0.7959183673469388,
        "no_target_point_rate": 0.20408163265306123,
        "target_point_recall": {
          "count": 98,
          "mean": 0.7920223621013615,
          "min": 0.0,
          "p25": 0.9686635944700461,
          "p50": 1.0,
          "p75": 1.0,
          "p95": 1.0,
          "max": 1.0
        },
        "crop_point_count": {
          "count": 134,
          "mean": 236.90298507462686,
          "min": 0.0,
          "p25": 2.0,
          "p50": 7.0,
          "p75": 122.5,
          "p95": 658.949999999998,
          "max": 8028.0
        }
      },
      "gt_history_cv": {
        "endpoint_count": 134,
        "center_inside_rate": 1.0,
        "center_outside_rate": 0.0,
        "box_intersection_rate": 1.0,
        "all_corners_inside_rate": 1.0,
        "target_visible_endpoint_count": 98,
        "has_target_point_rate": 1.0,
        "no_target_point_rate": 0.0,
        "target_point_recall": {
          "count": 98,
          "mean": 1.0,
          "min": 1.0,
          "p25": 1.0,
          "p50": 1.0,
          "p75": 1.0,
          "p95": 1.0,
          "max": 1.0
        },
        "crop_point_count": {
          "count": 134,
          "mean": 174.34328358208955,
          "min": 0.0,
          "p25": 1.25,
          "p50": 5.0,
          "p75": 101.0,
          "p95": 1479.2999999999963,
          "max": 2266.0
        }
      },
      "a1_pred_history_cv": {
        "endpoint_count": 134,
        "center_inside_rate": 0.8134328358208955,
        "center_outside_rate": 0.18656716417910446,
        "box_intersection_rate": 0.8134328358208955,
        "all_corners_inside_rate": 0.8134328358208955,
        "target_visible_endpoint_count": 98,
        "has_target_point_rate": 0.7959183673469388,
        "no_target_point_rate": 0.20408163265306123,
        "target_point_recall": {
          "count": 98,
          "mean": 0.7959183673469388,
          "min": 0.0,
          "p25": 1.0,
          "p50": 1.0,
          "p75": 1.0,
          "p95": 1.0,
          "max": 1.0
        },
        "crop_point_count": {
          "count": 134,
          "mean": 232.30597014925374,
          "min": 0.0,
          "p25": 2.0,
          "p50": 7.0,
          "p75": 107.25,
          "p95": 658.949999999998,
          "max": 9542.0
        }
      }
    },
    "(0.5, 1]": {
      "previous_gt": {
        "endpoint_count": 86,
        "center_inside_rate": 0.9767441860465116,
        "center_outside_rate": 0.023255813953488413,
        "box_intersection_rate": 1.0,
        "all_corners_inside_rate": 0.8953488372093024,
        "target_visible_endpoint_count": 66,
        "has_target_point_rate": 1.0,
        "no_target_point_rate": 0.0,
        "target_point_recall": {
          "count": 66,
          "mean": 0.9994949494949495,
          "min": 0.9666666666666667,
          "p25": 1.0,
          "p50": 1.0,
          "p75": 1.0,
          "p95": 1.0,
          "max": 1.0
        },
        "crop_point_count": {
          "count": 86,
          "mean": 329.2325581395349,
          "min": 0.0,
          "p25": 2.25,
          "p50": 6.0,
          "p75": 115.75,
          "p95": 2746.5,
          "max": 2919.0
        }
      },
      "previous_a1_pred": {
        "endpoint_count": 86,
        "center_inside_rate": 0.8023255813953488,
        "center_outside_rate": 0.19767441860465118,
        "box_intersection_rate": 0.8488372093023255,
        "all_corners_inside_rate": 0.7441860465116279,
        "target_visible_endpoint_count": 66,
        "has_target_point_rate": 0.8181818181818182,
        "no_target_point_rate": 0.18181818181818177,
        "target_point_recall": {
          "count": 66,
          "mean": 0.7946762683557509,
          "min": 0.0,
          "p25": 0.9869565217391304,
          "p50": 1.0,
          "p75": 1.0,
          "p95": 1.0,
          "max": 1.0
        },
        "crop_point_count": {
          "count": 86,
          "mean": 239.3372093023256,
          "min": 0.0,
          "p25": 3.0,
          "p50": 7.0,
          "p75": 109.0,
          "p95": 1127.0,
          "max": 4656.0
        }
      },
      "gt_history_cv": {
        "endpoint_count": 86,
        "center_inside_rate": 1.0,
        "center_outside_rate": 0.0,
        "box_intersection_rate": 1.0,
        "all_corners_inside_rate": 1.0,
        "target_visible_endpoint_count": 66,
        "has_target_point_rate": 1.0,
        "no_target_point_rate": 0.0,
        "target_point_recall": {
          "count": 66,
          "mean": 1.0,
          "min": 1.0,
          "p25": 1.0,
          "p50": 1.0,
          "p75": 1.0,
          "p95": 1.0,
          "max": 1.0
        },
        "crop_point_count": {
          "count": 86,
          "mean": 251.88372093023256,
          "min": 0.0,
          "p25": 2.25,
          "p50": 6.0,
          "p75": 95.25,
          "p95": 1974.5,
          "max": 2726.0
        }
      },
      "a1_pred_history_cv": {
        "endpoint_count": 86,
        "center_inside_rate": 0.813953488372093,
        "center_outside_rate": 0.18604651162790697,
        "box_intersection_rate": 0.8488372093023255,
        "all_corners_inside_rate": 0.7790697674418605,
        "target_visible_endpoint_count": 66,
        "has_target_point_rate": 0.8181818181818182,
        "no_target_point_rate": 0.18181818181818177,
        "target_point_recall": {
          "count": 66,
          "mean": 0.7954317571277686,
          "min": 0.0,
          "p25": 1.0,
          "p50": 1.0,
          "p75": 1.0,
          "p95": 1.0,
          "max": 1.0
        },
        "crop_point_count": {
          "count": 86,
          "mean": 223.74418604651163,
          "min": 0.0,
          "p25": 3.0,
          "p50": 7.0,
          "p75": 95.75,
          "p95": 824.25,
          "max": 4657.0
        }
      }
    }
  },
  "displacement_buckets": {
    "<= 0.5": {
      "previous_gt": {
        "endpoint_count": 151,
        "center_inside_rate": 1.0,
        "center_outside_rate": 0.0,
        "box_intersection_rate": 1.0,
        "all_corners_inside_rate": 1.0,
        "target_visible_endpoint_count": 101,
        "has_target_point_rate": 1.0,
        "no_target_point_rate": 0.0,
        "target_point_recall": {
          "count": 101,
          "mean": 1.0,
          "min": 1.0,
          "p25": 1.0,
          "p50": 1.0,
          "p75": 1.0,
          "p95": 1.0,
          "max": 1.0
        },
        "crop_point_count": {
          "count": 151,
          "mean": 25.920529801324502,
          "min": 0.0,
          "p25": 1.0,
          "p50": 3.0,
          "p75": 9.0,
          "p95": 179.5,
          "max": 266.0
        }
      },
      "previous_a1_pred": {
        "endpoint_count": 151,
        "center_inside_rate": 1.0,
        "center_outside_rate": 0.0,
        "box_intersection_rate": 1.0,
        "all_corners_inside_rate": 1.0,
        "target_visible_endpoint_count": 101,
        "has_target_point_rate": 1.0,
        "no_target_point_rate": 0.0,
        "target_point_recall": {
          "count": 101,
          "mean": 1.0,
          "min": 1.0,
          "p25": 1.0,
          "p50": 1.0,
          "p75": 1.0,
          "p95": 1.0,
          "max": 1.0
        },
        "crop_point_count": {
          "count": 151,
          "mean": 28.443708609271525,
          "min": 0.0,
          "p25": 1.5,
          "p50": 4.0,
          "p75": 10.0,
          "p95": 192.5,
          "max": 307.0
        }
      },
      "gt_history_cv": {
        "endpoint_count": 151,
        "center_inside_rate": 1.0,
        "center_outside_rate": 0.0,
        "box_intersection_rate": 1.0,
        "all_corners_inside_rate": 1.0,
        "target_visible_endpoint_count": 101,
        "has_target_point_rate": 1.0,
        "no_target_point_rate": 0.0,
        "target_point_recall": {
          "count": 101,
          "mean": 1.0,
          "min": 1.0,
          "p25": 1.0,
          "p50": 1.0,
          "p75": 1.0,
          "p95": 1.0,
          "max": 1.0
        },
        "crop_point_count": {
          "count": 151,
          "mean": 25.91390728476821,
          "min": 0.0,
          "p25": 1.0,
          "p50": 3.0,
          "p75": 9.0,
          "p95": 179.5,
          "max": 266.0
        }
      },
      "a1_pred_history_cv": {
        "endpoint_count": 151,
        "center_inside_rate": 1.0,
        "center_outside_rate": 0.0,
        "box_intersection_rate": 1.0,
        "all_corners_inside_rate": 1.0,
        "target_visible_endpoint_count": 101,
        "has_target_point_rate": 1.0,
        "no_target_point_rate": 0.0,
        "target_point_recall": {
          "count": 101,
          "mean": 1.0,
          "min": 1.0,
          "p25": 1.0,
          "p50": 1.0,
          "p75": 1.0,
          "p95": 1.0,
          "max": 1.0
        },
        "crop_point_count": {
          "count": 151,
          "mean": 28.543046357615893,
          "min": 0.0,
          "p25": 2.0,
          "p50": 4.0,
          "p75": 10.0,
          "p95": 192.5,
          "max": 307.0
        }
      }
    },
    "(0.5, 1]": {
      "previous_gt": {
        "endpoint_count": 2,
        "center_inside_rate": 1.0,
        "center_outside_rate": 0.0,
        "box_intersection_rate": 1.0,
        "all_corners_inside_rate": 1.0,
        "target_visible_endpoint_count": 2,
        "has_target_point_rate": 1.0,
        "no_target_point_rate": 0.0,
        "target_point_recall": {
          "count": 2,
          "mean": 1.0,
          "min": 1.0,
          "p25": 1.0,
          "p50": 1.0,
          "p75": 1.0,
          "p95": 1.0,
          "max": 1.0
        },
        "crop_point_count": {
          "count": 2,
          "mean": 1431.5,
          "min": 70.0,
          "p25": 750.75,
          "p50": 1431.5,
          "p75": 2112.25,
          "p95": 2656.85,
          "max": 2793.0
        }
      },
      "previous_a1_pred": {
        "endpoint_count": 2,
        "center_inside_rate": 0.5,
        "center_outside_rate": 0.5,
        "box_intersection_rate": 0.5,
        "all_corners_inside_rate": 0.5,
        "target_visible_endpoint_count": 2,
        "has_target_point_rate": 0.5,
        "no_target_point_rate": 0.5,
        "target_point_recall": {
          "count": 2,
          "mean": 0.5,
          "min": 0.0,
          "p25": 0.25,
          "p50": 0.5,
          "p75": 0.75,
          "p95": 0.95,
          "max": 1.0
        },
        "crop_point_count": {
          "count": 2,
          "mean": 129.5,
          "min": 71.0,
          "p25": 100.25,
          "p50": 129.5,
          "p75": 158.75,
          "p95": 182.15,
          "max": 188.0
        }
      },
      "gt_history_cv": {
        "endpoint_count": 2,
        "center_inside_rate": 1.0,
        "center_outside_rate": 0.0,
        "box_intersection_rate": 1.0,
        "all_corners_inside_rate": 1.0,
        "target_visible_endpoint_count": 2,
        "has_target_point_rate": 1.0,
        "no_target_point_rate": 0.0,
        "target_point_recall": {
          "count": 2,
          "mean": 1.0,
          "min": 1.0,
          "p25": 1.0,
          "p50": 1.0,
          "p75": 1.0,
          "p95": 1.0,
          "max": 1.0
        },
        "crop_point_count": {
          "count": 2,
          "mean": 1397.5,
          "min": 69.0,
          "p25": 733.25,
          "p50": 1397.5,
          "p75": 2061.75,
          "p95": 2593.15,
          "max": 2726.0
        }
      },
      "a1_pred_history_cv": {
        "endpoint_count": 2,
        "center_inside_rate": 0.5,
        "center_outside_rate": 0.5,
        "box_intersection_rate": 0.5,
        "all_corners_inside_rate": 0.5,
        "target_visible_endpoint_count": 2,
        "has_target_point_rate": 0.5,
        "no_target_point_rate": 0.5,
        "target_point_recall": {
          "count": 2,
          "mean": 0.5,
          "min": 0.0,
          "p25": 0.25,
          "p50": 0.5,
          "p75": 0.75,
          "p95": 0.95,
          "max": 1.0
        },
        "crop_point_count": {
          "count": 2,
          "mean": 129.5,
          "min": 70.0,
          "p25": 99.75,
          "p50": 129.5,
          "p75": 159.25,
          "p95": 183.04999999999998,
          "max": 189.0
        }
      }
    },
    "(1, 2]": {
      "previous_gt": {
        "endpoint_count": 34,
        "center_inside_rate": 1.0,
        "center_outside_rate": 0.0,
        "box_intersection_rate": 1.0,
        "all_corners_inside_rate": 1.0,
        "target_visible_endpoint_count": 34,
        "has_target_point_rate": 1.0,
        "no_target_point_rate": 0.0,
        "target_point_recall": {
          "count": 34,
          "mean": 1.0,
          "min": 1.0,
          "p25": 1.0,
          "p50": 1.0,
          "p75": 1.0,
          "p95": 1.0,
          "max": 1.0
        },
        "crop_point_count": {
          "count": 34,
          "mean": 1484.1176470588234,
          "min": 87.0,
          "p25": 307.25,
          "p50": 1263.5,
          "p75": 2703.5,
          "p95": 2845.0,
          "max": 2919.0
        }
      },
      "previous_a1_pred": {
        "endpoint_count": 34,
        "center_inside_rate": 0.35294117647058826,
        "center_outside_rate": 0.6470588235294117,
        "box_intersection_rate": 0.4117647058823529,
        "all_corners_inside_rate": 0.29411764705882354,
        "target_visible_endpoint_count": 34,
        "has_target_point_rate": 0.4117647058823529,
        "no_target_point_rate": 0.5882352941176471,
        "target_point_recall": {
          "count": 34,
          "mean": 0.3671166777886145,
          "min": 0.0,
          "p25": 0.0,
          "p50": 0.0,
          "p75": 1.0,
          "p95": 1.0,
          "max": 1.0
        },
        "crop_point_count": {
          "count": 34,
          "mean": 1318.2058823529412,
          "min": 91.0,
          "p25": 231.75,
          "p50": 538.5,
          "p75": 1445.75,
          "p95": 4865.299999999998,
          "max": 8028.0
        }
      },
      "gt_history_cv": {
        "endpoint_count": 34,
        "center_inside_rate": 1.0,
        "center_outside_rate": 0.0,
        "box_intersection_rate": 1.0,
        "all_corners_inside_rate": 1.0,
        "target_visible_endpoint_count": 34,
        "has_target_point_rate": 1.0,
        "no_target_point_rate": 0.0,
        "target_point_recall": {
          "count": 34,
          "mean": 1.0,
          "min": 1.0,
          "p25": 1.0,
          "p50": 1.0,
          "p75": 1.0,
          "p95": 1.0,
          "max": 1.0
        },
        "crop_point_count": {
          "count": 34,
          "mean": 1078.0882352941176,
          "min": 61.0,
          "p25": 229.5,
          "p50": 767.0,
          "p75": 1960.25,
          "p95": 2258.2,
          "max": 2492.0
        }
      },
      "a1_pred_history_cv": {
        "endpoint_count": 34,
        "center_inside_rate": 0.35294117647058826,
        "center_outside_rate": 0.6470588235294117,
        "box_intersection_rate": 0.4117647058823529,
        "all_corners_inside_rate": 0.29411764705882354,
        "target_visible_endpoint_count": 34,
        "has_target_point_rate": 0.4117647058823529,
        "no_target_point_rate": 0.5882352941176471,
        "target_point_recall": {
          "count": 34,
          "mean": 0.3676028226597861,
          "min": 0.0,
          "p25": 0.0,
          "p50": 0.0,
          "p75": 1.0,
          "p95": 1.0,
          "max": 1.0
        },
        "crop_point_count": {
          "count": 34,
          "mean": 1293.5,
          "min": 65.0,
          "p25": 187.0,
          "p50": 488.5,
          "p75": 1142.0,
          "p95": 4868.399999999999,
          "max": 9542.0
        }
      }
    },
    "(2, 4]": {
      "previous_gt": {
        "endpoint_count": 25,
        "center_inside_rate": 1.0,
        "center_outside_rate": 0.0,
        "box_intersection_rate": 1.0,
        "all_corners_inside_rate": 0.16,
        "target_visible_endpoint_count": 20,
        "has_target_point_rate": 1.0,
        "no_target_point_rate": 0.0,
        "target_point_recall": {
          "count": 20,
          "mean": 0.9807580591451559,
          "min": 0.8666666666666667,
          "p25": 0.9674731182795699,
          "p50": 1.0,
          "p75": 1.0,
          "p95": 1.0,
          "max": 1.0
        },
        "crop_point_count": {
          "count": 25,
          "mean": 111.56,
          "min": 0.0,
          "p25": 3.0,
          "p50": 61.0,
          "p75": 192.0,
          "p95": 355.5999999999999,
          "max": 369.0
        }
      },
      "previous_a1_pred": {
        "endpoint_count": 25,
        "center_inside_rate": 0.52,
        "center_outside_rate": 0.48,
        "box_intersection_rate": 0.56,
        "all_corners_inside_rate": 0.16,
        "target_visible_endpoint_count": 20,
        "has_target_point_rate": 0.7,
        "no_target_point_rate": 0.30000000000000004,
        "target_point_recall": {
          "count": 20,
          "mean": 0.6792429076300044,
          "min": 0.0,
          "p25": 0.0,
          "p50": 0.9606060606060607,
          "p75": 1.0,
          "p95": 1.0,
          "max": 1.0
        },
        "crop_point_count": {
          "count": 25,
          "mean": 115.76,
          "min": 0.0,
          "p25": 2.0,
          "p50": 62.0,
          "p75": 192.0,
          "p95": 370.5999999999999,
          "max": 421.0
        }
      },
      "gt_history_cv": {
        "endpoint_count": 25,
        "center_inside_rate": 1.0,
        "center_outside_rate": 0.0,
        "box_intersection_rate": 1.0,
        "all_corners_inside_rate": 1.0,
        "target_visible_endpoint_count": 20,
        "has_target_point_rate": 1.0,
        "no_target_point_rate": 0.0,
        "target_point_recall": {
          "count": 20,
          "mean": 1.0,
          "min": 1.0,
          "p25": 1.0,
          "p50": 1.0,
          "p75": 1.0,
          "p95": 1.0,
          "max": 1.0
        },
        "crop_point_count": {
          "count": 25,
          "mean": 65.56,
          "min": 0.0,
          "p25": 2.0,
          "p50": 46.0,
          "p75": 102.0,
          "p95": 206.2,
          "max": 209.0
        }
      },
      "a1_pred_history_cv": {
        "endpoint_count": 25,
        "center_inside_rate": 0.52,
        "center_outside_rate": 0.48,
        "box_intersection_rate": 0.56,
        "all_corners_inside_rate": 0.48,
        "target_visible_endpoint_count": 20,
        "has_target_point_rate": 0.7,
        "no_target_point_rate": 0.30000000000000004,
        "target_point_recall": {
          "count": 20,
          "mean": 0.7,
          "min": 0.0,
          "p25": 0.0,
          "p50": 1.0,
          "p75": 1.0,
          "p95": 1.0,
          "max": 1.0
        },
        "crop_point_count": {
          "count": 25,
          "mean": 70.72,
          "min": 0.0,
          "p25": 5.0,
          "p50": 43.0,
          "p75": 96.0,
          "p95": 224.39999999999995,
          "max": 228.0
        }
      }
    },
    "> 4": {
      "previous_gt": {
        "endpoint_count": 8,
        "center_inside_rate": 0.375,
        "center_outside_rate": 0.625,
        "box_intersection_rate": 1.0,
        "all_corners_inside_rate": 0.0,
        "target_visible_endpoint_count": 7,
        "has_target_point_rate": 1.0,
        "no_target_point_rate": 0.0,
        "target_point_recall": {
          "count": 7,
          "mean": 1.0,
          "min": 1.0,
          "p25": 1.0,
          "p50": 1.0,
          "p75": 1.0,
          "p95": 1.0,
          "max": 1.0
        },
        "crop_point_count": {
          "count": 8,
          "mean": 3.375,
          "min": 0.0,
          "p25": 1.0,
          "p50": 1.5,
          "p75": 3.75,
          "p95": 10.299999999999999,
          "max": 11.0
        }
      },
      "previous_a1_pred": {
        "endpoint_count": 8,
        "center_inside_rate": 0.0,
        "center_outside_rate": 1.0,
        "box_intersection_rate": 0.25,
        "all_corners_inside_rate": 0.0,
        "target_visible_endpoint_count": 7,
        "has_target_point_rate": 0.2857142857142857,
        "no_target_point_rate": 0.7142857142857143,
        "target_point_recall": {
          "count": 7,
          "mean": 0.2857142857142857,
          "min": 0.0,
          "p25": 0.0,
          "p50": 0.0,
          "p75": 0.5,
          "p95": 1.0,
          "max": 1.0
        },
        "crop_point_count": {
          "count": 8,
          "mean": 7.625,
          "min": 0.0,
          "p25": 5.25,
          "p50": 8.5,
          "p75": 11.5,
          "p95": 13.0,
          "max": 13.0
        }
      },
      "gt_history_cv": {
        "endpoint_count": 8,
        "center_inside_rate": 1.0,
        "center_outside_rate": 0.0,
        "box_intersection_rate": 1.0,
        "all_corners_inside_rate": 1.0,
        "target_visible_endpoint_count": 7,
        "has_target_point_rate": 1.0,
        "no_target_point_rate": 0.0,
        "target_point_recall": {
          "count": 7,
          "mean": 1.0,
          "min": 1.0,
          "p25": 1.0,
          "p50": 1.0,
          "p75": 1.0,
          "p95": 1.0,
          "max": 1.0
        },
        "crop_point_count": {
          "count": 8,
          "mean": 2.75,
          "min": 0.0,
          "p25": 1.0,
          "p50": 1.5,
          "p75": 3.75,
          "p95": 7.299999999999999,
          "max": 8.0
        }
      },
      "a1_pred_history_cv": {
        "endpoint_count": 8,
        "center_inside_rate": 0.25,
        "center_outside_rate": 0.75,
        "box_intersection_rate": 0.25,
        "all_corners_inside_rate": 0.25,
        "target_visible_endpoint_count": 7,
        "has_target_point_rate": 0.2857142857142857,
        "no_target_point_rate": 0.7142857142857143,
        "target_point_recall": {
          "count": 7,
          "mean": 0.2857142857142857,
          "min": 0.0,
          "p25": 0.0,
          "p50": 0.0,
          "p75": 0.5,
          "p95": 1.0,
          "max": 1.0
        },
        "crop_point_count": {
          "count": 8,
          "mean": 6.875,
          "min": 0.0,
          "p25": 6.0,
          "p50": 8.0,
          "p75": 9.0,
          "p95": 11.599999999999998,
          "max": 13.0
        }
      }
    }
  },
  "target_point_buckets": {
    "(0, 5]": {
      "previous_gt": {
        "endpoint_count": 68,
        "center_inside_rate": 0.9264705882352942,
        "center_outside_rate": 0.07352941176470584,
        "box_intersection_rate": 1.0,
        "all_corners_inside_rate": 0.7941176470588235,
        "target_visible_endpoint_count": 68,
        "has_target_point_rate": 1.0,
        "no_target_point_rate": 0.0,
        "target_point_recall": {
          "count": 68,
          "mean": 1.0,
          "min": 1.0,
          "p25": 1.0,
          "p50": 1.0,
          "p75": 1.0,
          "p95": 1.0,
          "max": 1.0
        },
        "crop_point_count": {
          "count": 68,
          "mean": 4.647058823529412,
          "min": 1.0,
          "p25": 2.0,
          "p50": 3.0,
          "p75": 5.0,
          "p95": 16.65,
          "max": 43.0
        }
      },
      "previous_a1_pred": {
        "endpoint_count": 68,
        "center_inside_rate": 0.7941176470588235,
        "center_outside_rate": 0.20588235294117652,
        "box_intersection_rate": 0.8382352941176471,
        "all_corners_inside_rate": 0.7941176470588235,
        "target_visible_endpoint_count": 68,
        "has_target_point_rate": 0.8382352941176471,
        "no_target_point_rate": 0.16176470588235292,
        "target_point_recall": {
          "count": 68,
          "mean": 0.8382352941176471,
          "min": 0.0,
          "p25": 1.0,
          "p50": 1.0,
          "p75": 1.0,
          "p95": 1.0,
          "max": 1.0
        },
        "crop_point_count": {
          "count": 68,
          "mean": 5.897058823529412,
          "min": 0.0,
          "p25": 2.0,
          "p50": 3.0,
          "p75": 6.0,
          "p95": 19.949999999999996,
          "max": 50.0
        }
      },
      "gt_history_cv": {
        "endpoint_count": 68,
        "center_inside_rate": 1.0,
        "center_outside_rate": 0.0,
        "box_intersection_rate": 1.0,
        "all_corners_inside_rate": 1.0,
        "target_visible_endpoint_count": 68,
        "has_target_point_rate": 1.0,
        "no_target_point_rate": 0.0,
        "target_point_recall": {
          "count": 68,
          "mean": 1.0,
          "min": 1.0,
          "p25": 1.0,
          "p50": 1.0,
          "p75": 1.0,
          "p95": 1.0,
          "max": 1.0
        },
        "crop_point_count": {
          "count": 68,
          "mean": 4.279411764705882,
          "min": 1.0,
          "p25": 2.0,
          "p50": 3.0,
          "p75": 5.0,
          "p95": 16.0,
          "max": 26.0
        }
      },
      "a1_pred_history_cv": {
        "endpoint_count": 68,
        "center_inside_rate": 0.8235294117647058,
        "center_outside_rate": 0.17647058823529416,
        "box_intersection_rate": 0.8382352941176471,
        "all_corners_inside_rate": 0.8235294117647058,
        "target_visible_endpoint_count": 68,
        "has_target_point_rate": 0.8382352941176471,
        "no_target_point_rate": 0.16176470588235292,
        "target_point_recall": {
          "count": 68,
          "mean": 0.8382352941176471,
          "min": 0.0,
          "p25": 1.0,
          "p50": 1.0,
          "p75": 1.0,
          "p95": 1.0,
          "max": 1.0
        },
        "crop_point_count": {
          "count": 68,
          "mean": 5.161764705882353,
          "min": 0.0,
          "p25": 2.0,
          "p50": 3.5,
          "p75": 6.0,
          "p95": 17.299999999999997,
          "max": 32.0
        }
      }
    },
    "(5, 20]": {
      "previous_gt": {
        "endpoint_count": 33,
        "center_inside_rate": 1.0,
        "center_outside_rate": 0.0,
        "box_intersection_rate": 1.0,
        "all_corners_inside_rate": 0.9090909090909091,
        "target_visible_endpoint_count": 33,
        "has_target_point_rate": 1.0,
        "no_target_point_rate": 0.0,
        "target_point_recall": {
          "count": 33,
          "mean": 0.9959595959595959,
          "min": 0.8666666666666667,
          "p25": 1.0,
          "p50": 1.0,
          "p75": 1.0,
          "p95": 1.0,
          "max": 1.0
        },
        "crop_point_count": {
          "count": 33,
          "mean": 36.81818181818182,
          "min": 6.0,
          "p25": 8.0,
          "p50": 11.0,
          "p75": 61.0,
          "p95": 136.99999999999997,
          "max": 160.0
        }
      },
      "previous_a1_pred": {
        "endpoint_count": 33,
        "center_inside_rate": 1.0,
        "center_outside_rate": 0.0,
        "box_intersection_rate": 1.0,
        "all_corners_inside_rate": 0.9090909090909091,
        "target_visible_endpoint_count": 33,
        "has_target_point_rate": 1.0,
        "no_target_point_rate": 0.0,
        "target_point_recall": {
          "count": 33,
          "mean": 0.9959595959595959,
          "min": 0.8666666666666667,
          "p25": 1.0,
          "p50": 1.0,
          "p75": 1.0,
          "p95": 1.0,
          "max": 1.0
        },
        "crop_point_count": {
          "count": 33,
          "mean": 36.93939393939394,
          "min": 6.0,
          "p25": 9.0,
          "p50": 11.0,
          "p75": 62.0,
          "p95": 129.99999999999997,
          "max": 158.0
        }
      },
      "gt_history_cv": {
        "endpoint_count": 33,
        "center_inside_rate": 1.0,
        "center_outside_rate": 0.0,
        "box_intersection_rate": 1.0,
        "all_corners_inside_rate": 1.0,
        "target_visible_endpoint_count": 33,
        "has_target_point_rate": 1.0,
        "no_target_point_rate": 0.0,
        "target_point_recall": {
          "count": 33,
          "mean": 1.0,
          "min": 1.0,
          "p25": 1.0,
          "p50": 1.0,
          "p75": 1.0,
          "p95": 1.0,
          "max": 1.0
        },
        "crop_point_count": {
          "count": 33,
          "mean": 29.21212121212121,
          "min": 6.0,
          "p25": 8.0,
          "p50": 11.0,
          "p75": 46.0,
          "p95": 96.59999999999997,
          "max": 113.0
        }
      },
      "a1_pred_history_cv": {
        "endpoint_count": 33,
        "center_inside_rate": 1.0,
        "center_outside_rate": 0.0,
        "box_intersection_rate": 1.0,
        "all_corners_inside_rate": 0.9696969696969697,
        "target_visible_endpoint_count": 33,
        "has_target_point_rate": 1.0,
        "no_target_point_rate": 0.0,
        "target_point_recall": {
          "count": 33,
          "mean": 1.0,
          "min": 1.0,
          "p25": 1.0,
          "p50": 1.0,
          "p75": 1.0,
          "p95": 1.0,
          "max": 1.0
        },
        "crop_point_count": {
          "count": 33,
          "mean": 30.96969696969697,
          "min": 6.0,
          "p25": 9.0,
          "p50": 11.0,
          "p75": 43.0,
          "p95": 101.99999999999997,
          "max": 116.0
        }
      }
    },
    "<= 0": {
      "previous_gt": {
        "endpoint_count": 56,
        "center_inside_rate": 1.0,
        "center_outside_rate": 0.0,
        "box_intersection_rate": 1.0,
        "all_corners_inside_rate": 0.8928571428571429,
        "target_visible_endpoint_count": 0,
        "has_target_point_rate": null,
        "no_target_point_rate": null,
        "target_point_recall": {
          "count": 0,
          "mean": null,
          "min": null,
          "p25": null,
          "p50": null,
          "p75": null,
          "p95": null,
          "max": null
        },
        "crop_point_count": {
          "count": 56,
          "mean": 3.5535714285714284,
          "min": 0.0,
          "p25": 0.0,
          "p50": 0.0,
          "p75": 2.0,
          "p95": 5.0,
          "max": 136.0
        }
      },
      "previous_a1_pred": {
        "endpoint_count": 56,
        "center_inside_rate": 0.8928571428571429,
        "center_outside_rate": 0.1071428571428571,
        "box_intersection_rate": 0.8928571428571429,
        "all_corners_inside_rate": 0.8928571428571429,
        "target_visible_endpoint_count": 0,
        "has_target_point_rate": null,
        "no_target_point_rate": null,
        "target_point_recall": {
          "count": 0,
          "mean": null,
          "min": null,
          "p25": null,
          "p50": null,
          "p75": null,
          "p95": null,
          "max": null
        },
        "crop_point_count": {
          "count": 56,
          "mean": 4.767857142857143,
          "min": 0.0,
          "p25": 0.0,
          "p50": 1.0,
          "p75": 3.0,
          "p95": 6.75,
          "max": 168.0
        }
      },
      "gt_history_cv": {
        "endpoint_count": 56,
        "center_inside_rate": 1.0,
        "center_outside_rate": 0.0,
        "box_intersection_rate": 1.0,
        "all_corners_inside_rate": 1.0,
        "target_visible_endpoint_count": 0,
        "has_target_point_rate": null,
        "no_target_point_rate": null,
        "target_point_recall": {
          "count": 0,
          "mean": null,
          "min": null,
          "p25": null,
          "p50": null,
          "p75": null,
          "p95": null,
          "max": null
        },
        "crop_point_count": {
          "count": 56,
          "mean": 3.5714285714285716,
          "min": 0.0,
          "p25": 0.0,
          "p50": 0.0,
          "p75": 2.0,
          "p95": 5.0,
          "max": 136.0
        }
      },
      "a1_pred_history_cv": {
        "endpoint_count": 56,
        "center_inside_rate": 0.8928571428571429,
        "center_outside_rate": 0.1071428571428571,
        "box_intersection_rate": 0.8928571428571429,
        "all_corners_inside_rate": 0.8928571428571429,
        "target_visible_endpoint_count": 0,
        "has_target_point_rate": null,
        "no_target_point_rate": null,
        "target_point_recall": {
          "count": 0,
          "mean": null,
          "min": null,
          "p25": null,
          "p50": null,
          "p75": null,
          "p95": null,
          "max": null
        },
        "crop_point_count": {
          "count": 56,
          "mean": 4.946428571428571,
          "min": 0.0,
          "p25": 0.0,
          "p50": 1.0,
          "p75": 3.0,
          "p95": 6.75,
          "max": 172.0
        }
      }
    },
    "> 20": {
      "previous_gt": {
        "endpoint_count": 63,
        "center_inside_rate": 1.0,
        "center_outside_rate": 0.0,
        "box_intersection_rate": 1.0,
        "all_corners_inside_rate": 0.9047619047619048,
        "target_visible_endpoint_count": 63,
        "has_target_point_rate": 1.0,
        "no_target_point_rate": 0.0,
        "target_point_recall": {
          "count": 63,
          "mean": 0.9960078494640706,
          "min": 0.9393939393939394,
          "p25": 1.0,
          "p50": 1.0,
          "p75": 1.0,
          "p95": 1.0,
          "max": 1.0
        },
        "crop_point_count": {
          "count": 63,
          "mean": 925.7619047619048,
          "min": 38.0,
          "p25": 146.5,
          "p50": 268.0,
          "p75": 1725.0,
          "p95": 2827.8,
          "max": 2919.0
        }
      },
      "previous_a1_pred": {
        "endpoint_count": 63,
        "center_inside_rate": 0.6349206349206349,
        "center_outside_rate": 0.3650793650793651,
        "box_intersection_rate": 0.6666666666666666,
        "all_corners_inside_rate": 0.5079365079365079,
        "target_visible_endpoint_count": 63,
        "has_target_point_rate": 0.6666666666666666,
        "no_target_point_rate": 0.33333333333333337,
        "target_point_recall": {
          "count": 63,
          "mean": 0.6380977544562908,
          "min": 0.0,
          "p25": 0.0,
          "p50": 1.0,
          "p75": 1.0,
          "p95": 1.0,
          "max": 1.0
        },
        "crop_point_count": {
          "count": 63,
          "mean": 800.6507936507936,
          "min": 38.0,
          "p25": 152.0,
          "p50": 258.0,
          "p75": 604.5,
          "p95": 3795.0999999999995,
          "max": 8028.0
        }
      },
      "gt_history_cv": {
        "endpoint_count": 63,
        "center_inside_rate": 1.0,
        "center_outside_rate": 0.0,
        "box_intersection_rate": 1.0,
        "all_corners_inside_rate": 1.0,
        "target_visible_endpoint_count": 63,
        "has_target_point_rate": 1.0,
        "no_target_point_rate": 0.0,
        "target_point_recall": {
          "count": 63,
          "mean": 1.0,
          "min": 1.0,
          "p25": 1.0,
          "p50": 1.0,
          "p75": 1.0,
          "p95": 1.0,
          "max": 1.0
        },
        "crop_point_count": {
          "count": 63,
          "mean": 691.5714285714286,
          "min": 38.0,
          "p25": 132.5,
          "p50": 219.0,
          "p75": 1112.5,
          "p95": 2244.3999999999996,
          "max": 2726.0
        }
      },
      "a1_pred_history_cv": {
        "endpoint_count": 63,
        "center_inside_rate": 0.6349206349206349,
        "center_outside_rate": 0.3650793650793651,
        "box_intersection_rate": 0.6666666666666666,
        "all_corners_inside_rate": 0.6031746031746031,
        "target_visible_endpoint_count": 63,
        "has_target_point_rate": 0.6666666666666666,
        "no_target_point_rate": 0.33333333333333337,
        "target_point_recall": {
          "count": 63,
          "mean": 0.6428332693719481,
          "min": 0.0,
          "p25": 0.0,
          "p50": 1.0,
          "p75": 1.0,
          "p95": 1.0,
          "max": 1.0
        },
        "crop_point_count": {
          "count": 63,
          "mean": 773.3492063492064,
          "min": 38.0,
          "p25": 124.5,
          "p50": 228.0,
          "p75": 575.0,
          "p95": 3820.3999999999996,
          "max": 9542.0
        }
      }
    }
  },
  "mode_extras": {
    "previous_gt": {
      "anchor_error": {
        "count": 220,
        "mean": 0.8365839686621314,
        "min": 0.0,
        "p25": 0.032969641111380225,
        "p50": 0.08912627773533564,
        "p75": 1.3748249531301289,
        "p95": 3.718043635668624,
        "max": 5.788720756782084
      },
      "center_outside_streak": {
        "count": 220,
        "mean": 0.031818181818181815,
        "min": 0.0,
        "p25": 0.0,
        "p50": 0.0,
        "p75": 0.0,
        "p95": 0.0,
        "max": 2.0
      },
      "target_loss_streak": {
        "count": 220,
        "mean": 0.0,
        "min": 0.0,
        "p25": 0.0,
        "p50": 0.0,
        "p75": 0.0,
        "p95": 0.0,
        "max": 0.0
      },
      "available_rate": 1.0
    },
    "previous_a1_pred": {
      "anchor_error": {
        "count": 220,
        "mean": 4.507022278141366,
        "min": 0.041022892816139925,
        "p25": 0.4073335157903258,
        "p50": 0.7726843060014861,
        "p75": 2.365903498710211,
        "p95": 26.403156530665374,
        "max": 49.25053965230137
      },
      "center_outside_streak": {
        "count": 220,
        "mean": 1.6818181818181819,
        "min": 0.0,
        "p25": 0.0,
        "p50": 0.0,
        "p75": 0.0,
        "p95": 12.049999999999983,
        "max": 23.0
      },
      "target_loss_streak": {
        "count": 220,
        "mean": 1.1409090909090909,
        "min": 0.0,
        "p25": 0.0,
        "p50": 0.0,
        "p75": 0.0,
        "p95": 10.049999999999983,
        "max": 21.0
      },
      "available_rate": 1.0
    },
    "gt_history_cv": {
      "anchor_error": {
        "count": 220,
        "mean": 0.13391402568575417,
        "min": 0.0,
        "p25": 0.0025222255036393415,
        "p50": 0.05044900225097746,
        "p75": 0.20314921791724816,
        "p95": 0.49067438830036925,
        "max": 1.5462798688888506
      },
      "center_outside_streak": {
        "count": 220,
        "mean": 0.0,
        "min": 0.0,
        "p25": 0.0,
        "p50": 0.0,
        "p75": 0.0,
        "p95": 0.0,
        "max": 0.0
      },
      "target_loss_streak": {
        "count": 220,
        "mean": 0.0,
        "min": 0.0,
        "p25": 0.0,
        "p50": 0.0,
        "p75": 0.0,
        "p95": 0.0,
        "max": 0.0
      },
      "available_rate": 1.0
    },
    "a1_pred_history_cv": {
      "anchor_error": {
        "count": 220,
        "mean": 4.27913351289041,
        "min": 0.048105861396458234,
        "p25": 0.35621638243133197,
        "p50": 0.6863534860393887,
        "p75": 1.3526396282808002,
        "p95": 26.404355073187,
        "max": 49.23798549009654
      },
      "center_outside_streak": {
        "count": 220,
        "mean": 1.6681818181818182,
        "min": 0.0,
        "p25": 0.0,
        "p50": 0.0,
        "p75": 0.0,
        "p95": 12.049999999999983,
        "max": 23.0
      },
      "target_loss_streak": {
        "count": 220,
        "mean": 1.1409090909090909,
        "min": 0.0,
        "p25": 0.0,
        "p50": 0.0,
        "p75": 0.0,
        "p95": 10.049999999999983,
        "max": 21.0
      },
      "available_rate": 1.0
    }
  },
  "baseline_predictions": {
    "previous_prediction_error": {
      "count": 220,
      "mean": 3.80155791282431,
      "min": 0.029151279802401644,
      "p25": 0.2816413706143334,
      "p50": 0.6233754926656018,
      "p75": 1.2279550355169313,
      "p95": 24.668534112868173,
      "max": 45.24154756875714
    },
    "current_prediction_error": {
      "count": 220,
      "mean": 4.252253727380817,
      "min": 0.04745696783596203,
      "p25": 0.31440007263231606,
      "p50": 0.6501385397074801,
      "p75": 1.3461099507079965,
      "p95": 26.40388934230198,
      "max": 49.21431323857258
    },
    "baseline_search_point_count": {
      "count": 220,
      "mean": 237.85454545454544,
      "min": 0.0,
      "p25": 2.0,
      "p50": 7.0,
      "p75": 120.25,
      "p95": 1040.199999999998,
      "max": 8028.0
    },
    "empty_fallback_rate": 0.17272727272727273,
    "empty_fallback_count": 38
  },
  "previous_prediction_error_buckets": {
    "<= 0.5": {
      "previous_gt": {
        "endpoint_count": 92,
        "center_inside_rate": 0.9782608695652174,
        "center_outside_rate": 0.021739130434782594,
        "box_intersection_rate": 1.0,
        "all_corners_inside_rate": 0.967391304347826,
        "target_visible_endpoint_count": 59,
        "has_target_point_rate": 1.0,
        "no_target_point_rate": 0.0,
        "target_point_recall": {
          "count": 59,
          "mean": 1.0,
          "min": 1.0,
          "p25": 1.0,
          "p50": 1.0,
          "p75": 1.0,
          "p95": 1.0,
          "max": 1.0
        },
        "crop_point_count": {
          "count": 92,
          "mean": 23.380434782608695,
          "min": 0.0,
          "p25": 1.0,
          "p50": 3.5,
          "p75": 9.0,
          "p95": 147.05,
          "max": 236.0
        }
      },
      "previous_a1_pred": {
        "endpoint_count": 92,
        "center_inside_rate": 0.9782608695652174,
        "center_outside_rate": 0.021739130434782594,
        "box_intersection_rate": 1.0,
        "all_corners_inside_rate": 0.967391304347826,
        "target_visible_endpoint_count": 59,
        "has_target_point_rate": 1.0,
        "no_target_point_rate": 0.0,
        "target_point_recall": {
          "count": 59,
          "mean": 1.0,
          "min": 1.0,
          "p25": 1.0,
          "p50": 1.0,
          "p75": 1.0,
          "p95": 1.0,
          "max": 1.0
        },
        "crop_point_count": {
          "count": 92,
          "mean": 23.847826086956523,
          "min": 0.0,
          "p25": 1.0,
          "p50": 3.0,
          "p75": 9.25,
          "p95": 150.30000000000004,
          "max": 231.0
        }
      },
      "gt_history_cv": {
        "endpoint_count": 92,
        "center_inside_rate": 1.0,
        "center_outside_rate": 0.0,
        "box_intersection_rate": 1.0,
        "all_corners_inside_rate": 1.0,
        "target_visible_endpoint_count": 59,
        "has_target_point_rate": 1.0,
        "no_target_point_rate": 0.0,
        "target_point_recall": {
          "count": 59,
          "mean": 1.0,
          "min": 1.0,
          "p25": 1.0,
          "p50": 1.0,
          "p75": 1.0,
          "p95": 1.0,
          "max": 1.0
        },
        "crop_point_count": {
          "count": 92,
          "mean": 18.92391304347826,
          "min": 0.0,
          "p25": 1.0,
          "p50": 3.5,
          "p75": 9.0,
          "p95": 111.9,
          "max": 173.0
        }
      },
      "a1_pred_history_cv": {
        "endpoint_count": 92,
        "center_inside_rate": 1.0,
        "center_outside_rate": 0.0,
        "box_intersection_rate": 1.0,
        "all_corners_inside_rate": 1.0,
        "target_visible_endpoint_count": 59,
        "has_target_point_rate": 1.0,
        "no_target_point_rate": 0.0,
        "target_point_recall": {
          "count": 59,
          "mean": 1.0,
          "min": 1.0,
          "p25": 1.0,
          "p50": 1.0,
          "p75": 1.0,
          "p95": 1.0,
          "max": 1.0
        },
        "crop_point_count": {
          "count": 92,
          "mean": 19.608695652173914,
          "min": 0.0,
          "p25": 1.0,
          "p50": 3.0,
          "p75": 9.0,
          "p95": 113.25000000000001,
          "max": 172.0
        }
      }
    },
    "(0.5, 1]": {
      "previous_gt": {
        "endpoint_count": 56,
        "center_inside_rate": 1.0,
        "center_outside_rate": 0.0,
        "box_intersection_rate": 1.0,
        "all_corners_inside_rate": 0.9107142857142857,
        "target_visible_endpoint_count": 44,
        "has_target_point_rate": 1.0,
        "no_target_point_rate": 0.0,
        "target_point_recall": {
          "count": 44,
          "mean": 0.9941853600944509,
          "min": 0.8666666666666667,
          "p25": 1.0,
          "p50": 1.0,
          "p75": 1.0,
          "p95": 1.0,
          "max": 1.0
        },
        "crop_point_count": {
          "count": 56,
          "mean": 46.42857142857143,
          "min": 0.0,
          "p25": 2.0,
          "p50": 4.0,
          "p75": 24.0,
          "p95": 295.5,
          "max": 377.0
        }
      },
      "previous_a1_pred": {
        "endpoint_count": 56,
        "center_inside_rate": 1.0,
        "center_outside_rate": 0.0,
        "box_intersection_rate": 1.0,
        "all_corners_inside_rate": 0.9107142857142857,
        "target_visible_endpoint_count": 44,
        "has_target_point_rate": 1.0,
        "no_target_point_rate": 0.0,
        "target_point_recall": {
          "count": 44,
          "mean": 0.9934966548602912,
          "min": 0.8666666666666667,
          "p25": 1.0,
          "p50": 1.0,
          "p75": 1.0,
          "p95": 1.0,
          "max": 1.0
        },
        "crop_point_count": {
          "count": 56,
          "mean": 49.5,
          "min": 0.0,
          "p25": 2.0,
          "p50": 5.0,
          "p75": 24.25,
          "p95": 323.25,
          "max": 421.0
        }
      },
      "gt_history_cv": {
        "endpoint_count": 56,
        "center_inside_rate": 1.0,
        "center_outside_rate": 0.0,
        "box_intersection_rate": 1.0,
        "all_corners_inside_rate": 1.0,
        "target_visible_endpoint_count": 44,
        "has_target_point_rate": 1.0,
        "no_target_point_rate": 0.0,
        "target_point_recall": {
          "count": 44,
          "mean": 1.0,
          "min": 1.0,
          "p25": 1.0,
          "p50": 1.0,
          "p75": 1.0,
          "p95": 1.0,
          "max": 1.0
        },
        "crop_point_count": {
          "count": 56,
          "mean": 34.107142857142854,
          "min": 0.0,
          "p25": 2.0,
          "p50": 4.0,
          "p75": 24.0,
          "p95": 204.5,
          "max": 285.0
        }
      },
      "a1_pred_history_cv": {
        "endpoint_count": 56,
        "center_inside_rate": 1.0,
        "center_outside_rate": 0.0,
        "box_intersection_rate": 1.0,
        "all_corners_inside_rate": 0.9821428571428571,
        "target_visible_endpoint_count": 44,
        "has_target_point_rate": 1.0,
        "no_target_point_rate": 0.0,
        "target_point_recall": {
          "count": 44,
          "mean": 1.0,
          "min": 1.0,
          "p25": 1.0,
          "p50": 1.0,
          "p75": 1.0,
          "p95": 1.0,
          "max": 1.0
        },
        "crop_point_count": {
          "count": 56,
          "mean": 37.607142857142854,
          "min": 0.0,
          "p25": 2.0,
          "p50": 5.0,
          "p75": 24.25,
          "p95": 228.0,
          "max": 310.0
        }
      }
    },
    "(1, 2]": {
      "previous_gt": {
        "endpoint_count": 32,
        "center_inside_rate": 1.0,
        "center_outside_rate": 0.0,
        "box_intersection_rate": 1.0,
        "all_corners_inside_rate": 0.875,
        "target_visible_endpoint_count": 27,
        "has_target_point_rate": 1.0,
        "no_target_point_rate": 0.0,
        "target_point_recall": {
          "count": 27,
          "mean": 0.9952224199536027,
          "min": 0.9487179487179487,
          "p25": 1.0,
          "p50": 1.0,
          "p75": 1.0,
          "p95": 1.0,
          "max": 1.0
        },
        "crop_point_count": {
          "count": 32,
          "mean": 155.21875,
          "min": 1.0,
          "p25": 33.25,
          "p50": 131.5,
          "p75": 221.0,
          "p95": 431.9999999999999,
          "max": 602.0
        }
      },
      "previous_a1_pred": {
        "endpoint_count": 32,
        "center_inside_rate": 0.96875,
        "center_outside_rate": 0.03125,
        "box_intersection_rate": 1.0,
        "all_corners_inside_rate": 0.8125,
        "target_visible_endpoint_count": 27,
        "has_target_point_rate": 1.0,
        "no_target_point_rate": 0.0,
        "target_point_recall": {
          "count": 27,
          "mean": 0.9875381996211611,
          "min": 0.8099173553719008,
          "p25": 1.0,
          "p50": 1.0,
          "p75": 1.0,
          "p95": 1.0,
          "max": 1.0
        },
        "crop_point_count": {
          "count": 32,
          "mean": 166.84375,
          "min": 2.0,
          "p25": 39.0,
          "p50": 143.0,
          "p75": 252.75,
          "p95": 431.89999999999986,
          "max": 666.0
        }
      },
      "gt_history_cv": {
        "endpoint_count": 32,
        "center_inside_rate": 1.0,
        "center_outside_rate": 0.0,
        "box_intersection_rate": 1.0,
        "all_corners_inside_rate": 1.0,
        "target_visible_endpoint_count": 27,
        "has_target_point_rate": 1.0,
        "no_target_point_rate": 0.0,
        "target_point_recall": {
          "count": 27,
          "mean": 1.0,
          "min": 1.0,
          "p25": 1.0,
          "p50": 1.0,
          "p75": 1.0,
          "p95": 1.0,
          "max": 1.0
        },
        "crop_point_count": {
          "count": 32,
          "mean": 129.59375,
          "min": 1.0,
          "p25": 16.75,
          "p50": 120.5,
          "p75": 210.0,
          "p95": 308.29999999999995,
          "max": 407.0
        }
      },
      "a1_pred_history_cv": {
        "endpoint_count": 32,
        "center_inside_rate": 0.96875,
        "center_outside_rate": 0.03125,
        "box_intersection_rate": 1.0,
        "all_corners_inside_rate": 0.90625,
        "target_visible_endpoint_count": 27,
        "has_target_point_rate": 1.0,
        "no_target_point_rate": 0.0,
        "target_point_recall": {
          "count": 27,
          "mean": 0.9929279620979226,
          "min": 0.8264462809917356,
          "p25": 1.0,
          "p50": 1.0,
          "p75": 1.0,
          "p95": 1.0,
          "max": 1.0
        },
        "crop_point_count": {
          "count": 32,
          "mean": 147.4375,
          "min": 2.0,
          "p25": 18.0,
          "p50": 118.5,
          "p75": 218.5,
          "p95": 356.94999999999993,
          "max": 616.0
        }
      }
    },
    "(2, 4]": {
      "previous_gt": {
        "endpoint_count": 3,
        "center_inside_rate": 1.0,
        "center_outside_rate": 0.0,
        "box_intersection_rate": 1.0,
        "all_corners_inside_rate": 0.6666666666666666,
        "target_visible_endpoint_count": 3,
        "has_target_point_rate": 1.0,
        "no_target_point_rate": 0.0,
        "target_point_recall": {
          "count": 3,
          "mean": 1.0,
          "min": 1.0,
          "p25": 1.0,
          "p50": 1.0,
          "p75": 1.0,
          "p95": 1.0,
          "max": 1.0
        },
        "crop_point_count": {
          "count": 3,
          "mean": 510.6666666666667,
          "min": 22.0,
          "p25": 366.0,
          "p50": 710.0,
          "p75": 755.0,
          "p95": 791.0,
          "max": 800.0
        }
      },
      "previous_a1_pred": {
        "endpoint_count": 3,
        "center_inside_rate": 0.0,
        "center_outside_rate": 1.0,
        "box_intersection_rate": 0.6666666666666666,
        "all_corners_inside_rate": 0.0,
        "target_visible_endpoint_count": 3,
        "has_target_point_rate": 0.6666666666666666,
        "no_target_point_rate": 0.33333333333333337,
        "target_point_recall": {
          "count": 3,
          "mean": 0.22981366459627328,
          "min": 0.0,
          "p25": 0.04710144927536232,
          "p50": 0.09420289855072464,
          "p75": 0.3447204968944099,
          "p95": 0.5451345755693582,
          "max": 0.5952380952380952
        },
        "crop_point_count": {
          "count": 3,
          "mean": 674.3333333333334,
          "min": 33.0,
          "p25": 494.5,
          "p50": 956.0,
          "p75": 995.0,
          "p95": 1026.2,
          "max": 1034.0
        }
      },
      "gt_history_cv": {
        "endpoint_count": 3,
        "center_inside_rate": 1.0,
        "center_outside_rate": 0.0,
        "box_intersection_rate": 1.0,
        "all_corners_inside_rate": 1.0,
        "target_visible_endpoint_count": 3,
        "has_target_point_rate": 1.0,
        "no_target_point_rate": 0.0,
        "target_point_recall": {
          "count": 3,
          "mean": 1.0,
          "min": 1.0,
          "p25": 1.0,
          "p50": 1.0,
          "p75": 1.0,
          "p95": 1.0,
          "max": 1.0
        },
        "crop_point_count": {
          "count": 3,
          "mean": 339.0,
          "min": 26.0,
          "p25": 244.5,
          "p50": 463.0,
          "p75": 495.5,
          "p95": 521.5,
          "max": 528.0
        }
      },
      "a1_pred_history_cv": {
        "endpoint_count": 3,
        "center_inside_rate": 0.0,
        "center_outside_rate": 1.0,
        "box_intersection_rate": 0.6666666666666666,
        "all_corners_inside_rate": 0.0,
        "target_visible_endpoint_count": 3,
        "has_target_point_rate": 0.6666666666666666,
        "no_target_point_rate": 0.33333333333333337,
        "target_point_recall": {
          "count": 3,
          "mean": 0.22981366459627328,
          "min": 0.0,
          "p25": 0.04710144927536232,
          "p50": 0.09420289855072464,
          "p75": 0.3447204968944099,
          "p95": 0.5451345755693582,
          "max": 0.5952380952380952
        },
        "crop_point_count": {
          "count": 3,
          "mean": 481.0,
          "min": 32.0,
          "p25": 349.5,
          "p50": 667.0,
          "p75": 705.5,
          "p95": 736.3,
          "max": 744.0
        }
      }
    },
    "> 4": {
      "previous_gt": {
        "endpoint_count": 37,
        "center_inside_rate": 0.918918918918919,
        "center_outside_rate": 0.08108108108108103,
        "box_intersection_rate": 1.0,
        "all_corners_inside_rate": 0.5675675675675675,
        "target_visible_endpoint_count": 31,
        "has_target_point_rate": 1.0,
        "no_target_point_rate": 0.0,
        "target_point_recall": {
          "count": 31,
          "mean": 1.0,
          "min": 1.0,
          "p25": 1.0,
          "p50": 1.0,
          "p75": 1.0,
          "p95": 1.0,
          "max": 1.0
        },
        "crop_point_count": {
          "count": 37,
          "mean": 1319.0,
          "min": 0.0,
          "p25": 1.0,
          "p50": 1169.0,
          "p75": 2710.0,
          "p95": 2842.0,
          "max": 2919.0
        }
      },
      "previous_a1_pred": {
        "endpoint_count": 37,
        "center_inside_rate": 0.0,
        "center_outside_rate": 1.0,
        "box_intersection_rate": 0.0,
        "all_corners_inside_rate": 0.0,
        "target_visible_endpoint_count": 31,
        "has_target_point_rate": 0.0,
        "no_target_point_rate": 1.0,
        "target_point_recall": {
          "count": 31,
          "mean": 0.0,
          "min": 0.0,
          "p25": 0.0,
          "p50": 0.0,
          "p75": 0.0,
          "p95": 0.0,
          "max": 0.0
        },
        "crop_point_count": {
          "count": 37,
          "mean": 1081.081081081081,
          "min": 0.0,
          "p25": 7.0,
          "p50": 234.0,
          "p75": 1178.0,
          "p95": 4775.599999999998,
          "max": 8028.0
        }
      },
      "gt_history_cv": {
        "endpoint_count": 37,
        "center_inside_rate": 1.0,
        "center_outside_rate": 0.0,
        "box_intersection_rate": 1.0,
        "all_corners_inside_rate": 1.0,
        "target_visible_endpoint_count": 31,
        "has_target_point_rate": 1.0,
        "no_target_point_rate": 0.0,
        "target_point_recall": {
          "count": 31,
          "mean": 1.0,
          "min": 1.0,
          "p25": 1.0,
          "p50": 1.0,
          "p75": 1.0,
          "p95": 1.0,
          "max": 1.0
        },
        "crop_point_count": {
          "count": 37,
          "mean": 978.6216216216217,
          "min": 0.0,
          "p25": 1.0,
          "p50": 730.0,
          "p75": 1963.0,
          "p95": 2311.199999999999,
          "max": 2726.0
        }
      },
      "a1_pred_history_cv": {
        "endpoint_count": 37,
        "center_inside_rate": 0.0,
        "center_outside_rate": 1.0,
        "box_intersection_rate": 0.0,
        "all_corners_inside_rate": 0.0,
        "target_visible_endpoint_count": 31,
        "has_target_point_rate": 0.0,
        "no_target_point_rate": 1.0,
        "target_point_recall": {
          "count": 31,
          "mean": 0.0,
          "min": 0.0,
          "p25": 0.0,
          "p50": 0.0,
          "p75": 0.0,
          "p95": 0.0,
          "max": 0.0
        },
        "crop_point_count": {
          "count": 37,
          "mean": 1089.1891891891892,
          "min": 0.0,
          "p25": 8.0,
          "p50": 232.0,
          "p75": 1109.0,
          "p95": 4777.799999999997,
          "max": 9542.0
        }
      }
    }
  },
  "cfg": "/home/lishengjie/study/lcyu/CT-SeqTrack/cfgs/seqtrack3d_nuscenes_a1_order.yaml",
  "cfg_sha256": "bddbb6ad26188dfd09371067af110f3254ca059d08620f99208431a6a3b4beff",
  "weights": "/home/lishengjie/study/lcyu/CT-SeqTrack/output/20260531-2322-seqtrack3d_nuscenes_a1_order-ct_a1_order_car_60ep_bs16_gpu1/lightning_logs/version_0/checkpoints/last.ckpt",
  "weights_sha256": "a2fbffb1e5acae37adab3cb858e864857cc1d6c2231f9e0848df719614f24a82",
  "reference_endpoints_csv": null,
  "reference_endpoints_sha256": null,
  "reference_match": null,
  "split": "mini_train",
  "virtual_rate_mode": "none",
  "base_scale": 1.25,
  "base_offset": 2.0,
  "target_wlh_factor": 1.0,
  "require_full_history": true,
  "seed": 42,
  "device": "cuda:0",
  "runtime_seconds": 36.16773724555969,
  "note": "One baseline A1 trajectory is run recursively with its normal previous-prediction anchor. The other anchors are passive counterfactual crop diagnostics on the same endpoint and do not alter the prediction history. previous_gt and gt_history_cv are oracle references; previous_a1_pred and a1_pred_history_cv are GT-free."
}
endpoint csv: output/diagnostics/recursive_crop_reachability/standard_a1_recursive_smoke/recursive_crop_reachability_endpoints.csv
summary json: output/diagnostics/recursive_crop_reachability/standard_a1_recursive_smoke/recursive_crop_reachability_summary.json
