virtual-rate mode=gap_pattern tracklets=243/274 frames=2856/5051 drop=0.435 tag=vr_gap1124
{
  "endpoint_count": 2127,
  "current_delta_t": {
    "count": 0,
    "mean": null,
    "min": null,
    "p25": null,
    "p50": null,
    "p75": null,
    "p95": null,
    "max": null
  },
  "displacement_norm": {
    "count": 0,
    "mean": null,
    "min": null,
    "p25": null,
    "p50": null,
    "p75": null,
    "p95": null,
    "max": null
  },
  "modes": {
    "a1_pred_history_cv": {
      "endpoint_count": 2127,
      "center_inside_rate": 0.6544428772919605,
      "center_outside_rate": 0.3455571227080395,
      "box_intersection_rate": 0.6652562294311236,
      "all_corners_inside_rate": 0.6323460272684532,
      "target_visible_endpoint_count": 1503,
      "has_target_point_rate": 0.6713240186294078,
      "no_target_point_rate": 0.3286759813705922,
      "target_point_recall": {
        "count": 1503,
        "mean": 0.663815495723874,
        "min": 0.0,
        "p25": 0.0,
        "p50": 1.0,
        "p75": 1.0,
        "p95": 1.0,
        "max": 1.0
      },
      "crop_point_count": {
        "count": 2127,
        "mean": 303.94922425952046,
        "min": 0.0,
        "p25": 1.0,
        "p50": 15.0,
        "p75": 114.0,
        "p95": 1865.6999999999998,
        "max": 18631.0
      }
    },
    "gt_history_cv": {
      "endpoint_count": 2127,
      "center_inside_rate": 0.9882463563704749,
      "center_outside_rate": 0.011753643629525135,
      "box_intersection_rate": 0.9948283968030089,
      "all_corners_inside_rate": 0.9656793606017866,
      "target_visible_endpoint_count": 1503,
      "has_target_point_rate": 0.9933466400532269,
      "no_target_point_rate": 0.006653359946773074,
      "target_point_recall": {
        "count": 1503,
        "mean": 0.9896291437522837,
        "min": 0.0,
        "p25": 1.0,
        "p50": 1.0,
        "p75": 1.0,
        "p95": 1.0,
        "max": 1.0
      },
      "crop_point_count": {
        "count": 2127,
        "mean": 286.17489421720734,
        "min": 0.0,
        "p25": 2.0,
        "p50": 16.0,
        "p75": 114.0,
        "p95": 1851.199999999997,
        "max": 17356.0
      }
    },
    "previous_a1_pred": {
      "endpoint_count": 2127,
      "center_inside_rate": 0.6361071932299013,
      "center_outside_rate": 0.3638928067700987,
      "box_intersection_rate": 0.6497414198401504,
      "all_corners_inside_rate": 0.6064880112834978,
      "target_visible_endpoint_count": 1503,
      "has_target_point_rate": 0.6520292747837658,
      "no_target_point_rate": 0.3479707252162342,
      "target_point_recall": {
        "count": 1503,
        "mean": 0.63730559543646,
        "min": 0.0,
        "p25": 0.0,
        "p50": 1.0,
        "p75": 1.0,
        "p95": 1.0,
        "max": 1.0
      },
      "crop_point_count": {
        "count": 2127,
        "mean": 309.4461683121768,
        "min": 0.0,
        "p25": 1.0,
        "p50": 15.0,
        "p75": 111.0,
        "p95": 1890.9999999999982,
        "max": 18487.0
      }
    },
    "previous_gt": {
      "endpoint_count": 2127,
      "center_inside_rate": 0.7480018805829807,
      "center_outside_rate": 0.25199811941701933,
      "box_intersection_rate": 0.8222849083215797,
      "all_corners_inside_rate": 0.6591443347437705,
      "target_visible_endpoint_count": 1503,
      "has_target_point_rate": 0.8043912175648703,
      "no_target_point_rate": 0.1956087824351297,
      "target_point_recall": {
        "count": 1503,
        "mean": 0.7678071201212855,
        "min": 0.0,
        "p25": 0.7669683257918551,
        "p50": 1.0,
        "p75": 1.0,
        "p95": 1.0,
        "max": 1.0
      },
      "crop_point_count": {
        "count": 2127,
        "mean": 312.197461212976,
        "min": 0.0,
        "p25": 2.0,
        "p50": 15.0,
        "p75": 115.5,
        "p95": 1951.9999999999945,
        "max": 16091.0
      }
    }
  },
  "delta_t_buckets": {
    "(0.5, 1]": {
      "previous_gt": {
        "endpoint_count": 751,
        "center_inside_rate": 0.7643142476697736,
        "center_outside_rate": 0.23568575233022637,
        "box_intersection_rate": 0.8322237017310253,
        "all_corners_inside_rate": 0.6790945406125166,
        "target_visible_endpoint_count": 537,
        "has_target_point_rate": 0.8081936685288641,
        "no_target_point_rate": 0.1918063314711359,
        "target_point_recall": {
          "count": 537,
          "mean": 0.7685172942232985,
          "min": 0.0,
          "p25": 0.8571428571428571,
          "p50": 1.0,
          "p75": 1.0,
          "p95": 1.0,
          "max": 1.0
        },
        "crop_point_count": {
          "count": 751,
          "mean": 311.91211717709723,
          "min": 0.0,
          "p25": 2.0,
          "p50": 15.0,
          "p75": 123.5,
          "p95": 2416.0,
          "max": 8110.0
        }
      },
      "previous_a1_pred": {
        "endpoint_count": 751,
        "center_inside_rate": 0.6577896138482024,
        "center_outside_rate": 0.34221038615179755,
        "box_intersection_rate": 0.6764314247669774,
        "all_corners_inside_rate": 0.6245006657789614,
        "target_visible_endpoint_count": 537,
        "has_target_point_rate": 0.6722532588454376,
        "no_target_point_rate": 0.32774674115456237,
        "target_point_recall": {
          "count": 537,
          "mean": 0.6519955075650876,
          "min": 0.0,
          "p25": 0.0,
          "p50": 1.0,
          "p75": 1.0,
          "p95": 1.0,
          "max": 1.0
        },
        "crop_point_count": {
          "count": 751,
          "mean": 304.3648468708389,
          "min": 0.0,
          "p25": 1.0,
          "p50": 14.0,
          "p75": 119.0,
          "p95": 2066.0,
          "max": 18487.0
        }
      },
      "gt_history_cv": {
        "endpoint_count": 751,
        "center_inside_rate": 0.9973368841544608,
        "center_outside_rate": 0.0026631158455392434,
        "box_intersection_rate": 0.9986684420772304,
        "all_corners_inside_rate": 0.9840213049267643,
        "target_visible_endpoint_count": 537,
        "has_target_point_rate": 1.0,
        "no_target_point_rate": 0.0,
        "target_point_recall": {
          "count": 537,
          "mean": 1.0,
          "min": 1.0,
          "p25": 1.0,
          "p50": 1.0,
          "p75": 1.0,
          "p95": 1.0,
          "max": 1.0
        },
        "crop_point_count": {
          "count": 751,
          "mean": 306.9840213049268,
          "min": 0.0,
          "p25": 3.0,
          "p50": 17.0,
          "p75": 123.0,
          "p95": 2059.0,
          "max": 6232.0
        }
      },
      "a1_pred_history_cv": {
        "endpoint_count": 751,
        "center_inside_rate": 0.6830892143808256,
        "center_outside_rate": 0.3169107856191744,
        "box_intersection_rate": 0.6950732356857523,
        "all_corners_inside_rate": 0.6631158455392809,
        "target_visible_endpoint_count": 537,
        "has_target_point_rate": 0.6945996275605214,
        "no_target_point_rate": 0.3054003724394786,
        "target_point_recall": {
          "count": 537,
          "mean": 0.6849536647863654,
          "min": 0.0,
          "p25": 0.0,
          "p50": 1.0,
          "p75": 1.0,
          "p95": 1.0,
          "max": 1.0
        },
        "crop_point_count": {
          "count": 751,
          "mean": 302.0532623169108,
          "min": 0.0,
          "p25": 1.0,
          "p50": 15.0,
          "p75": 120.0,
          "p95": 1879.0,
          "max": 13305.0
        }
      }
    },
    "> 2": {
      "previous_gt": {
        "endpoint_count": 255,
        "center_inside_rate": 0.6588235294117647,
        "center_outside_rate": 0.3411764705882353,
        "box_intersection_rate": 0.6823529411764706,
        "all_corners_inside_rate": 0.6470588235294118,
        "target_visible_endpoint_count": 180,
        "has_target_point_rate": 0.6666666666666666,
        "no_target_point_rate": 0.33333333333333337,
        "target_point_recall": {
          "count": 180,
          "mean": 0.6435573512702665,
          "min": 0.0,
          "p25": 0.0,
          "p50": 1.0,
          "p75": 1.0,
          "p95": 1.0,
          "max": 1.0
        },
        "crop_point_count": {
          "count": 255,
          "mean": 341.58039215686273,
          "min": 0.0,
          "p25": 2.0,
          "p50": 21.0,
          "p75": 113.5,
          "p95": 2021.699999999994,
          "max": 9707.0
        }
      },
      "previous_a1_pred": {
        "endpoint_count": 255,
        "center_inside_rate": 0.6313725490196078,
        "center_outside_rate": 0.3686274509803922,
        "box_intersection_rate": 0.6392156862745098,
        "all_corners_inside_rate": 0.6078431372549019,
        "target_visible_endpoint_count": 180,
        "has_target_point_rate": 0.6277777777777778,
        "no_target_point_rate": 0.37222222222222223,
        "target_point_recall": {
          "count": 180,
          "mean": 0.6168126414932832,
          "min": 0.0,
          "p25": 0.0,
          "p50": 1.0,
          "p75": 1.0,
          "p95": 1.0,
          "max": 1.0
        },
        "crop_point_count": {
          "count": 255,
          "mean": 294.28627450980395,
          "min": 0.0,
          "p25": 1.0,
          "p50": 13.0,
          "p75": 115.0,
          "p95": 1624.1999999999985,
          "max": 10217.0
        }
      },
      "gt_history_cv": {
        "endpoint_count": 255,
        "center_inside_rate": 0.9607843137254902,
        "center_outside_rate": 0.039215686274509776,
        "box_intersection_rate": 0.9803921568627451,
        "all_corners_inside_rate": 0.9019607843137255,
        "target_visible_endpoint_count": 180,
        "has_target_point_rate": 0.9666666666666667,
        "no_target_point_rate": 0.033333333333333326,
        "target_point_recall": {
          "count": 180,
          "mean": 0.9507023881870474,
          "min": 0.0,
          "p25": 1.0,
          "p50": 1.0,
          "p75": 1.0,
          "p95": 1.0,
          "max": 1.0
        },
        "crop_point_count": {
          "count": 255,
          "mean": 349.38823529411764,
          "min": 0.0,
          "p25": 4.0,
          "p50": 17.0,
          "p75": 125.5,
          "p95": 1818.6999999999996,
          "max": 17356.0
        }
      },
      "a1_pred_history_cv": {
        "endpoint_count": 255,
        "center_inside_rate": 0.6431372549019608,
        "center_outside_rate": 0.35686274509803917,
        "box_intersection_rate": 0.6588235294117647,
        "all_corners_inside_rate": 0.615686274509804,
        "target_visible_endpoint_count": 180,
        "has_target_point_rate": 0.65,
        "no_target_point_rate": 0.35,
        "target_point_recall": {
          "count": 180,
          "mean": 0.639154717375729,
          "min": 0.0,
          "p25": 0.0,
          "p50": 1.0,
          "p75": 1.0,
          "p95": 1.0,
          "max": 1.0
        },
        "crop_point_count": {
          "count": 255,
          "mean": 265.74117647058824,
          "min": 0.0,
          "p25": 1.0,
          "p50": 14.0,
          "p75": 105.5,
          "p95": 1560.0999999999988,
          "max": 10222.0
        }
      }
    },
    "<= 0.5": {
      "previous_gt": {
        "endpoint_count": 610,
        "center_inside_rate": 0.8065573770491803,
        "center_outside_rate": 0.1934426229508197,
        "box_intersection_rate": 0.9459016393442623,
        "all_corners_inside_rate": 0.6213114754098361,
        "target_visible_endpoint_count": 427,
        "has_target_point_rate": 0.9180327868852459,
        "no_target_point_rate": 0.08196721311475408,
        "target_point_recall": {
          "count": 427,
          "mean": 0.8581434397909913,
          "min": 0.0,
          "p25": 1.0,
          "p50": 1.0,
          "p75": 1.0,
          "p95": 1.0,
          "max": 1.0
        },
        "crop_point_count": {
          "count": 610,
          "mean": 243.71803278688526,
          "min": 0.0,
          "p25": 2.0,
          "p50": 13.5,
          "p75": 98.75,
          "p95": 1685.4999999999923,
          "max": 6796.0
        }
      },
      "previous_a1_pred": {
        "endpoint_count": 610,
        "center_inside_rate": 0.5836065573770491,
        "center_outside_rate": 0.41639344262295086,
        "box_intersection_rate": 0.5967213114754099,
        "all_corners_inside_rate": 0.5540983606557377,
        "target_visible_endpoint_count": 427,
        "has_target_point_rate": 0.6088992974238876,
        "no_target_point_rate": 0.3911007025761124,
        "target_point_recall": {
          "count": 427,
          "mean": 0.596757023184442,
          "min": 0.0,
          "p25": 0.0,
          "p50": 1.0,
          "p75": 1.0,
          "p95": 1.0,
          "max": 1.0
        },
        "crop_point_count": {
          "count": 610,
          "mean": 325.05737704918033,
          "min": 0.0,
          "p25": 1.0,
          "p50": 17.0,
          "p75": 106.0,
          "p95": 1838.7999999999975,
          "max": 18241.0
        }
      },
      "gt_history_cv": {
        "endpoint_count": 610,
        "center_inside_rate": 0.9967213114754099,
        "center_outside_rate": 0.003278688524590123,
        "box_intersection_rate": 0.9983606557377049,
        "all_corners_inside_rate": 0.9918032786885246,
        "target_visible_endpoint_count": 427,
        "has_target_point_rate": 1.0,
        "no_target_point_rate": 0.0,
        "target_point_recall": {
          "count": 427,
          "mean": 0.9990505728210646,
          "min": 0.5945945945945946,
          "p25": 1.0,
          "p50": 1.0,
          "p75": 1.0,
          "p95": 1.0,
          "max": 1.0
        },
        "crop_point_count": {
          "count": 610,
          "mean": 253.60491803278688,
          "min": 0.0,
          "p25": 2.0,
          "p50": 14.5,
          "p75": 95.75,
          "p95": 1626.0999999999972,
          "max": 6814.0
        }
      },
      "a1_pred_history_cv": {
        "endpoint_count": 610,
        "center_inside_rate": 0.5885245901639344,
        "center_outside_rate": 0.41147540983606556,
        "box_intersection_rate": 0.5983606557377049,
        "all_corners_inside_rate": 0.5672131147540984,
        "target_visible_endpoint_count": 427,
        "has_target_point_rate": 0.6135831381733021,
        "no_target_point_rate": 0.3864168618266979,
        "target_point_recall": {
          "count": 427,
          "mean": 0.6060932151642923,
          "min": 0.0,
          "p25": 0.0,
          "p50": 1.0,
          "p75": 1.0,
          "p95": 1.0,
          "max": 1.0
        },
        "crop_point_count": {
          "count": 610,
          "mean": 337.4983606557377,
          "min": 0.0,
          "p25": 1.0,
          "p50": 16.5,
          "p75": 106.75,
          "p95": 1894.0,
          "max": 18631.0
        }
      }
    },
    "(1, 2]": {
      "previous_gt": {
        "endpoint_count": 511,
        "center_inside_rate": 0.6986301369863014,
        "center_outside_rate": 0.3013698630136986,
        "box_intersection_rate": 0.7299412915851272,
        "all_corners_inside_rate": 0.6810176125244618,
        "target_visible_endpoint_count": 359,
        "has_target_point_rate": 0.7325905292479109,
        "no_target_point_rate": 0.2674094707520891,
        "target_point_recall": {
          "count": 359,
          "mean": 0.7215953830779374,
          "min": 0.0,
          "p25": 0.0,
          "p50": 1.0,
          "p75": 1.0,
          "p95": 1.0,
          "max": 1.0
        },
        "crop_point_count": {
          "count": 511,
          "mean": 379.7005870841487,
          "min": 0.0,
          "p25": 1.0,
          "p50": 15.0,
          "p75": 129.0,
          "p95": 2075.5,
          "max": 16091.0
        }
      },
      "previous_a1_pred": {
        "endpoint_count": 511,
        "center_inside_rate": 0.6692759295499021,
        "center_outside_rate": 0.3307240704500979,
        "box_intersection_rate": 0.6790606653620352,
        "all_corners_inside_rate": 0.6418786692759295,
        "target_visible_endpoint_count": 359,
        "has_target_point_rate": 0.6852367688022284,
        "no_target_point_rate": 0.3147632311977716,
        "target_point_recall": {
          "count": 359,
          "mean": 0.6738362061559875,
          "min": 0.0,
          "p25": 0.0,
          "p50": 1.0,
          "p75": 1.0,
          "p95": 1.0,
          "max": 1.0
        },
        "crop_point_count": {
          "count": 511,
          "mean": 305.8434442270059,
          "min": 0.0,
          "p25": 1.0,
          "p50": 14.0,
          "p75": 109.0,
          "p95": 1616.5,
          "max": 15008.0
        }
      },
      "gt_history_cv": {
        "endpoint_count": 511,
        "center_inside_rate": 0.9784735812133072,
        "center_outside_rate": 0.021526418786692814,
        "box_intersection_rate": 0.9921722113502935,
        "all_corners_inside_rate": 0.9393346379647749,
        "target_visible_endpoint_count": 359,
        "has_target_point_rate": 0.9888579387186629,
        "no_target_point_rate": 0.011142061281337101,
        "target_point_recall": {
          "count": 359,
          "mean": 0.9824277955192736,
          "min": 0.0,
          "p25": 1.0,
          "p50": 1.0,
          "p75": 1.0,
          "p95": 1.0,
          "max": 1.0
        },
        "crop_point_count": {
          "count": 511,
          "mean": 262.9275929549902,
          "min": 0.0,
          "p25": 2.0,
          "p50": 15.0,
          "p75": 113.5,
          "p95": 1641.0,
          "max": 5592.0
        }
      },
      "a1_pred_history_cv": {
        "endpoint_count": 511,
        "center_inside_rate": 0.6966731898238747,
        "center_outside_rate": 0.3033268101761253,
        "box_intersection_rate": 0.7045009784735812,
        "all_corners_inside_rate": 0.6731898238747553,
        "target_visible_endpoint_count": 359,
        "has_target_point_rate": 0.7158774373259053,
        "no_target_point_rate": 0.28412256267409475,
        "target_point_recall": {
          "count": 359,
          "mean": 0.713217047576379,
          "min": 0.0,
          "p25": 0.0,
          "p50": 1.0,
          "p75": 1.0,
          "p95": 1.0,
          "max": 1.0
        },
        "crop_point_count": {
          "count": 511,
          "mean": 285.75342465753425,
          "min": 0.0,
          "p25": 1.0,
          "p50": 14.0,
          "p75": 110.0,
          "p95": 1461.0,
          "max": 11211.0
        }
      }
    }
  },
  "displacement_buckets": {
    "<= 0.5": {
      "previous_gt": {
        "endpoint_count": 1318,
        "center_inside_rate": 1.0,
        "center_outside_rate": 0.0,
        "box_intersection_rate": 1.0,
        "all_corners_inside_rate": 1.0,
        "target_visible_endpoint_count": 920,
        "has_target_point_rate": 1.0,
        "no_target_point_rate": 0.0,
        "target_point_recall": {
          "count": 920,
          "mean": 1.0,
          "min": 1.0,
          "p25": 1.0,
          "p50": 1.0,
          "p75": 1.0,
          "p95": 1.0,
          "max": 1.0
        },
        "crop_point_count": {
          "count": 1318,
          "mean": 326.75189681335354,
          "min": 0.0,
          "p25": 4.0,
          "p50": 21.0,
          "p75": 132.0,
          "p95": 2414.1499999999996,
          "max": 7168.0
        }
      },
      "previous_a1_pred": {
        "endpoint_count": 1318,
        "center_inside_rate": 0.9810318664643399,
        "center_outside_rate": 0.01896813353566007,
        "box_intersection_rate": 0.9840667678300455,
        "all_corners_inside_rate": 0.9582701062215478,
        "target_visible_endpoint_count": 920,
        "has_target_point_rate": 0.991304347826087,
        "no_target_point_rate": 0.008695652173912993,
        "target_point_recall": {
          "count": 920,
          "mean": 0.989214189814383,
          "min": 0.0,
          "p25": 1.0,
          "p50": 1.0,
          "p75": 1.0,
          "p95": 1.0,
          "max": 1.0
        },
        "crop_point_count": {
          "count": 1318,
          "mean": 339.0796661608498,
          "min": 0.0,
          "p25": 4.0,
          "p50": 21.0,
          "p75": 133.75,
          "p95": 2107.0999999999735,
          "max": 18487.0
        }
      },
      "gt_history_cv": {
        "endpoint_count": 1318,
        "center_inside_rate": 1.0,
        "center_outside_rate": 0.0,
        "box_intersection_rate": 1.0,
        "all_corners_inside_rate": 1.0,
        "target_visible_endpoint_count": 920,
        "has_target_point_rate": 1.0,
        "no_target_point_rate": 0.0,
        "target_point_recall": {
          "count": 920,
          "mean": 1.0,
          "min": 1.0,
          "p25": 1.0,
          "p50": 1.0,
          "p75": 1.0,
          "p95": 1.0,
          "max": 1.0
        },
        "crop_point_count": {
          "count": 1318,
          "mean": 334.3497723823976,
          "min": 0.0,
          "p25": 4.0,
          "p50": 22.0,
          "p75": 132.75,
          "p95": 2408.899999999999,
          "max": 17356.0
        }
      },
      "a1_pred_history_cv": {
        "endpoint_count": 1318,
        "center_inside_rate": 0.9779969650986343,
        "center_outside_rate": 0.02200303490136568,
        "box_intersection_rate": 0.9802731411229135,
        "all_corners_inside_rate": 0.956752655538695,
        "target_visible_endpoint_count": 920,
        "has_target_point_rate": 0.9902173913043478,
        "no_target_point_rate": 0.009782608695652173,
        "target_point_recall": {
          "count": 920,
          "mean": 0.9874727613054132,
          "min": 0.0,
          "p25": 1.0,
          "p50": 1.0,
          "p75": 1.0,
          "p95": 1.0,
          "max": 1.0
        },
        "crop_point_count": {
          "count": 1318,
          "mean": 325.73065250379364,
          "min": 0.0,
          "p25": 4.0,
          "p50": 21.0,
          "p75": 134.0,
          "p95": 2047.7499999999966,
          "max": 18631.0
        }
      }
    },
    "(2, 4]": {
      "previous_gt": {
        "endpoint_count": 126,
        "center_inside_rate": 1.0,
        "center_outside_rate": 0.0,
        "box_intersection_rate": 1.0,
        "all_corners_inside_rate": 0.14285714285714285,
        "target_visible_endpoint_count": 97,
        "has_target_point_rate": 0.9381443298969072,
        "no_target_point_rate": 0.061855670103092786,
        "target_point_recall": {
          "count": 97,
          "mean": 0.8347714586627161,
          "min": 0.0,
          "p25": 0.8571428571428571,
          "p50": 1.0,
          "p75": 1.0,
          "p95": 1.0,
          "max": 1.0
        },
        "crop_point_count": {
          "count": 126,
          "mean": 211.05555555555554,
          "min": 0.0,
          "p25": 2.0,
          "p50": 9.5,
          "p75": 113.75,
          "p95": 795.5,
          "max": 4496.0
        }
      },
      "previous_a1_pred": {
        "endpoint_count": 126,
        "center_inside_rate": 0.15873015873015872,
        "center_outside_rate": 0.8412698412698413,
        "box_intersection_rate": 0.1746031746031746,
        "all_corners_inside_rate": 0.023809523809523808,
        "target_visible_endpoint_count": 97,
        "has_target_point_rate": 0.18556701030927836,
        "no_target_point_rate": 0.8144329896907216,
        "target_point_recall": {
          "count": 97,
          "mean": 0.15341844836328664,
          "min": 0.0,
          "p25": 0.0,
          "p50": 0.0,
          "p75": 0.0,
          "p95": 1.0,
          "max": 1.0
        },
        "crop_point_count": {
          "count": 126,
          "mean": 212.29365079365078,
          "min": 0.0,
          "p25": 0.0,
          "p50": 17.0,
          "p75": 120.0,
          "p95": 943.0,
          "max": 9376.0
        }
      },
      "gt_history_cv": {
        "endpoint_count": 126,
        "center_inside_rate": 1.0,
        "center_outside_rate": 0.0,
        "box_intersection_rate": 1.0,
        "all_corners_inside_rate": 0.9761904761904762,
        "target_visible_endpoint_count": 97,
        "has_target_point_rate": 1.0,
        "no_target_point_rate": 0.0,
        "target_point_recall": {
          "count": 97,
          "mean": 1.0,
          "min": 1.0,
          "p25": 1.0,
          "p50": 1.0,
          "p75": 1.0,
          "p95": 1.0,
          "max": 1.0
        },
        "crop_point_count": {
          "count": 126,
          "mean": 188.76984126984127,
          "min": 0.0,
          "p25": 2.0,
          "p50": 10.0,
          "p75": 95.25,
          "p95": 1297.5,
          "max": 2629.0
        }
      },
      "a1_pred_history_cv": {
        "endpoint_count": 126,
        "center_inside_rate": 0.15079365079365079,
        "center_outside_rate": 0.8492063492063492,
        "box_intersection_rate": 0.1746031746031746,
        "all_corners_inside_rate": 0.1349206349206349,
        "target_visible_endpoint_count": 97,
        "has_target_point_rate": 0.1958762886597938,
        "no_target_point_rate": 0.8041237113402062,
        "target_point_recall": {
          "count": 97,
          "mean": 0.17885550726390825,
          "min": 0.0,
          "p25": 0.0,
          "p50": 0.0,
          "p75": 0.0,
          "p95": 1.0,
          "max": 1.0
        },
        "crop_point_count": {
          "count": 126,
          "mean": 146.23809523809524,
          "min": 0.0,
          "p25": 0.0,
          "p50": 16.0,
          "p75": 113.0,
          "p95": 580.0,
          "max": 2921.0
        }
      }
    },
    "> 4": {
      "previous_gt": {
        "endpoint_count": 617,
        "center_inside_rate": 0.1312803889789303,
        "center_outside_rate": 0.8687196110210698,
        "box_intersection_rate": 0.3873581847649919,
        "all_corners_inside_rate": 0.0,
        "target_visible_endpoint_count": 433,
        "has_target_point_rate": 0.3348729792147806,
        "no_target_point_rate": 0.6651270207852193,
        "target_point_recall": {
          "count": 433,
          "mean": 0.23104219411549326,
          "min": 0.0,
          "p25": 0.0,
          "p50": 0.0,
          "p75": 0.42105263157894735,
          "p95": 1.0,
          "max": 1.0
        },
        "crop_point_count": {
          "count": 617,
          "mean": 279.2058346839546,
          "min": 0.0,
          "p25": 0.0,
          "p50": 6.0,
          "p75": 80.0,
          "p95": 1042.199999999994,
          "max": 16091.0
        }
      },
      "previous_a1_pred": {
        "endpoint_count": 617,
        "center_inside_rate": 0.008103727714748784,
        "center_outside_rate": 0.9918962722852512,
        "box_intersection_rate": 0.03403565640194489,
        "all_corners_inside_rate": 0.0,
        "target_visible_endpoint_count": 433,
        "has_target_point_rate": 0.04157043879907621,
        "no_target_point_rate": 0.9584295612009238,
        "target_point_recall": {
          "count": 433,
          "mean": 0.016816480789809664,
          "min": 0.0,
          "p25": 0.0,
          "p50": 0.0,
          "p75": 0.0,
          "p95": 0.0,
          "max": 1.0
        },
        "crop_point_count": {
          "count": 617,
          "mean": 271.36304700162077,
          "min": 0.0,
          "p25": 0.0,
          "p50": 3.0,
          "p75": 65.0,
          "p95": 1102.5999999999985,
          "max": 14957.0
        }
      },
      "gt_history_cv": {
        "endpoint_count": 617,
        "center_inside_rate": 0.9611021069692058,
        "center_outside_rate": 0.03889789303079416,
        "box_intersection_rate": 0.9821717990275527,
        "all_corners_inside_rate": 0.8881685575364667,
        "target_visible_endpoint_count": 433,
        "has_target_point_rate": 0.976905311778291,
        "no_target_point_rate": 0.023094688221709014,
        "target_point_recall": {
          "count": 433,
          "mean": 0.9640013927475343,
          "min": 0.0,
          "p25": 1.0,
          "p50": 1.0,
          "p75": 1.0,
          "p95": 1.0,
          "max": 1.0
        },
        "crop_point_count": {
          "count": 617,
          "mean": 181.0907617504052,
          "min": 0.0,
          "p25": 1.0,
          "p50": 9.0,
          "p75": 82.0,
          "p95": 723.399999999992,
          "max": 11842.0
        }
      },
      "a1_pred_history_cv": {
        "endpoint_count": 617,
        "center_inside_rate": 0.07617504051863858,
        "center_outside_rate": 0.9238249594813615,
        "box_intersection_rate": 0.09238249594813615,
        "all_corners_inside_rate": 0.06320907617504051,
        "target_visible_endpoint_count": 433,
        "has_target_point_rate": 0.10854503464203233,
        "no_target_point_rate": 0.8914549653579676,
        "target_point_recall": {
          "count": 433,
          "mean": 0.10134814423181833,
          "min": 0.0,
          "p25": 0.0,
          "p50": 0.0,
          "p75": 0.0,
          "p95": 1.0,
          "max": 1.0
        },
        "crop_point_count": {
          "count": 617,
          "mean": 291.5753646677472,
          "min": 0.0,
          "p25": 0.0,
          "p50": 3.0,
          "p75": 62.0,
          "p95": 649.5999999999998,
          "max": 15062.0
        }
      }
    },
    "(1, 2]": {
      "previous_gt": {
        "endpoint_count": 42,
        "center_inside_rate": 1.0,
        "center_outside_rate": 0.0,
        "box_intersection_rate": 1.0,
        "all_corners_inside_rate": 1.0,
        "target_visible_endpoint_count": 36,
        "has_target_point_rate": 1.0,
        "no_target_point_rate": 0.0,
        "target_point_recall": {
          "count": 36,
          "mean": 1.0,
          "min": 1.0,
          "p25": 1.0,
          "p50": 1.0,
          "p75": 1.0,
          "p95": 1.0,
          "max": 1.0
        },
        "crop_point_count": {
          "count": 42,
          "mean": 667.0,
          "min": 0.0,
          "p25": 2.25,
          "p50": 107.0,
          "p75": 801.5,
          "p95": 2753.35,
          "max": 3303.0
        }
      },
      "previous_a1_pred": {
        "endpoint_count": 42,
        "center_inside_rate": 0.3333333333333333,
        "center_outside_rate": 0.6666666666666667,
        "box_intersection_rate": 0.47619047619047616,
        "all_corners_inside_rate": 0.14285714285714285,
        "target_visible_endpoint_count": 36,
        "has_target_point_rate": 0.4722222222222222,
        "no_target_point_rate": 0.5277777777777778,
        "target_point_recall": {
          "count": 36,
          "mean": 0.3420931197390383,
          "min": 0.0,
          "p25": 0.0,
          "p50": 0.0,
          "p75": 0.8655086537427885,
          "p95": 1.0,
          "max": 1.0
        },
        "crop_point_count": {
          "count": 42,
          "mean": 343.35714285714283,
          "min": 0.0,
          "p25": 0.25,
          "p50": 33.5,
          "p75": 231.75,
          "p95": 2071.399999999999,
          "max": 3053.0
        }
      },
      "gt_history_cv": {
        "endpoint_count": 42,
        "center_inside_rate": 0.9761904761904762,
        "center_outside_rate": 0.023809523809523836,
        "box_intersection_rate": 1.0,
        "all_corners_inside_rate": 0.9761904761904762,
        "target_visible_endpoint_count": 36,
        "has_target_point_rate": 1.0,
        "no_target_point_rate": 0.0,
        "target_point_recall": {
          "count": 36,
          "mean": 1.0,
          "min": 1.0,
          "p25": 1.0,
          "p50": 1.0,
          "p75": 1.0,
          "p95": 1.0,
          "max": 1.0
        },
        "crop_point_count": {
          "count": 42,
          "mean": 557.7380952380952,
          "min": 0.0,
          "p25": 2.25,
          "p50": 95.0,
          "p75": 663.25,
          "p95": 2009.5499999999997,
          "max": 2598.0
        }
      },
      "a1_pred_history_cv": {
        "endpoint_count": 42,
        "center_inside_rate": 0.35714285714285715,
        "center_outside_rate": 0.6428571428571428,
        "box_intersection_rate": 0.5,
        "all_corners_inside_rate": 0.21428571428571427,
        "target_visible_endpoint_count": 36,
        "has_target_point_rate": 0.4722222222222222,
        "no_target_point_rate": 0.5277777777777778,
        "target_point_recall": {
          "count": 36,
          "mean": 0.3685772783284136,
          "min": 0.0,
          "p25": 0.0,
          "p50": 0.0,
          "p75": 0.9500128667009778,
          "p95": 1.0,
          "max": 1.0
        },
        "crop_point_count": {
          "count": 42,
          "mean": 283.8333333333333,
          "min": 0.0,
          "p25": 1.0,
          "p50": 23.5,
          "p75": 252.25,
          "p95": 1718.199999999999,
          "max": 2732.0
        }
      }
    },
    "(0.5, 1]": {
      "previous_gt": {
        "endpoint_count": 24,
        "center_inside_rate": 1.0,
        "center_outside_rate": 0.0,
        "box_intersection_rate": 1.0,
        "all_corners_inside_rate": 1.0,
        "target_visible_endpoint_count": 17,
        "has_target_point_rate": 1.0,
        "no_target_point_rate": 0.0,
        "target_point_recall": {
          "count": 17,
          "mean": 1.0,
          "min": 1.0,
          "p25": 1.0,
          "p50": 1.0,
          "p75": 1.0,
          "p95": 1.0,
          "max": 1.0
        },
        "crop_point_count": {
          "count": 24,
          "mean": 271.1666666666667,
          "min": 0.0,
          "p25": 3.0,
          "p50": 4.0,
          "p75": 18.0,
          "p95": 1898.2999999999995,
          "max": 2485.0
        }
      },
      "previous_a1_pred": {
        "endpoint_count": 24,
        "center_inside_rate": 0.875,
        "center_outside_rate": 0.125,
        "box_intersection_rate": 0.9166666666666666,
        "all_corners_inside_rate": 0.75,
        "target_visible_endpoint_count": 17,
        "has_target_point_rate": 0.8823529411764706,
        "no_target_point_rate": 0.11764705882352944,
        "target_point_recall": {
          "count": 17,
          "mean": 0.7832221957608954,
          "min": 0.0,
          "p25": 1.0,
          "p50": 1.0,
          "p75": 1.0,
          "p95": 1.0,
          "max": 1.0
        },
        "crop_point_count": {
          "count": 24,
          "mean": 111.83333333333333,
          "min": 0.0,
          "p25": 3.0,
          "p50": 5.5,
          "p75": 31.5,
          "p95": 483.89999999999947,
          "max": 1444.0
        }
      },
      "gt_history_cv": {
        "endpoint_count": 24,
        "center_inside_rate": 1.0,
        "center_outside_rate": 0.0,
        "box_intersection_rate": 1.0,
        "all_corners_inside_rate": 1.0,
        "target_visible_endpoint_count": 17,
        "has_target_point_rate": 1.0,
        "no_target_point_rate": 0.0,
        "target_point_recall": {
          "count": 17,
          "mean": 1.0,
          "min": 1.0,
          "p25": 1.0,
          "p50": 1.0,
          "p75": 1.0,
          "p95": 1.0,
          "max": 1.0
        },
        "crop_point_count": {
          "count": 24,
          "mean": 378.25,
          "min": 0.0,
          "p25": 3.75,
          "p50": 4.5,
          "p75": 18.0,
          "p95": 1978.8999999999999,
          "max": 4529.0
        }
      },
      "a1_pred_history_cv": {
        "endpoint_count": 24,
        "center_inside_rate": 0.9166666666666666,
        "center_outside_rate": 0.08333333333333337,
        "box_intersection_rate": 0.9583333333333334,
        "all_corners_inside_rate": 0.7916666666666666,
        "target_visible_endpoint_count": 17,
        "has_target_point_rate": 0.8823529411764706,
        "no_target_point_rate": 0.11764705882352944,
        "target_point_recall": {
          "count": 17,
          "mean": 0.8669551173648787,
          "min": 0.0,
          "p25": 1.0,
          "p50": 1.0,
          "p75": 1.0,
          "p95": 1.0,
          "max": 1.0
        },
        "crop_point_count": {
          "count": 24,
          "mean": 289.0833333333333,
          "min": 0.0,
          "p25": 3.0,
          "p50": 5.5,
          "p75": 31.5,
          "p95": 1265.8499999999976,
          "max": 4810.0
        }
      }
    }
  },
  "target_point_buckets": {
    "(0, 5]": {
      "previous_gt": {
        "endpoint_count": 557,
        "center_inside_rate": 0.7522441651705566,
        "center_outside_rate": 0.2477558348294434,
        "box_intersection_rate": 0.8312387791741472,
        "all_corners_inside_rate": 0.6481149012567325,
        "target_visible_endpoint_count": 557,
        "has_target_point_rate": 0.7791741472172352,
        "no_target_point_rate": 0.2208258527827648,
        "target_point_recall": {
          "count": 557,
          "mean": 0.7734590065828845,
          "min": 0.0,
          "p25": 1.0,
          "p50": 1.0,
          "p75": 1.0,
          "p95": 1.0,
          "max": 1.0
        },
        "crop_point_count": {
          "count": 557,
          "mean": 16.26391382405745,
          "min": 0.0,
          "p25": 2.0,
          "p50": 5.0,
          "p75": 15.0,
          "p95": 71.19999999999993,
          "max": 230.0
        }
      },
      "previous_a1_pred": {
        "endpoint_count": 557,
        "center_inside_rate": 0.6211849192100538,
        "center_outside_rate": 0.3788150807899462,
        "box_intersection_rate": 0.6283662477558348,
        "all_corners_inside_rate": 0.6032315978456014,
        "target_visible_endpoint_count": 557,
        "has_target_point_rate": 0.6247755834829444,
        "no_target_point_rate": 0.3752244165170556,
        "target_point_recall": {
          "count": 557,
          "mean": 0.62262118491921,
          "min": 0.0,
          "p25": 0.0,
          "p50": 1.0,
          "p75": 1.0,
          "p95": 1.0,
          "max": 1.0
        },
        "crop_point_count": {
          "count": 557,
          "mean": 120.9245960502693,
          "min": 0.0,
          "p25": 2.0,
          "p50": 6.0,
          "p75": 30.0,
          "p95": 203.19999999999993,
          "max": 11270.0
        }
      },
      "gt_history_cv": {
        "endpoint_count": 557,
        "center_inside_rate": 0.9946140035906643,
        "center_outside_rate": 0.0053859964093356805,
        "box_intersection_rate": 0.9982046678635548,
        "all_corners_inside_rate": 0.9712746858168761,
        "target_visible_endpoint_count": 557,
        "has_target_point_rate": 0.9946140035906643,
        "no_target_point_rate": 0.0053859964093356805,
        "target_point_recall": {
          "count": 557,
          "mean": 0.9934171154997007,
          "min": 0.0,
          "p25": 1.0,
          "p50": 1.0,
          "p75": 1.0,
          "p95": 1.0,
          "max": 1.0
        },
        "crop_point_count": {
          "count": 557,
          "mean": 14.91382405745063,
          "min": 0.0,
          "p25": 3.0,
          "p50": 5.0,
          "p75": 13.0,
          "p95": 60.399999999999864,
          "max": 361.0
        }
      },
      "a1_pred_history_cv": {
        "endpoint_count": 557,
        "center_inside_rate": 0.63016157989228,
        "center_outside_rate": 0.36983842010771995,
        "box_intersection_rate": 0.6337522441651705,
        "all_corners_inside_rate": 0.6157989228007181,
        "target_visible_endpoint_count": 557,
        "has_target_point_rate": 0.63016157989228,
        "no_target_point_rate": 0.36983842010771995,
        "target_point_recall": {
          "count": 557,
          "mean": 0.63016157989228,
          "min": 0.0,
          "p25": 0.0,
          "p50": 1.0,
          "p75": 1.0,
          "p95": 1.0,
          "max": 1.0
        },
        "crop_point_count": {
          "count": 557,
          "mean": 110.07360861759426,
          "min": 0.0,
          "p25": 2.0,
          "p50": 6.0,
          "p75": 29.0,
          "p95": 188.39999999999986,
          "max": 11211.0
        }
      }
    },
    "(5, 20]": {
      "previous_gt": {
        "endpoint_count": 340,
        "center_inside_rate": 0.7441176470588236,
        "center_outside_rate": 0.25588235294117645,
        "box_intersection_rate": 0.8294117647058824,
        "all_corners_inside_rate": 0.6735294117647059,
        "target_visible_endpoint_count": 340,
        "has_target_point_rate": 0.8117647058823529,
        "no_target_point_rate": 0.18823529411764706,
        "target_point_recall": {
          "count": 340,
          "mean": 0.7743871197273355,
          "min": 0.0,
          "p25": 0.8333333333333334,
          "p50": 1.0,
          "p75": 1.0,
          "p95": 1.0,
          "max": 1.0
        },
        "crop_point_count": {
          "count": 340,
          "mean": 102.05294117647058,
          "min": 0.0,
          "p25": 11.0,
          "p50": 28.0,
          "p75": 68.0,
          "p95": 234.95000000000022,
          "max": 11412.0
        }
      },
      "previous_a1_pred": {
        "endpoint_count": 340,
        "center_inside_rate": 0.6676470588235294,
        "center_outside_rate": 0.33235294117647063,
        "box_intersection_rate": 0.6794117647058824,
        "all_corners_inside_rate": 0.6558823529411765,
        "target_visible_endpoint_count": 340,
        "has_target_point_rate": 0.6794117647058824,
        "no_target_point_rate": 0.3205882352941176,
        "target_point_recall": {
          "count": 340,
          "mean": 0.6726489938080495,
          "min": 0.0,
          "p25": 0.0,
          "p50": 1.0,
          "p75": 1.0,
          "p95": 1.0,
          "max": 1.0
        },
        "crop_point_count": {
          "count": 340,
          "mean": 76.28529411764706,
          "min": 0.0,
          "p25": 10.0,
          "p50": 23.0,
          "p75": 61.25,
          "p95": 203.05,
          "max": 3990.0
        }
      },
      "gt_history_cv": {
        "endpoint_count": 340,
        "center_inside_rate": 0.9882352941176471,
        "center_outside_rate": 0.0117647058823529,
        "box_intersection_rate": 0.9941176470588236,
        "all_corners_inside_rate": 0.9735294117647059,
        "target_visible_endpoint_count": 340,
        "has_target_point_rate": 0.9911764705882353,
        "no_target_point_rate": 0.008823529411764675,
        "target_point_recall": {
          "count": 340,
          "mean": 0.9869670974450387,
          "min": 0.0,
          "p25": 1.0,
          "p50": 1.0,
          "p75": 1.0,
          "p95": 1.0,
          "max": 1.0
        },
        "crop_point_count": {
          "count": 340,
          "mean": 45.81470588235294,
          "min": 0.0,
          "p25": 14.0,
          "p50": 28.0,
          "p75": 58.0,
          "p95": 139.25000000000006,
          "max": 393.0
        }
      },
      "a1_pred_history_cv": {
        "endpoint_count": 340,
        "center_inside_rate": 0.6941176470588235,
        "center_outside_rate": 0.3058823529411765,
        "box_intersection_rate": 0.7,
        "all_corners_inside_rate": 0.6852941176470588,
        "target_visible_endpoint_count": 340,
        "has_target_point_rate": 0.7,
        "no_target_point_rate": 0.30000000000000004,
        "target_point_recall": {
          "count": 340,
          "mean": 0.6943014705882353,
          "min": 0.0,
          "p25": 0.0,
          "p50": 1.0,
          "p75": 1.0,
          "p95": 1.0,
          "max": 1.0
        },
        "crop_point_count": {
          "count": 340,
          "mean": 96.75882352941177,
          "min": 0.0,
          "p25": 10.0,
          "p50": 23.5,
          "p75": 61.25,
          "p95": 189.05,
          "max": 10030.0
        }
      }
    },
    "<= 0": {
      "previous_gt": {
        "endpoint_count": 624,
        "center_inside_rate": 0.7435897435897436,
        "center_outside_rate": 0.2564102564102564,
        "box_intersection_rate": 0.8012820512820513,
        "all_corners_inside_rate": 0.6682692307692307,
        "target_visible_endpoint_count": 0,
        "has_target_point_rate": null,
        "no_target_point_rate": null,
        "target_point_recall": {
          "count": 0,
          "mean": null,
          "min": null,
          "p25": null,
          "p50": null,
          "p75": null,
          "p95": null,
          "max": null
        },
        "crop_point_count": {
          "count": 624,
          "mean": 15.790064102564102,
          "min": 0.0,
          "p25": 0.0,
          "p50": 1.0,
          "p75": 6.0,
          "p95": 78.70000000000005,
          "max": 519.0
        }
      },
      "previous_a1_pred": {
        "endpoint_count": 624,
        "center_inside_rate": 0.6346153846153846,
        "center_outside_rate": 0.3653846153846154,
        "box_intersection_rate": 0.6394230769230769,
        "all_corners_inside_rate": 0.592948717948718,
        "target_visible_endpoint_count": 0,
        "has_target_point_rate": null,
        "no_target_point_rate": null,
        "target_point_recall": {
          "count": 0,
          "mean": null,
          "min": null,
          "p25": null,
          "p50": null,
          "p75": null,
          "p95": null,
          "max": null
        },
        "crop_point_count": {
          "count": 624,
          "mean": 59.767628205128204,
          "min": 0.0,
          "p25": 0.0,
          "p50": 1.0,
          "p75": 17.0,
          "p95": 205.70000000000005,
          "max": 7826.0
        }
      },
      "gt_history_cv": {
        "endpoint_count": 624,
        "center_inside_rate": 0.9823717948717948,
        "center_outside_rate": 0.017628205128205177,
        "box_intersection_rate": 0.9903846153846154,
        "all_corners_inside_rate": 0.9663461538461539,
        "target_visible_endpoint_count": 0,
        "has_target_point_rate": null,
        "no_target_point_rate": null,
        "target_point_recall": {
          "count": 0,
          "mean": null,
          "min": null,
          "p25": null,
          "p50": null,
          "p75": null,
          "p95": null,
          "max": null
        },
        "crop_point_count": {
          "count": 624,
          "mean": 14.474358974358974,
          "min": 0.0,
          "p25": 0.0,
          "p50": 1.0,
          "p75": 6.0,
          "p95": 63.250000000000114,
          "max": 519.0
        }
      },
      "a1_pred_history_cv": {
        "endpoint_count": 624,
        "center_inside_rate": 0.6330128205128205,
        "center_outside_rate": 0.3669871794871795,
        "box_intersection_rate": 0.6410256410256411,
        "all_corners_inside_rate": 0.5993589743589743,
        "target_visible_endpoint_count": 0,
        "has_target_point_rate": null,
        "no_target_point_rate": null,
        "target_point_recall": {
          "count": 0,
          "mean": null,
          "min": null,
          "p25": null,
          "p50": null,
          "p75": null,
          "p95": null,
          "max": null
        },
        "crop_point_count": {
          "count": 624,
          "mean": 45.607371794871796,
          "min": 0.0,
          "p25": 0.0,
          "p50": 1.0,
          "p75": 16.25,
          "p95": 201.70000000000005,
          "max": 5685.0
        }
      }
    },
    "> 20": {
      "previous_gt": {
        "endpoint_count": 606,
        "center_inside_rate": 0.7508250825082509,
        "center_outside_rate": 0.24917491749174914,
        "box_intersection_rate": 0.8316831683168316,
        "all_corners_inside_rate": 0.6518151815181518,
        "target_visible_endpoint_count": 606,
        "has_target_point_rate": 0.8234323432343235,
        "no_target_point_rate": 0.17656765676567654,
        "target_point_recall": {
          "count": 606,
          "mean": 0.7589204854262892,
          "min": 0.0,
          "p25": 0.6172040169133193,
          "p50": 1.0,
          "p75": 1.0,
          "p95": 1.0,
          "max": 1.0
        },
        "crop_point_count": {
          "count": 606,
          "mean": 1007.3168316831683,
          "min": 0.0,
          "p25": 111.5,
          "p50": 247.0,
          "p75": 1105.25,
          "p95": 5480.0,
          "max": 16091.0
        }
      },
      "previous_a1_pred": {
        "endpoint_count": 606,
        "center_inside_rate": 0.6336633663366337,
        "center_outside_rate": 0.36633663366336633,
        "box_intersection_rate": 0.6633663366336634,
        "all_corners_inside_rate": 0.5957095709570958,
        "target_visible_endpoint_count": 606,
        "has_target_point_rate": 0.6617161716171617,
        "no_target_point_rate": 0.3382838283828383,
        "target_point_recall": {
          "count": 606,
          "mean": 0.6309730231786509,
          "min": 0.0,
          "p25": 0.0,
          "p50": 1.0,
          "p75": 1.0,
          "p95": 1.0,
          "max": 1.0
        },
        "crop_point_count": {
          "count": 606,
          "mean": 870.6353135313532,
          "min": 0.0,
          "p25": 53.0,
          "p50": 176.5,
          "p75": 746.0,
          "p95": 3841.5,
          "max": 18487.0
        }
      },
      "gt_history_cv": {
        "endpoint_count": 606,
        "center_inside_rate": 0.9884488448844885,
        "center_outside_rate": 0.011551155115511524,
        "box_intersection_rate": 0.9966996699669967,
        "all_corners_inside_rate": 0.9554455445544554,
        "target_visible_endpoint_count": 606,
        "has_target_point_rate": 0.9933993399339934,
        "no_target_point_rate": 0.0066006600660065695,
        "target_point_recall": {
          "count": 606,
          "mean": 0.9876410174835577,
          "min": 0.0,
          "p25": 1.0,
          "p50": 1.0,
          "p75": 1.0,
          "p95": 1.0,
          "max": 1.0
        },
        "crop_point_count": {
          "count": 606,
          "mean": 950.1287128712871,
          "min": 4.0,
          "p25": 126.0,
          "p50": 254.5,
          "p75": 1079.75,
          "p95": 5183.0,
          "max": 17356.0
        }
      },
      "a1_pred_history_cv": {
        "endpoint_count": 606,
        "center_inside_rate": 0.6765676567656765,
        "center_outside_rate": 0.32343234323432346,
        "box_intersection_rate": 0.6996699669966997,
        "all_corners_inside_rate": 0.6518151815181518,
        "target_visible_endpoint_count": 606,
        "has_target_point_rate": 0.693069306930693,
        "no_target_point_rate": 0.306930693069307,
        "target_point_recall": {
          "count": 606,
          "mean": 0.6776438780082219,
          "min": 0.0,
          "p25": 0.0,
          "p50": 1.0,
          "p75": 1.0,
          "p95": 1.0,
          "max": 1.0
        },
        "crop_point_count": {
          "count": 606,
          "mean": 864.4092409240924,
          "min": 0.0,
          "p25": 58.0,
          "p50": 180.5,
          "p75": 678.75,
          "p95": 3914.75,
          "max": 18631.0
        }
      }
    }
  },
  "mode_extras": {
    "previous_gt": {
      "anchor_error": {
        "count": 2127,
        "mean": 3.4334956921476847,
        "min": 0.0,
        "p25": 0.03388934575405905,
        "p50": 0.137335355972191,
        "p75": 4.947209996766917,
        "p95": 16.891540713886954,
        "max": 36.61491339604669
      },
      "center_outside_streak": {
        "count": 2127,
        "mean": 0.9623883403855195,
        "min": 0.0,
        "p25": 0.0,
        "p50": 0.0,
        "p75": 1.0,
        "p95": 5.699999999999818,
        "max": 18.0
      },
      "target_loss_streak": {
        "count": 2127,
        "mean": 0.3685942642219088,
        "min": 0.0,
        "p25": 0.0,
        "p50": 0.0,
        "p75": 0.0,
        "p95": 2.0,
        "max": 18.0
      },
      "available_rate": 1.0
    },
    "previous_a1_pred": {
      "anchor_error": {
        "count": 2127,
        "mean": 20.073829846150304,
        "min": 0.0,
        "p25": 0.33215936392349815,
        "p50": 0.7639487192229075,
        "p75": 23.981632511089902,
        "p95": 101.24493286012834,
        "max": 312.3653382195277
      },
      "center_outside_streak": {
        "count": 2127,
        "mean": 1.9868359191349318,
        "min": 0.0,
        "p25": 0.0,
        "p50": 0.0,
        "p75": 3.0,
        "p95": 11.0,
        "max": 18.0
      },
      "target_loss_streak": {
        "count": 2127,
        "mean": 0.9275975552421251,
        "min": 0.0,
        "p25": 0.0,
        "p50": 0.0,
        "p75": 0.0,
        "p95": 5.0,
        "max": 18.0
      },
      "available_rate": 1.0
    },
    "gt_history_cv": {
      "anchor_error": {
        "count": 2127,
        "mean": 0.399218246526288,
        "min": 0.0,
        "p25": 0.0013910990501788132,
        "p50": 0.0742218033184552,
        "p75": 0.3300116715711318,
        "p95": 1.9139656237795855,
        "max": 16.734789511155544
      },
      "center_outside_streak": {
        "count": 2127,
        "mean": 0.012693935119887164,
        "min": 0.0,
        "p25": 0.0,
        "p50": 0.0,
        "p75": 0.0,
        "p95": 0.0,
        "max": 2.0
      },
      "target_loss_streak": {
        "count": 2127,
        "mean": 0.004701457451810061,
        "min": 0.0,
        "p25": 0.0,
        "p50": 0.0,
        "p75": 0.0,
        "p95": 0.0,
        "max": 1.0
      },
      "available_rate": 1.0
    },
    "a1_pred_history_cv": {
      "anchor_error": {
        "count": 2127,
        "mean": 19.50277298037195,
        "min": 0.0,
        "p25": 0.36350606898137494,
        "p50": 0.766431851726676,
        "p75": 22.379734098623885,
        "p95": 100.6365150462424,
        "max": 312.3653382195277
      },
      "center_outside_streak": {
        "count": 2127,
        "mean": 1.844851904090268,
        "min": 0.0,
        "p25": 0.0,
        "p50": 0.0,
        "p75": 2.0,
        "p95": 10.0,
        "max": 18.0
      },
      "target_loss_streak": {
        "count": 2127,
        "mean": 0.8721203573107663,
        "min": 0.0,
        "p25": 0.0,
        "p50": 0.0,
        "p75": 0.0,
        "p95": 5.0,
        "max": 17.0
      },
      "available_rate": 1.0
    }
  },
  "baseline_predictions": {
    "previous_prediction_error": {
      "count": 2127,
      "mean": 16.732541154053724,
      "min": 0.0,
      "p25": 0.30009370733582375,
      "p50": 0.6748022419077143,
      "p75": 15.22119979998374,
      "p95": 89.25310691791745,
      "max": 292.3103701769746
    },
    "current_prediction_error": {
      "count": 2127,
      "mean": 19.639554705742963,
      "min": 0.0,
      "p25": 0.3538795267664149,
      "p50": 0.7667815855900559,
      "p75": 22.527242611346637,
      "p95": 101.26274851789508,
      "max": 312.3653382195277
    },
    "baseline_search_point_count": {
      "count": 2127,
      "mean": 309.4461683121768,
      "min": 0.0,
      "p25": 1.0,
      "p50": 15.0,
      "p75": 111.0,
      "p95": 1890.9999999999982,
      "max": 18487.0
    },
    "empty_fallback_rate": 0.1998119417019276,
    "empty_fallback_count": 425
  },
  "previous_prediction_error_buckets": {
    "<= 0.5": {
      "previous_gt": {
        "endpoint_count": 898,
        "center_inside_rate": 0.9699331848552338,
        "center_outside_rate": 0.030066815144766168,
        "box_intersection_rate": 0.9766146993318485,
        "all_corners_inside_rate": 0.9576837416481069,
        "target_visible_endpoint_count": 644,
        "has_target_point_rate": 0.9720496894409938,
        "no_target_point_rate": 0.02795031055900621,
        "target_point_recall": {
          "count": 644,
          "mean": 0.9651480996816605,
          "min": 0.0,
          "p25": 1.0,
          "p50": 1.0,
          "p75": 1.0,
          "p95": 1.0,
          "max": 1.0
        },
        "crop_point_count": {
          "count": 898,
          "mean": 293.6603563474388,
          "min": 0.0,
          "p25": 4.0,
          "p50": 27.0,
          "p75": 134.75,
          "p95": 2415.3,
          "max": 8110.0
        }
      },
      "previous_a1_pred": {
        "endpoint_count": 898,
        "center_inside_rate": 0.9699331848552338,
        "center_outside_rate": 0.030066815144766168,
        "box_intersection_rate": 0.9766146993318485,
        "all_corners_inside_rate": 0.9565701559020044,
        "target_visible_endpoint_count": 644,
        "has_target_point_rate": 0.9720496894409938,
        "no_target_point_rate": 0.02795031055900621,
        "target_point_recall": {
          "count": 644,
          "mean": 0.9647526468841774,
          "min": 0.0,
          "p25": 1.0,
          "p50": 1.0,
          "p75": 1.0,
          "p95": 1.0,
          "max": 1.0
        },
        "crop_point_count": {
          "count": 898,
          "mean": 296.0512249443207,
          "min": 0.0,
          "p25": 4.0,
          "p50": 26.0,
          "p75": 135.5,
          "p95": 2325.8999999999996,
          "max": 9376.0
        }
      },
      "gt_history_cv": {
        "endpoint_count": 898,
        "center_inside_rate": 0.9977728285077951,
        "center_outside_rate": 0.00222717149220486,
        "box_intersection_rate": 1.0,
        "all_corners_inside_rate": 0.9944320712694877,
        "target_visible_endpoint_count": 644,
        "has_target_point_rate": 0.9984472049689441,
        "no_target_point_rate": 0.0015527950310558758,
        "target_point_recall": {
          "count": 644,
          "mean": 0.9981613559017444,
          "min": 0.0,
          "p25": 1.0,
          "p50": 1.0,
          "p75": 1.0,
          "p95": 1.0,
          "max": 1.0
        },
        "crop_point_count": {
          "count": 898,
          "mean": 284.9053452115813,
          "min": 0.0,
          "p25": 4.0,
          "p50": 27.0,
          "p75": 134.75,
          "p95": 2408.8999999999996,
          "max": 5533.0
        }
      },
      "a1_pred_history_cv": {
        "endpoint_count": 898,
        "center_inside_rate": 0.9966592427616926,
        "center_outside_rate": 0.0033407572383074013,
        "box_intersection_rate": 0.9988864142538976,
        "all_corners_inside_rate": 0.9944320712694877,
        "target_visible_endpoint_count": 644,
        "has_target_point_rate": 0.9984472049689441,
        "no_target_point_rate": 0.0015527950310558758,
        "target_point_recall": {
          "count": 644,
          "mean": 0.9973184100277425,
          "min": 0.0,
          "p25": 1.0,
          "p50": 1.0,
          "p75": 1.0,
          "p95": 1.0,
          "max": 1.0
        },
        "crop_point_count": {
          "count": 898,
          "mean": 288.16369710467706,
          "min": 0.0,
          "p25": 4.25,
          "p50": 26.0,
          "p75": 136.75,
          "p95": 2308.95,
          "max": 5788.0
        }
      }
    },
    "(0.5, 1]": {
      "previous_gt": {
        "endpoint_count": 361,
        "center_inside_rate": 0.9722991689750693,
        "center_outside_rate": 0.027700831024930705,
        "box_intersection_rate": 0.9861495844875346,
        "all_corners_inside_rate": 0.9529085872576177,
        "target_visible_endpoint_count": 262,
        "has_target_point_rate": 0.9809160305343512,
        "no_target_point_rate": 0.01908396946564883,
        "target_point_recall": {
          "count": 262,
          "mean": 0.9661075902877528,
          "min": 0.0,
          "p25": 1.0,
          "p50": 1.0,
          "p75": 1.0,
          "p95": 1.0,
          "max": 1.0
        },
        "crop_point_count": {
          "count": 361,
          "mean": 383.9418282548476,
          "min": 0.0,
          "p25": 4.0,
          "p50": 22.0,
          "p75": 176.0,
          "p95": 1914.0,
          "max": 5562.0
        }
      },
      "previous_a1_pred": {
        "endpoint_count": 361,
        "center_inside_rate": 0.9695290858725761,
        "center_outside_rate": 0.030470914127423865,
        "box_intersection_rate": 0.9861495844875346,
        "all_corners_inside_rate": 0.9556786703601108,
        "target_visible_endpoint_count": 262,
        "has_target_point_rate": 0.9809160305343512,
        "no_target_point_rate": 0.01908396946564883,
        "target_point_recall": {
          "count": 262,
          "mean": 0.9618577401841374,
          "min": 0.0,
          "p25": 1.0,
          "p50": 1.0,
          "p75": 1.0,
          "p95": 1.0,
          "max": 1.0
        },
        "crop_point_count": {
          "count": 361,
          "mean": 393.5761772853186,
          "min": 0.0,
          "p25": 4.0,
          "p50": 19.0,
          "p75": 188.0,
          "p95": 1938.0,
          "max": 5902.0
        }
      },
      "gt_history_cv": {
        "endpoint_count": 361,
        "center_inside_rate": 1.0,
        "center_outside_rate": 0.0,
        "box_intersection_rate": 1.0,
        "all_corners_inside_rate": 0.9944598337950139,
        "target_visible_endpoint_count": 262,
        "has_target_point_rate": 1.0,
        "no_target_point_rate": 0.0,
        "target_point_recall": {
          "count": 262,
          "mean": 1.0,
          "min": 1.0,
          "p25": 1.0,
          "p50": 1.0,
          "p75": 1.0,
          "p95": 1.0,
          "max": 1.0
        },
        "crop_point_count": {
          "count": 361,
          "mean": 382.3795013850416,
          "min": 0.0,
          "p25": 4.0,
          "p50": 22.0,
          "p75": 165.0,
          "p95": 1871.0,
          "max": 5562.0
        }
      },
      "a1_pred_history_cv": {
        "endpoint_count": 361,
        "center_inside_rate": 0.997229916897507,
        "center_outside_rate": 0.0027700831024930483,
        "box_intersection_rate": 1.0,
        "all_corners_inside_rate": 0.9916897506925207,
        "target_visible_endpoint_count": 262,
        "has_target_point_rate": 0.9961832061068703,
        "no_target_point_rate": 0.003816793893129722,
        "target_point_recall": {
          "count": 262,
          "mean": 0.9961832061068703,
          "min": 0.0,
          "p25": 1.0,
          "p50": 1.0,
          "p75": 1.0,
          "p95": 1.0,
          "max": 1.0
        },
        "crop_point_count": {
          "count": 361,
          "mean": 395.1108033240997,
          "min": 0.0,
          "p25": 4.0,
          "p50": 20.0,
          "p75": 184.0,
          "p95": 1975.0,
          "max": 5905.0
        }
      }
    },
    "> 4": {
      "previous_gt": {
        "endpoint_count": 708,
        "center_inside_rate": 0.3347457627118644,
        "center_outside_rate": 0.6652542372881356,
        "box_intersection_rate": 0.5310734463276836,
        "all_corners_inside_rate": 0.1016949152542373,
        "target_visible_endpoint_count": 484,
        "has_target_point_rate": 0.4772727272727273,
        "no_target_point_rate": 0.5227272727272727,
        "target_point_recall": {
          "count": 484,
          "mean": 0.39128738828084175,
          "min": 0.0,
          "p25": 0.0,
          "p50": 0.0,
          "p75": 1.0,
          "p95": 1.0,
          "max": 1.0
        },
        "crop_point_count": {
          "count": 708,
          "mean": 318.48728813559325,
          "min": 0.0,
          "p25": 0.0,
          "p50": 5.0,
          "p75": 72.25,
          "p95": 1830.1999999999998,
          "max": 16091.0
        }
      },
      "previous_a1_pred": {
        "endpoint_count": 708,
        "center_inside_rate": 0.011299435028248588,
        "center_outside_rate": 0.9887005649717514,
        "box_intersection_rate": 0.022598870056497175,
        "all_corners_inside_rate": 0.0014124293785310734,
        "target_visible_endpoint_count": 484,
        "has_target_point_rate": 0.01859504132231405,
        "no_target_point_rate": 0.981404958677686,
        "target_point_recall": {
          "count": 484,
          "mean": 0.009344824057547496,
          "min": 0.0,
          "p25": 0.0,
          "p50": 0.0,
          "p75": 0.0,
          "p95": 0.0,
          "max": 1.0
        },
        "crop_point_count": {
          "count": 708,
          "mean": 308.4590395480226,
          "min": 0.0,
          "p25": 0.0,
          "p50": 2.0,
          "p75": 59.0,
          "p95": 1000.599999999999,
          "max": 18487.0
        }
      },
      "gt_history_cv": {
        "endpoint_count": 708,
        "center_inside_rate": 0.9717514124293786,
        "center_outside_rate": 0.02824858757062143,
        "box_intersection_rate": 0.9858757062146892,
        "all_corners_inside_rate": 0.9180790960451978,
        "target_visible_endpoint_count": 484,
        "has_target_point_rate": 0.9834710743801653,
        "no_target_point_rate": 0.016528925619834656,
        "target_point_recall": {
          "count": 484,
          "mean": 0.975204092495971,
          "min": 0.0,
          "p25": 1.0,
          "p50": 1.0,
          "p75": 1.0,
          "p95": 1.0,
          "max": 1.0
        },
        "crop_point_count": {
          "count": 708,
          "mean": 238.21751412429379,
          "min": 0.0,
          "p25": 1.0,
          "p50": 7.0,
          "p75": 72.25,
          "p95": 1421.4499999999957,
          "max": 11842.0
        }
      },
      "a1_pred_history_cv": {
        "endpoint_count": 708,
        "center_inside_rate": 0.00847457627118644,
        "center_outside_rate": 0.9915254237288136,
        "box_intersection_rate": 0.022598870056497175,
        "all_corners_inside_rate": 0.0,
        "target_visible_endpoint_count": 484,
        "has_target_point_rate": 0.024793388429752067,
        "no_target_point_rate": 0.9752066115702479,
        "target_point_recall": {
          "count": 484,
          "mean": 0.012096109787431654,
          "min": 0.0,
          "p25": 0.0,
          "p50": 0.0,
          "p75": 0.0,
          "p95": 0.0,
          "max": 0.989010989010989
        },
        "crop_point_count": {
          "count": 708,
          "mean": 281.37994350282486,
          "min": 0.0,
          "p25": 0.0,
          "p50": 2.0,
          "p75": 55.25,
          "p95": 556.1999999999971,
          "max": 18631.0
        }
      }
    },
    "(1, 2]": {
      "previous_gt": {
        "endpoint_count": 91,
        "center_inside_rate": 0.8791208791208791,
        "center_outside_rate": 0.1208791208791209,
        "box_intersection_rate": 0.9230769230769231,
        "all_corners_inside_rate": 0.8681318681318682,
        "target_visible_endpoint_count": 71,
        "has_target_point_rate": 0.8873239436619719,
        "no_target_point_rate": 0.11267605633802813,
        "target_point_recall": {
          "count": 71,
          "mean": 0.8558828903286956,
          "min": 0.0,
          "p25": 1.0,
          "p50": 1.0,
          "p75": 1.0,
          "p95": 1.0,
          "max": 1.0
        },
        "crop_point_count": {
          "count": 91,
          "mean": 107.05494505494505,
          "min": 0.0,
          "p25": 3.0,
          "p50": 11.0,
          "p75": 81.5,
          "p95": 368.5,
          "max": 2229.0
        }
      },
      "previous_a1_pred": {
        "endpoint_count": 91,
        "center_inside_rate": 0.8791208791208791,
        "center_outside_rate": 0.1208791208791209,
        "box_intersection_rate": 0.9010989010989011,
        "all_corners_inside_rate": 0.8131868131868132,
        "target_visible_endpoint_count": 71,
        "has_target_point_rate": 0.8591549295774648,
        "no_target_point_rate": 0.14084507042253525,
        "target_point_recall": {
          "count": 71,
          "mean": 0.8201867757995328,
          "min": 0.0,
          "p25": 1.0,
          "p50": 1.0,
          "p75": 1.0,
          "p95": 1.0,
          "max": 1.0
        },
        "crop_point_count": {
          "count": 91,
          "mean": 111.54945054945055,
          "min": 0.0,
          "p25": 3.0,
          "p50": 12.0,
          "p75": 91.5,
          "p95": 260.5,
          "max": 3053.0
        }
      },
      "gt_history_cv": {
        "endpoint_count": 91,
        "center_inside_rate": 0.989010989010989,
        "center_outside_rate": 0.01098901098901095,
        "box_intersection_rate": 1.0,
        "all_corners_inside_rate": 0.967032967032967,
        "target_visible_endpoint_count": 71,
        "has_target_point_rate": 1.0,
        "no_target_point_rate": 0.0,
        "target_point_recall": {
          "count": 71,
          "mean": 0.9959026888604354,
          "min": 0.7090909090909091,
          "p25": 1.0,
          "p50": 1.0,
          "p75": 1.0,
          "p95": 1.0,
          "max": 1.0
        },
        "crop_point_count": {
          "count": 91,
          "mean": 138.27472527472528,
          "min": 0.0,
          "p25": 3.0,
          "p50": 9.0,
          "p75": 114.0,
          "p95": 821.5,
          "max": 2012.0
        }
      },
      "a1_pred_history_cv": {
        "endpoint_count": 91,
        "center_inside_rate": 0.945054945054945,
        "center_outside_rate": 0.05494505494505497,
        "box_intersection_rate": 0.9560439560439561,
        "all_corners_inside_rate": 0.8901098901098901,
        "target_visible_endpoint_count": 71,
        "has_target_point_rate": 0.9295774647887324,
        "no_target_point_rate": 0.07042253521126762,
        "target_point_recall": {
          "count": 71,
          "mean": 0.9050645287486382,
          "min": 0.0,
          "p25": 1.0,
          "p50": 1.0,
          "p75": 1.0,
          "p95": 1.0,
          "max": 1.0
        },
        "crop_point_count": {
          "count": 91,
          "mean": 145.58241758241758,
          "min": 0.0,
          "p25": 3.0,
          "p50": 9.0,
          "p75": 84.0,
          "p95": 672.5,
          "max": 2732.0
        }
      }
    },
    "(2, 4]": {
      "previous_gt": {
        "endpoint_count": 69,
        "center_inside_rate": 0.7536231884057971,
        "center_outside_rate": 0.24637681159420288,
        "box_intersection_rate": 0.8115942028985508,
        "all_corners_inside_rate": 0.6811594202898551,
        "target_visible_endpoint_count": 42,
        "has_target_point_rate": 0.7619047619047619,
        "no_target_point_rate": 0.23809523809523814,
        "target_point_recall": {
          "count": 42,
          "mean": 0.6949465607296826,
          "min": 0.0,
          "p25": 0.06770833333333333,
          "p50": 1.0,
          "p75": 1.0,
          "p95": 1.0,
          "max": 1.0
        },
        "crop_point_count": {
          "count": 69,
          "mean": 384.1014492753623,
          "min": 0.0,
          "p25": 2.0,
          "p50": 8.0,
          "p75": 133.0,
          "p95": 2419.2,
          "max": 7168.0
        }
      },
      "previous_a1_pred": {
        "endpoint_count": 69,
        "center_inside_rate": 0.6376811594202898,
        "center_outside_rate": 0.3623188405797102,
        "box_intersection_rate": 0.7391304347826086,
        "all_corners_inside_rate": 0.15942028985507245,
        "target_visible_endpoint_count": 42,
        "has_target_point_rate": 0.6428571428571429,
        "no_target_point_rate": 0.3571428571428571,
        "target_point_recall": {
          "count": 42,
          "mean": 0.5192076546125046,
          "min": 0.0,
          "p25": 0.0,
          "p50": 0.6740224266820012,
          "p75": 1.0,
          "p95": 1.0,
          "max": 1.0
        },
        "crop_point_count": {
          "count": 69,
          "mean": 314.7391304347826,
          "min": 0.0,
          "p25": 2.0,
          "p50": 24.0,
          "p75": 106.0,
          "p95": 2003.3999999999962,
          "max": 7617.0
        }
      },
      "gt_history_cv": {
        "endpoint_count": 69,
        "center_inside_rate": 0.9710144927536232,
        "center_outside_rate": 0.02898550724637683,
        "box_intersection_rate": 0.9855072463768116,
        "all_corners_inside_rate": 0.927536231884058,
        "target_visible_endpoint_count": 42,
        "has_target_point_rate": 0.9761904761904762,
        "no_target_point_rate": 0.023809523809523836,
        "target_point_recall": {
          "count": 42,
          "mean": 0.9497337662337662,
          "min": 0.0,
          "p25": 1.0,
          "p50": 1.0,
          "p75": 1.0,
          "p95": 1.0,
          "max": 1.0
        },
        "crop_point_count": {
          "count": 69,
          "mean": 486.5072463768116,
          "min": 0.0,
          "p25": 2.0,
          "p50": 10.0,
          "p75": 110.0,
          "p95": 1398.7999999999963,
          "max": 17356.0
        }
      },
      "a1_pred_history_cv": {
        "endpoint_count": 69,
        "center_inside_rate": 0.6521739130434783,
        "center_outside_rate": 0.34782608695652173,
        "box_intersection_rate": 0.782608695652174,
        "all_corners_inside_rate": 0.18840579710144928,
        "target_visible_endpoint_count": 42,
        "has_target_point_rate": 0.6428571428571429,
        "no_target_point_rate": 0.3571428571428571,
        "target_point_recall": {
          "count": 42,
          "mean": 0.5792270318296676,
          "min": 0.0,
          "p25": 0.0,
          "p50": 0.8348902528760387,
          "p75": 1.0,
          "p95": 1.0,
          "max": 1.0
        },
        "crop_point_count": {
          "count": 69,
          "mean": 472.8840579710145,
          "min": 0.0,
          "p25": 2.0,
          "p50": 22.0,
          "p75": 129.0,
          "p95": 1376.799999999995,
          "max": 15701.0
        }
      }
    }
  },
  "cfg": "/home/lishengjie/study/lcyu/CT-SeqTrack/cfgs/seqtrack3d_nuscenes_a1_order_vr_gap1124.yaml",
  "cfg_sha256": "7998968a0495191b722b85162c04d48d4f62d4277ae500441d76e608e448554e",
  "weights": "/home/lishengjie/study/lcyu/CT-SeqTrack/output/20260531-2322-seqtrack3d_nuscenes_a1_order-ct_a1_order_car_60ep_bs16_gpu1/lightning_logs/version_0/checkpoints/last.ckpt",
  "weights_sha256": "a2fbffb1e5acae37adab3cb858e864857cc1d6c2231f9e0848df719614f24a82",
  "reference_endpoints_csv": "/home/lishengjie/study/lcyu/CT-SeqTrack/output/diagnostics/crop_reachability/gap1124_train/crop_reachability_endpoints.csv",
  "reference_endpoints_sha256": "84cf3a8f7db454bec1a6f0c77b4e61147df203038802a58ff9483addd8511779",
  "reference_match": {
    "reference_endpoint_count": 2127,
    "observed_endpoint_count": 2127,
    "missing_endpoint_count": 0,
    "unexpected_endpoint_count": 0,
    "allow_partial_reference": false,
    "exact_match": true
  },
  "split": "mini_train",
  "virtual_rate_mode": "gap_pattern",
  "base_scale": 1.25,
  "base_offset": 2.0,
  "target_wlh_factor": 1.0,
  "require_full_history": true,
  "seed": 42,
  "device": "cuda:0",
  "runtime_seconds": 274.1232054233551,
  "note": "One baseline A1 trajectory is run recursively with its normal previous-prediction anchor. The other anchors are passive counterfactual crop diagnostics on the same endpoint and do not alter the prediction history. previous_gt and gt_history_cv are oracle references; previous_a1_pred and a1_pred_history_cv are GT-free."
}
endpoint csv: output/diagnostics/recursive_crop_reachability/gap1124_a1_recursive/recursive_crop_reachability_endpoints.csv
summary json: output/diagnostics/recursive_crop_reachability/gap1124_a1_recursive/recursive_crop_reachability_summary.json
