{
  "endpoint_count": 220,
  "tracklet_count": 9,
  "visible_endpoint_count": 164,
  "current_obs_crop_miss_prevalence": 0.21341463414634146,
  "current_obs_drift_prevalence": 0.19090909090909092,
  "next_obs_crop_miss_labeled_count": 158,
  "next_obs_crop_miss_prevalence": 0.22151898734177214,
  "selector_labeled_count": 36,
  "trajectory_better_prevalence": 0.0,
  "obs_empty_fallback_rate": 0.17272727272727273,
  "traj_empty_fallback_rate": 0.17272727272727273,
  "obs_candidate_error": {
    "count": 220,
    "mean": 4.745109537516279,
    "min": 0.047521471526746524,
    "p25": 0.3306096236078245,
    "p50": 0.6739178610179037,
    "p75": 1.443874985878902,
    "p95": 29.971088523699866,
    "max": 49.21424048499154
  },
  "traj_candidate_error": {
    "count": 220,
    "mean": 5.1436650642184905,
    "min": 0.06054566948992009,
    "p25": 0.3925740496720778,
    "p50": 0.7661184519177093,
    "p75": 2.9989895804284017,
    "p95": 29.973147127814034,
    "max": 49.19931093914579
  },
  "cv_speed": {
    "count": 220,
    "mean": 0.9330111270386594,
    "min": 0.0,
    "p25": 0.03239789147206705,
    "p50": 0.08093683124762102,
    "p75": 0.16309777411470944,
    "p95": 6.336897176910854,
    "max": 11.005839398428755
  },
  "cv_shift": {
    "count": 220,
    "mean": 0.46652525811451073,
    "min": 0.0,
    "p25": 0.016989447624183654,
    "p50": 0.04041838607080505,
    "p75": 0.08148436249137606,
    "p95": 3.1508079677972356,
    "max": 5.495270749151048
  },
  "candidate_center_distance": {
    "count": 220,
    "mean": 0.6154414630283366,
    "min": 0.0,
    "p25": 0.015683778038837304,
    "p50": 0.038123109378288014,
    "p75": 0.0742631176310798,
    "p95": 4.201107951497081,
    "max": 8.193532319506113
  },
  "passive_crop_complementarity": {
    "obs_has_target_point_rate": 0.7865853658536586,
    "traj_has_target_point_rate": 0.7865853658536586,
    "dual_union_has_target_point_rate": 0.7865853658536586,
    "traj_only_endpoint_count": 0,
    "obs_only_endpoint_count": 0,
    "both_miss_endpoint_count": 35,
    "obs_target_point_recall_mean": 0.7775014383491687,
    "traj_target_point_recall_mean": 0.7801625264171235,
    "dual_oracle_target_point_recall_mean": 0.7801625264171235
  },
  "cfg": "/home/lishengjie/study/lcyu/CT-SeqTrack/cfgs/seqtrack3d_nuscenes_a1_order.yaml",
  "cfg_sha256": "bddbb6ad26188dfd09371067af110f3254ca059d08620f99208431a6a3b4beff",
  "weights": "/home/lishengjie/study/lcyu/CT-SeqTrack/output/20260531-2322-seqtrack3d_nuscenes_a1_order-ct_a1_order_car_60ep_bs16_gpu1/lightning_logs/version_0/checkpoints/last.ckpt",
  "weights_sha256": "a2fbffb1e5acae37adab3cb858e864857cc1d6c2231f9e0848df719614f24a82",
  "reference_endpoints_csv": "/home/lishengjie/study/lcyu/CT-SeqTrack/output/diagnostics/crop_reachability/standard_train/crop_reachability_endpoints.csv",
  "reference_endpoints_sha256": "9e0e30ecfdf078170baab632468e8d964a62bb29dfd1a8d3054d92c85fda4140",
  "reference_match": {
    "reference_endpoint_count": 220,
    "observed_endpoint_count": 220,
    "missing_endpoint_count": 0,
    "unexpected_endpoint_count": 0,
    "allow_partial_reference": false,
    "exact_match": true
  },
  "split": "mini_train",
  "version": "v1.0-mini",
  "virtual_rate_mode": "none",
  "base_scale": 1.25,
  "base_offset": 2.0,
  "target_wlh_factor": 1.0,
  "prediction_error_threshold": 4.0,
  "selector_margin": 0.25,
  "require_full_history": true,
  "seed": 42,
  "device": "cuda:0",
  "git": {
    "commit": "f28f495dfd6f582fe4599617a488b62e5b1d5e19",
    "dirty": true,
    "status_porcelain": "M compare_results/data/latest_5runs_diagnostics_summary.csv\n M compare_results/data/latest_5runs_hparams_summary.csv\n M compare_results/data/latest_5runs_metrics_points.csv\n M compare_results/data/latest_5runs_metrics_summary.csv\n M compare_results/data/latest_5runs_with_baseline_metrics_points.csv\n M compare_results/data/latest_5runs_with_baseline_metrics_summary.csv\n M compare_results/data/related_comparisons_metrics_points.csv\n M compare_results/data/related_comparisons_metrics_summary.csv\n M compare_results/figures/bar_charts/a1_time_variants_60ep_final_scores.svg\n M compare_results/figures/bar_charts/a2_dynamics_variants_60ep_final_scores.svg\n M compare_results/figures/bar_charts/a2_seed_stability_60ep_final_scores.svg\n M compare_results/figures/bar_charts/a3_gate_variants_60ep_final_scores.svg\n M compare_results/figures/bar_charts/latest_5runs_best_final_summary.svg\n M compare_results/figures/bar_charts/latest_5runs_with_baseline_final_scores.svg\n M compare_results/figures/bar_charts/long_training_180ep_final_scores.svg\n M compare_results/figures/bar_charts/main_a1_a2_p5_60ep_final_scores.svg\n M compare_results/figures/bar_charts/twc_related_60ep_final_scores.svg\n M compare_results/figures/delta_charts/a1_time_variants_60ep_final_delta_vs_baseline.svg\n M compare_results/figures/delta_charts/a2_dynamics_variants_60ep_final_delta_vs_baseline.svg\n M compare_results/figures/delta_charts/a2_seed_stability_60ep_final_delta_vs_baseline.svg\n M compare_results/figures/delta_charts/a3_gate_variants_60ep_final_delta_vs_baseline.svg\n M compare_results/figures/delta_charts/latest_5runs_with_baseline_final_delta_vs_baseline.svg\n M compare_results/figures/delta_charts/long_training_180ep_final_delta_vs_baseline.svg\n M compare_results/figures/delta_charts/main_a1_a2_p5_60ep_final_delta_vs_baseline.svg\n M compare_results/figures/delta_charts/twc_related_60ep_final_delta_vs_baseline.svg\n M compare_results/figures/diagnostics/latest_5runs_diagnostics_tail_mean.svg\n M compare_results/figures/line_charts/a1_time_variants_60ep_precision_curve.svg\n M compare_results/figures/line_charts/a1_time_variants_60ep_success_curve.svg\n M compare_results/figures/line_charts/a2_dynamics_variants_60ep_precision_curve.svg\n M compare_results/figures/line_charts/a2_dynamics_variants_60ep_success_curve.svg\n M compare_results/figures/line_charts/a2_seed_stability_60ep_precision_curve.svg\n M compare_results/figures/line_charts/a2_seed_stability_60ep_success_curve.svg\n M compare_results/figures/line_charts/a3_gate_variants_60ep_precision_curve.svg\n M compare_results/figures/line_charts/a3_gate_variants_60ep_success_curve.svg\n M compare_results/figures/line_charts/latest_5runs_precision_curve.svg\n M compare_results/figures/line_charts/latest_5runs_success_curve.svg\n M compare_results/figures/line_charts/latest_5runs_with_baseline_precision_curve.svg\n M compare_results/figures/line_charts/latest_5runs_with_baseline_success_curve.svg\n M compare_results/figures/line_charts/long_training_180ep_precision_curve.svg\n M compare_results/figures/line_charts/long_training_180ep_success_curve.svg\n M compare_results/figures/line_charts/main_a1_a2_p5_60ep_precision_curve.svg\n M compare_results/figures/line_charts/main_a1_a2_p5_60ep_success_curve.svg\n M compare_results/figures/line_charts/twc_related_60ep_precision_curve.svg\n M compare_results/figures/line_charts/twc_related_60ep_success_curve.svg\n M compare_results/reports/latest_5runs_comparison.md\n M compare_results/reports/latest_5runs_with_baseline_comparison.md\n M compare_results/reports/related_comparisons.md\n M tools/check_train_steps.py\n?? .last_corrected_twc_gpu3_run\n?? logs/\n?? tools/diagnose_crop_reachability.py\n?? tools/diagnose_recursive_crop_reachability.py\n?? tools/diagnose_reliability_signals.py\n?? tools/summarize_reliability_signals.py"
  },
  "runtime_seconds": 64.81410646438599,
  "feature_boundary": "Fields prefixed previous_prediction_error/current_gt/current_target/obs_candidate_error/traj_candidate_error/selector_label and crop GT metrics are offline labels only. Trigger features must use prev_obs_* plus current delta_t/CV geometry. Current obs/traj foreground features are post-crop selector evidence.",
  "note": "The observation candidate alone updates the recursive history. The raw real-dt predicted-history CV branch is passive and cannot change later endpoints. This tool diagnoses reliability and candidate complementarity; it is not an active dual-anchor tracker and does not train any parameter."
}
endpoint csv: output/diagnostics/reliability_signals/standard_p0b3_smoke/reliability_endpoints.csv
summary json: output/diagnostics/reliability_signals/standard_p0b3_smoke/reliability_summary.json
