{
  "decision": "RELIABILITY_GO_RAW_CV_ANCHOR_NO_GO",
  "reliability_go": true,
  "raw_cv_anchor_go": false,
  "reliability_protocol_checks": {
    "gap1124": {
      "pass": true,
      "auroc": 0.7871075018128796,
      "auprc": 0.6595790857890111,
      "prevalence": 0.3486360612109115,
      "auprc_margin": 0.31094302457809964,
      "required_auroc": 0.75,
      "required_auprc_margin": 0.15
    },
    "burst_drop": {
      "pass": true,
      "auroc": 0.7847079346092504,
      "auprc": 0.6705043437226674,
      "prevalence": 0.3572395128552097,
      "auprc_margin": 0.3132648308674577,
      "required_auroc": 0.75,
      "required_auprc_margin": 0.15
    }
  },
  "raw_cv_complementarity_checks": {
    "gap1124": {
      "pass": false,
      "dual_oracle_recall_gain_over_obs": 0.028816984390536926,
      "required_gain": 0.05
    },
    "burst_drop": {
      "pass": false,
      "dual_oracle_recall_gain_over_obs": 0.03149822952899706,
      "required_gain": 0.05
    }
  },
  "next_step": "Do not activate the raw recent-history CV anchor. Test one independent reliability-updated timestamp-aware Kalman/frozen-state anchor as a bounded kill-test."
}
summary json: /home/lishengjie/study/lcyu/CT-SeqTrack/output/diagnostics/reliability_signals/analysis/p0b3_reliability_20260720_summary.json
report markdown: /home/lishengjie/study/lcyu/CT-SeqTrack/output/diagnostics/reliability_signals/analysis/p0b3_reliability_20260720_report.md
