{
  "endpoint_count": 4246,
  "tracklet_count": 260,
  "visible_endpoint_count": 2996,
  "current_obs_crop_miss_prevalence": 0.2827102803738318,
  "current_obs_drift_prevalence": 0.28991992463495053,
  "next_obs_crop_miss_labeled_count": 2812,
  "next_obs_crop_miss_prevalence": 0.284850640113798,
  "selector_labeled_count": 719,
  "trajectory_better_prevalence": 0.3741307371349096,
  "obs_empty_fallback_rate": 0.21172868582195006,
  "traj_empty_fallback_rate": 0.21172868582195006,
  "obs_candidate_error": {
    "count": 4246,
    "mean": 15.644003743161113,
    "min": 0.0,
    "p25": 0.38875403283121757,
    "p50": 0.8828567921575009,
    "p75": 13.390812862462198,
    "p95": 81.70894993568265,
    "max": 312.3653382195277
  },
  "traj_candidate_error": {
    "count": 4246,
    "mean": 15.753186379353956,
    "min": 0.0,
    "p25": 0.44534218708735235,
    "p50": 1.0999284392344895,
    "p75": 12.857469507894155,
    "p95": 81.61423086371408,
    "max": 312.3653382195277
  },
  "cv_speed": {
    "count": 4246,
    "mean": 1.2472339771764522,
    "min": 0.0,
    "p25": 0.032297794669876305,
    "p50": 0.0865944120995017,
    "p75": 0.15766240009243393,
    "p95": 8.464650039483274,
    "max": 16.636911829501116
  },
  "cv_shift": {
    "count": 4246,
    "mean": 0.6205542045225614,
    "min": 0.0,
    "p25": 0.016075779715435487,
    "p50": 0.04293270633790275,
    "p75": 0.07798144548668776,
    "p95": 4.219880489228982,
    "max": 8.335008323222741
  },
  "candidate_center_distance": {
    "count": 4246,
    "mean": 0.7694599432685606,
    "min": 0.0,
    "p25": 0.014755612022481296,
    "p50": 0.04143739732149959,
    "p75": 0.07770626641796274,
    "p95": 5.395257259363545,
    "max": 10.761425470209947
  },
  "passive_crop_complementarity": {
    "obs_has_target_point_rate": 0.7172897196261683,
    "traj_has_target_point_rate": 0.7333110814419226,
    "dual_union_has_target_point_rate": 0.7343124165554072,
    "traj_only_endpoint_count": 51,
    "obs_only_endpoint_count": 3,
    "both_miss_endpoint_count": 796,
    "obs_target_point_recall_mean": 0.6975967786255785,
    "traj_target_point_recall_mean": 0.7268802670651267,
    "dual_oracle_target_point_recall_mean": 0.7279700432254137
  },
  "cfg": "/home/lishengjie/study/lcyu/CT-SeqTrack/cfgs/seqtrack3d_nuscenes_a1_order.yaml",
  "cfg_sha256": "bddbb6ad26188dfd09371067af110f3254ca059d08620f99208431a6a3b4beff",
  "weights": "/home/lishengjie/study/lcyu/CT-SeqTrack/output/20260531-2322-seqtrack3d_nuscenes_a1_order-ct_a1_order_car_60ep_bs16_gpu1/lightning_logs/version_0/checkpoints/last.ckpt",
  "weights_sha256": "a2fbffb1e5acae37adab3cb858e864857cc1d6c2231f9e0848df719614f24a82",
  "reference_endpoints_csv": "/home/lishengjie/study/lcyu/CT-SeqTrack/output/diagnostics/crop_reachability/standard_train/crop_reachability_endpoints.csv",
  "reference_endpoints_sha256": "9e0e30ecfdf078170baab632468e8d964a62bb29dfd1a8d3054d92c85fda4140",
  "reference_match": {
    "reference_endpoint_count": 4246,
    "observed_endpoint_count": 4246,
    "missing_endpoint_count": 0,
    "unexpected_endpoint_count": 0,
    "allow_partial_reference": false,
    "exact_match": true
  },
  "split": "mini_train",
  "version": "v1.0-mini",
  "virtual_rate_mode": "none",
  "base_scale": 1.25,
  "base_offset": 2.0,
  "target_wlh_factor": 1.0,
  "prediction_error_threshold": 4.0,
  "selector_margin": 0.25,
  "require_full_history": true,
  "seed": 42,
  "device": "cuda:0",
  "git": {
    "commit": "f28f495dfd6f582fe4599617a488b62e5b1d5e19",
    "dirty": true,
    "status_porcelain": "M compare_results/data/latest_5runs_diagnostics_summary.csv\n M compare_results/data/latest_5runs_hparams_summary.csv\n M compare_results/data/latest_5runs_metrics_points.csv\n M compare_results/data/latest_5runs_metrics_summary.csv\n M compare_results/data/latest_5runs_with_baseline_metrics_points.csv\n M compare_results/data/latest_5runs_with_baseline_metrics_summary.csv\n M compare_results/data/related_comparisons_metrics_points.csv\n M compare_results/data/related_comparisons_metrics_summary.csv\n M compare_results/figures/bar_charts/a1_time_variants_60ep_final_scores.svg\n M compare_results/figures/bar_charts/a2_dynamics_variants_60ep_final_scores.svg\n M compare_results/figures/bar_charts/a2_seed_stability_60ep_final_scores.svg\n M compare_results/figures/bar_charts/a3_gate_variants_60ep_final_scores.svg\n M compare_results/figures/bar_charts/latest_5runs_best_final_summary.svg\n M compare_results/figures/bar_charts/latest_5runs_with_baseline_final_scores.svg\n M compare_results/figures/bar_charts/long_training_180ep_final_scores.svg\n M compare_results/figures/bar_charts/main_a1_a2_p5_60ep_final_scores.svg\n M compare_results/figures/bar_charts/twc_related_60ep_final_scores.svg\n M compare_results/figures/delta_charts/a1_time_variants_60ep_final_delta_vs_baseline.svg\n M compare_results/figures/delta_charts/a2_dynamics_variants_60ep_final_delta_vs_baseline.svg\n M compare_results/figures/delta_charts/a2_seed_stability_60ep_final_delta_vs_baseline.svg\n M compare_results/figures/delta_charts/a3_gate_variants_60ep_final_delta_vs_baseline.svg\n M compare_results/figures/delta_charts/latest_5runs_with_baseline_final_delta_vs_baseline.svg\n M compare_results/figures/delta_charts/long_training_180ep_final_delta_vs_baseline.svg\n M compare_results/figures/delta_charts/main_a1_a2_p5_60ep_final_delta_vs_baseline.svg\n M compare_results/figures/delta_charts/twc_related_60ep_final_delta_vs_baseline.svg\n M compare_results/figures/diagnostics/latest_5runs_diagnostics_tail_mean.svg\n M compare_results/figures/line_charts/a1_time_variants_60ep_precision_curve.svg\n M compare_results/figures/line_charts/a1_time_variants_60ep_success_curve.svg\n M compare_results/figures/line_charts/a2_dynamics_variants_60ep_precision_curve.svg\n M compare_results/figures/line_charts/a2_dynamics_variants_60ep_success_curve.svg\n M compare_results/figures/line_charts/a2_seed_stability_60ep_precision_curve.svg\n M compare_results/figures/line_charts/a2_seed_stability_60ep_success_curve.svg\n M compare_results/figures/line_charts/a3_gate_variants_60ep_precision_curve.svg\n M compare_results/figures/line_charts/a3_gate_variants_60ep_success_curve.svg\n M compare_results/figures/line_charts/latest_5runs_precision_curve.svg\n M compare_results/figures/line_charts/latest_5runs_success_curve.svg\n M compare_results/figures/line_charts/latest_5runs_with_baseline_precision_curve.svg\n M compare_results/figures/line_charts/latest_5runs_with_baseline_success_curve.svg\n M compare_results/figures/line_charts/long_training_180ep_precision_curve.svg\n M compare_results/figures/line_charts/long_training_180ep_success_curve.svg\n M compare_results/figures/line_charts/main_a1_a2_p5_60ep_precision_curve.svg\n M compare_results/figures/line_charts/main_a1_a2_p5_60ep_success_curve.svg\n M compare_results/figures/line_charts/twc_related_60ep_precision_curve.svg\n M compare_results/figures/line_charts/twc_related_60ep_success_curve.svg\n M compare_results/reports/latest_5runs_comparison.md\n M compare_results/reports/latest_5runs_with_baseline_comparison.md\n M compare_results/reports/related_comparisons.md\n M tools/check_train_steps.py\n?? .last_corrected_twc_gpu3_run\n?? logs/\n?? tools/diagnose_crop_reachability.py\n?? tools/diagnose_recursive_crop_reachability.py\n?? tools/diagnose_reliability_signals.py\n?? tools/summarize_reliability_signals.py"
  },
  "runtime_seconds": 957.9885532855988,
  "feature_boundary": "Fields prefixed previous_prediction_error/current_gt/current_target/obs_candidate_error/traj_candidate_error/selector_label and crop GT metrics are offline labels only. Trigger features must use prev_obs_* plus current delta_t/CV geometry. Current obs/traj foreground features are post-crop selector evidence.",
  "note": "The observation candidate alone updates the recursive history. The raw real-dt predicted-history CV branch is passive and cannot change later endpoints. This tool diagnoses reliability and candidate complementarity; it is not an active dual-anchor tracker and does not train any parameter."
}
endpoint csv: output/diagnostics/reliability_signals/standard_p0b3/reliability_endpoints.csv
summary json: output/diagnostics/reliability_signals/standard_p0b3/reliability_summary.json
