virtual-rate mode=burst_drop tracklets=243/274 frames=2827/5051 drop=0.440 tag=vr_burst_k323_s233
{
  "endpoint_count": 2098,
  "tracklet_count": 243,
  "visible_endpoint_count": 1478,
  "current_obs_crop_miss_prevalence": 0.3572395128552097,
  "current_obs_drift_prevalence": 0.3646329837940896,
  "next_obs_crop_miss_labeled_count": 1295,
  "next_obs_crop_miss_prevalence": 0.35057915057915057,
  "selector_labeled_count": 401,
  "trajectory_better_prevalence": 0.6633416458852868,
  "obs_empty_fallback_rate": 0.2020972354623451,
  "traj_empty_fallback_rate": 0.20162059103908483,
  "obs_candidate_error": {
    "count": 2098,
    "mean": 20.475518867770653,
    "min": 0.0,
    "p25": 0.34242517809493944,
    "p50": 0.7835261467661125,
    "p75": 24.54535658117082,
    "p95": 104.13835637746534,
    "max": 312.3653382195277
  },
  "traj_candidate_error": {
    "count": 2098,
    "mean": 19.920155979134346,
    "min": 0.0,
    "p25": 0.3893486658962764,
    "p50": 0.8356332883500728,
    "p75": 21.447209857888488,
    "p95": 103.17252022155995,
    "max": 312.3653382195277
  },
  "cv_speed": {
    "count": 2098,
    "mean": 0.9469594953502765,
    "min": 0.0,
    "p25": 0.013428325500174965,
    "p50": 0.05230136671365829,
    "p75": 0.1365846583047995,
    "p95": 7.203006297350437,
    "max": 15.572281475613812
  },
  "cv_shift": {
    "count": 2098,
    "mean": 1.114917636572527,
    "min": 0.0,
    "p25": 0.006601101516811153,
    "p50": 0.0395682888501097,
    "p75": 0.19858832697045864,
    "p95": 9.021310513695369,
    "max": 24.40683393925405
  },
  "candidate_center_distance": {
    "count": 2098,
    "mean": 1.397619083277774,
    "min": 0.0,
    "p25": 0.006221734455235156,
    "p50": 0.03969432232807714,
    "p75": 0.193822400205025,
    "p95": 12.139874916025734,
    "max": 28.291277652629738
  },
  "passive_crop_complementarity": {
    "obs_has_target_point_rate": 0.6427604871447903,
    "traj_has_target_point_rate": 0.6698240866035182,
    "dual_union_has_target_point_rate": 0.6732070365358592,
    "traj_only_endpoint_count": 45,
    "obs_only_endpoint_count": 5,
    "both_miss_endpoint_count": 483,
    "obs_target_point_recall_mean": 0.6319345583420436,
    "traj_target_point_recall_mean": 0.6613427349768878,
    "dual_oracle_target_point_recall_mean": 0.6634327878710407
  },
  "cfg": "/home/lishengjie/study/lcyu/CT-SeqTrack/cfgs/seqtrack3d_nuscenes_a1_order_vr_burst_drop.yaml",
  "cfg_sha256": "50c21bd9eb914a8154ffb791954e39a1edded739496466ed8d4ebdd51e0b3446",
  "weights": "/home/lishengjie/study/lcyu/CT-SeqTrack/output/20260531-2322-seqtrack3d_nuscenes_a1_order-ct_a1_order_car_60ep_bs16_gpu1/lightning_logs/version_0/checkpoints/last.ckpt",
  "weights_sha256": "a2fbffb1e5acae37adab3cb858e864857cc1d6c2231f9e0848df719614f24a82",
  "reference_endpoints_csv": "/home/lishengjie/study/lcyu/CT-SeqTrack/output/diagnostics/crop_reachability/burst_drop_train/crop_reachability_endpoints.csv",
  "reference_endpoints_sha256": "daeae94f57c914acfabe8df12fb3f832363ad19bc852e5a5fc053291c3a332ce",
  "reference_match": {
    "reference_endpoint_count": 2098,
    "observed_endpoint_count": 2098,
    "missing_endpoint_count": 0,
    "unexpected_endpoint_count": 0,
    "allow_partial_reference": false,
    "exact_match": true
  },
  "split": "mini_train",
  "version": "v1.0-mini",
  "virtual_rate_mode": "burst_drop",
  "base_scale": 1.25,
  "base_offset": 2.0,
  "target_wlh_factor": 1.0,
  "prediction_error_threshold": 4.0,
  "selector_margin": 0.25,
  "require_full_history": true,
  "seed": 42,
  "device": "cuda:0",
  "git": {
    "commit": "f28f495dfd6f582fe4599617a488b62e5b1d5e19",
    "dirty": true,
    "status_porcelain": "M compare_results/data/latest_5runs_diagnostics_summary.csv\n M compare_results/data/latest_5runs_hparams_summary.csv\n M compare_results/data/latest_5runs_metrics_points.csv\n M compare_results/data/latest_5runs_metrics_summary.csv\n M compare_results/data/latest_5runs_with_baseline_metrics_points.csv\n M compare_results/data/latest_5runs_with_baseline_metrics_summary.csv\n M compare_results/data/related_comparisons_metrics_points.csv\n M compare_results/data/related_comparisons_metrics_summary.csv\n M compare_results/figures/bar_charts/a1_time_variants_60ep_final_scores.svg\n M compare_results/figures/bar_charts/a2_dynamics_variants_60ep_final_scores.svg\n M compare_results/figures/bar_charts/a2_seed_stability_60ep_final_scores.svg\n M compare_results/figures/bar_charts/a3_gate_variants_60ep_final_scores.svg\n M compare_results/figures/bar_charts/latest_5runs_best_final_summary.svg\n M compare_results/figures/bar_charts/latest_5runs_with_baseline_final_scores.svg\n M compare_results/figures/bar_charts/long_training_180ep_final_scores.svg\n M compare_results/figures/bar_charts/main_a1_a2_p5_60ep_final_scores.svg\n M compare_results/figures/bar_charts/twc_related_60ep_final_scores.svg\n M compare_results/figures/delta_charts/a1_time_variants_60ep_final_delta_vs_baseline.svg\n M compare_results/figures/delta_charts/a2_dynamics_variants_60ep_final_delta_vs_baseline.svg\n M compare_results/figures/delta_charts/a2_seed_stability_60ep_final_delta_vs_baseline.svg\n M compare_results/figures/delta_charts/a3_gate_variants_60ep_final_delta_vs_baseline.svg\n M compare_results/figures/delta_charts/latest_5runs_with_baseline_final_delta_vs_baseline.svg\n M compare_results/figures/delta_charts/long_training_180ep_final_delta_vs_baseline.svg\n M compare_results/figures/delta_charts/main_a1_a2_p5_60ep_final_delta_vs_baseline.svg\n M compare_results/figures/delta_charts/twc_related_60ep_final_delta_vs_baseline.svg\n M compare_results/figures/diagnostics/latest_5runs_diagnostics_tail_mean.svg\n M compare_results/figures/line_charts/a1_time_variants_60ep_precision_curve.svg\n M compare_results/figures/line_charts/a1_time_variants_60ep_success_curve.svg\n M compare_results/figures/line_charts/a2_dynamics_variants_60ep_precision_curve.svg\n M compare_results/figures/line_charts/a2_dynamics_variants_60ep_success_curve.svg\n M compare_results/figures/line_charts/a2_seed_stability_60ep_precision_curve.svg\n M compare_results/figures/line_charts/a2_seed_stability_60ep_success_curve.svg\n M compare_results/figures/line_charts/a3_gate_variants_60ep_precision_curve.svg\n M compare_results/figures/line_charts/a3_gate_variants_60ep_success_curve.svg\n M compare_results/figures/line_charts/latest_5runs_precision_curve.svg\n M compare_results/figures/line_charts/latest_5runs_success_curve.svg\n M compare_results/figures/line_charts/latest_5runs_with_baseline_precision_curve.svg\n M compare_results/figures/line_charts/latest_5runs_with_baseline_success_curve.svg\n M compare_results/figures/line_charts/long_training_180ep_precision_curve.svg\n M compare_results/figures/line_charts/long_training_180ep_success_curve.svg\n M compare_results/figures/line_charts/main_a1_a2_p5_60ep_precision_curve.svg\n M compare_results/figures/line_charts/main_a1_a2_p5_60ep_success_curve.svg\n M compare_results/figures/line_charts/twc_related_60ep_precision_curve.svg\n M compare_results/figures/line_charts/twc_related_60ep_success_curve.svg\n M compare_results/reports/latest_5runs_comparison.md\n M compare_results/reports/latest_5runs_with_baseline_comparison.md\n M compare_results/reports/related_comparisons.md\n M tools/check_train_steps.py\n?? .last_corrected_twc_gpu3_run\n?? logs/\n?? tools/diagnose_crop_reachability.py\n?? tools/diagnose_recursive_crop_reachability.py\n?? tools/diagnose_reliability_signals.py\n?? tools/summarize_reliability_signals.py"
  },
  "runtime_seconds": 476.3967399597168,
  "feature_boundary": "Fields prefixed previous_prediction_error/current_gt/current_target/obs_candidate_error/traj_candidate_error/selector_label and crop GT metrics are offline labels only. Trigger features must use prev_obs_* plus current delta_t/CV geometry. Current obs/traj foreground features are post-crop selector evidence.",
  "note": "The observation candidate alone updates the recursive history. The raw real-dt predicted-history CV branch is passive and cannot change later endpoints. This tool diagnoses reliability and candidate complementarity; it is not an active dual-anchor tracker and does not train any parameter."
}
endpoint csv: output/diagnostics/reliability_signals/burst_drop_p0b3/reliability_endpoints.csv
summary json: output/diagnostics/reliability_signals/burst_drop_p0b3/reliability_summary.json
