virtual-rate mode=burst_drop tracklets=243/274 frames=2827/5051 drop=0.440 tag=vr_burst_k323_s233
{
  "endpoint_count": 2098,
  "current_delta_t": {
    "count": 2098,
    "mean": 1.0006392011196983,
    "min": 0.3997788429260254,
    "p25": 0.4998810291290283,
    "p50": 0.5004541873931885,
    "p75": 1.5007479190826416,
    "p95": 2.001168966293335,
    "max": 2.1498990058898926
  },
  "displacement_norm": {
    "count": 2098,
    "mean": 3.4779180034867174,
    "min": 0.0,
    "p25": 0.030683791069419174,
    "p50": 0.13690687099985294,
    "p75": 4.692455218981106,
    "p95": 18.613280624348704,
    "max": 37.668142361948284
  },
  "modes": {
    "base": {
      "endpoint_count": 2098,
      "center_inside_rate": 0.7616777883698761,
      "center_outside_rate": 0.2383222116301239,
      "box_intersection_rate": 0.8336510962821735,
      "all_corners_inside_rate": 0.6668255481410867,
      "target_visible_endpoint_count": 1478,
      "has_target_point_rate": 0.8119079837618404,
      "no_target_point_rate": 0.18809201623815963,
      "target_point_recall": {
        "count": 1478,
        "mean": 0.7772356704564863,
        "min": 0.0,
        "p25": 0.8038012982726372,
        "p50": 1.0,
        "p75": 1.0,
        "p95": 1.0,
        "max": 1.0
      },
      "crop_point_count": {
        "count": 2098,
        "mean": 331.30123927550045,
        "min": 0.0,
        "p25": 2.0,
        "p50": 16.0,
        "p75": 114.0,
        "p95": 1993.4499999999969,
        "max": 13360.0
      }
    },
    "cv_recenter": {
      "endpoint_count": 2098,
      "center_inside_rate": 0.9909437559580553,
      "center_outside_rate": 0.009056244041944717,
      "box_intersection_rate": 0.9966634890371783,
      "all_corners_inside_rate": 0.9671115347950429,
      "target_visible_endpoint_count": 1478,
      "has_target_point_rate": 0.9945872801082544,
      "no_target_point_rate": 0.005412719891745632,
      "target_point_recall": {
        "count": 1478,
        "mean": 0.9904500248243698,
        "min": 0.0,
        "p25": 1.0,
        "p50": 1.0,
        "p75": 1.0,
        "p95": 1.0,
        "max": 1.0
      },
      "crop_point_count": {
        "count": 2098,
        "mean": 290.09056244041943,
        "min": 0.0,
        "p25": 2.0,
        "p50": 17.0,
        "p75": 110.0,
        "p95": 1836.4499999999996,
        "max": 11810.0
      }
    },
    "expanded": {
      "endpoint_count": 2098,
      "center_inside_rate": 0.877025738798856,
      "center_outside_rate": 0.12297426120114396,
      "box_intersection_rate": 0.9003813155386082,
      "all_corners_inside_rate": 0.8427073403241182,
      "target_visible_endpoint_count": 1478,
      "has_target_point_rate": 0.8883626522327469,
      "no_target_point_rate": 0.11163734776725309,
      "target_point_recall": {
        "count": 1478,
        "mean": 0.8764627155192771,
        "min": 0.0,
        "p25": 1.0,
        "p50": 1.0,
        "p75": 1.0,
        "p95": 1.0,
        "max": 1.0
      },
      "crop_point_count": {
        "count": 2098,
        "mean": 1718.7735938989513,
        "min": 0.0,
        "p25": 15.0,
        "p50": 109.5,
        "p75": 700.25,
        "p95": 15718.04999999999,
        "max": 25773.0
      }
    }
  },
  "delta_t_buckets": {
    "(1, 2]": {
      "base": {
        "endpoint_count": 623,
        "center_inside_rate": 0.6613162118780096,
        "center_outside_rate": 0.3386837881219904,
        "box_intersection_rate": 0.680577849117175,
        "all_corners_inside_rate": 0.6356340288924559,
        "target_visible_endpoint_count": 435,
        "has_target_point_rate": 0.664367816091954,
        "no_target_point_rate": 0.33563218390804594,
        "target_point_recall": {
          "count": 435,
          "mean": 0.6573042402385721,
          "min": 0.0,
          "p25": 0.0,
          "p50": 1.0,
          "p75": 1.0,
          "p95": 1.0,
          "max": 1.0
        },
        "crop_point_count": {
          "count": 623,
          "mean": 386.81540930979133,
          "min": 0.0,
          "p25": 2.0,
          "p50": 14.0,
          "p75": 116.5,
          "p95": 2426.1,
          "max": 13167.0
        }
      },
      "expanded": {
        "endpoint_count": 623,
        "center_inside_rate": 0.7142857142857143,
        "center_outside_rate": 0.2857142857142857,
        "box_intersection_rate": 0.7736757624398074,
        "all_corners_inside_rate": 0.680577849117175,
        "target_visible_endpoint_count": 435,
        "has_target_point_rate": 0.7425287356321839,
        "no_target_point_rate": 0.2574712643678161,
        "target_point_recall": {
          "count": 435,
          "mean": 0.7117712577506513,
          "min": 0.0,
          "p25": 0.0,
          "p50": 1.0,
          "p75": 1.0,
          "p95": 1.0,
          "max": 1.0
        },
        "crop_point_count": {
          "count": 623,
          "mean": 1859.0112359550562,
          "min": 0.0,
          "p25": 14.0,
          "p50": 98.0,
          "p75": 663.5,
          "p95": 16066.999999999998,
          "max": 25773.0
        }
      },
      "cv_recenter": {
        "endpoint_count": 623,
        "center_inside_rate": 0.9807383627608347,
        "center_outside_rate": 0.019261637239165297,
        "box_intersection_rate": 0.9935794542536116,
        "all_corners_inside_rate": 0.92776886035313,
        "target_visible_endpoint_count": 435,
        "has_target_point_rate": 0.9885057471264368,
        "no_target_point_rate": 0.011494252873563204,
        "target_point_recall": {
          "count": 435,
          "mean": 0.978078480899202,
          "min": 0.0,
          "p25": 1.0,
          "p50": 1.0,
          "p75": 1.0,
          "p95": 1.0,
          "max": 1.0
        },
        "crop_point_count": {
          "count": 623,
          "mean": 308.09309791332265,
          "min": 0.0,
          "p25": 2.0,
          "p50": 17.0,
          "p75": 100.5,
          "p95": 1864.9,
          "max": 11417.0
        }
      }
    },
    "<= 0.5": {
      "base": {
        "endpoint_count": 755,
        "center_inside_rate": 0.8145695364238411,
        "center_outside_rate": 0.1854304635761589,
        "box_intersection_rate": 0.937748344370861,
        "all_corners_inside_rate": 0.6370860927152318,
        "target_visible_endpoint_count": 518,
        "has_target_point_rate": 0.9054054054054054,
        "no_target_point_rate": 0.09459459459459463,
        "target_point_recall": {
          "count": 518,
          "mean": 0.8365901234011497,
          "min": 0.0,
          "p25": 0.9068322981366459,
          "p50": 1.0,
          "p75": 1.0,
          "p95": 1.0,
          "max": 1.0
        },
        "crop_point_count": {
          "count": 755,
          "mean": 279.18543046357615,
          "min": 0.0,
          "p25": 2.0,
          "p50": 14.0,
          "p75": 107.0,
          "p95": 1830.1999999999998,
          "max": 6043.0
        }
      },
      "expanded": {
        "endpoint_count": 755,
        "center_inside_rate": 0.9986754966887417,
        "center_outside_rate": 0.0013245033112583293,
        "box_intersection_rate": 0.9986754966887417,
        "all_corners_inside_rate": 0.952317880794702,
        "target_visible_endpoint_count": 518,
        "has_target_point_rate": 0.9980694980694981,
        "no_target_point_rate": 0.0019305019305019266,
        "target_point_recall": {
          "count": 518,
          "mean": 0.9953223211233893,
          "min": 0.0,
          "p25": 1.0,
          "p50": 1.0,
          "p75": 1.0,
          "p95": 1.0,
          "max": 1.0
        },
        "crop_point_count": {
          "count": 755,
          "mean": 1597.81059602649,
          "min": 0.0,
          "p25": 13.0,
          "p50": 112.0,
          "p75": 723.5,
          "p95": 15211.99999999999,
          "max": 25661.0
        }
      },
      "cv_recenter": {
        "endpoint_count": 755,
        "center_inside_rate": 0.9986754966887417,
        "center_outside_rate": 0.0013245033112583293,
        "box_intersection_rate": 0.9986754966887417,
        "all_corners_inside_rate": 0.9986754966887417,
        "target_visible_endpoint_count": 518,
        "has_target_point_rate": 1.0,
        "no_target_point_rate": 0.0,
        "target_point_recall": {
          "count": 518,
          "mean": 1.0,
          "min": 1.0,
          "p25": 1.0,
          "p50": 1.0,
          "p75": 1.0,
          "p95": 1.0,
          "max": 1.0
        },
        "crop_point_count": {
          "count": 755,
          "mean": 281.67814569536426,
          "min": 0.0,
          "p25": 2.0,
          "p50": 14.0,
          "p75": 110.5,
          "p95": 1842.299999999999,
          "max": 6467.0
        }
      }
    },
    "> 2": {
      "base": {
        "endpoint_count": 226,
        "center_inside_rate": 0.6504424778761062,
        "center_outside_rate": 0.3495575221238938,
        "box_intersection_rate": 0.6858407079646017,
        "all_corners_inside_rate": 0.6415929203539823,
        "target_visible_endpoint_count": 168,
        "has_target_point_rate": 0.6666666666666666,
        "no_target_point_rate": 0.33333333333333337,
        "target_point_recall": {
          "count": 168,
          "mean": 0.6416784593720486,
          "min": 0.0,
          "p25": 0.0,
          "p50": 1.0,
          "p75": 1.0,
          "p95": 1.0,
          "max": 1.0
        },
        "crop_point_count": {
          "count": 226,
          "mean": 447.35840707964604,
          "min": 0.0,
          "p25": 2.0,
          "p50": 22.0,
          "p75": 139.75,
          "p95": 2217.25,
          "max": 13360.0
        }
      },
      "expanded": {
        "endpoint_count": 226,
        "center_inside_rate": 0.6991150442477876,
        "center_outside_rate": 0.3008849557522124,
        "box_intersection_rate": 0.7256637168141593,
        "all_corners_inside_rate": 0.6858407079646017,
        "target_visible_endpoint_count": 168,
        "has_target_point_rate": 0.7083333333333334,
        "no_target_point_rate": 0.29166666666666663,
        "target_point_recall": {
          "count": 168,
          "mean": 0.6989024851547333,
          "min": 0.0,
          "p25": 0.0,
          "p50": 1.0,
          "p75": 1.0,
          "p95": 1.0,
          "max": 1.0
        },
        "crop_point_count": {
          "count": 226,
          "mean": 1883.075221238938,
          "min": 0.0,
          "p25": 21.0,
          "p50": 167.0,
          "p75": 928.25,
          "p95": 17953.0,
          "max": 22682.0
        }
      },
      "cv_recenter": {
        "endpoint_count": 226,
        "center_inside_rate": 0.9734513274336283,
        "center_outside_rate": 0.026548672566371723,
        "box_intersection_rate": 0.9911504424778761,
        "all_corners_inside_rate": 0.9026548672566371,
        "target_visible_endpoint_count": 168,
        "has_target_point_rate": 0.9821428571428571,
        "no_target_point_rate": 0.017857142857142905,
        "target_point_recall": {
          "count": 168,
          "mean": 0.9727440327337258,
          "min": 0.0,
          "p25": 1.0,
          "p50": 1.0,
          "p75": 1.0,
          "p95": 1.0,
          "max": 1.0
        },
        "crop_point_count": {
          "count": 226,
          "mean": 289.1814159292035,
          "min": 0.0,
          "p25": 4.0,
          "p50": 22.0,
          "p75": 112.5,
          "p95": 1708.5,
          "max": 11810.0
        }
      }
    },
    "(0.5, 1]": {
      "base": {
        "endpoint_count": 494,
        "center_inside_rate": 0.8582995951417004,
        "center_outside_rate": 0.1417004048582996,
        "box_intersection_rate": 0.9352226720647774,
        "all_corners_inside_rate": 0.7631578947368421,
        "target_visible_endpoint_count": 357,
        "has_target_point_rate": 0.9243697478991597,
        "no_target_point_rate": 0.07563025210084029,
        "target_point_recall": {
          "count": 357,
          "mean": 0.9010400877720111,
          "min": 0.0,
          "p25": 1.0,
          "p50": 1.0,
          "p75": 1.0,
          "p95": 1.0,
          "max": 1.0
        },
        "crop_point_count": {
          "count": 494,
          "mean": 287.84615384615387,
          "min": 0.0,
          "p25": 2.0,
          "p50": 18.0,
          "p75": 115.0,
          "p95": 1815.5999999999995,
          "max": 5749.0
        }
      },
      "expanded": {
        "endpoint_count": 494,
        "center_inside_rate": 0.9777327935222672,
        "center_outside_rate": 0.022267206477732837,
        "box_intersection_rate": 0.9898785425101214,
        "all_corners_inside_rate": 0.951417004048583,
        "target_visible_endpoint_count": 357,
        "has_target_point_rate": 0.9915966386554622,
        "no_target_point_rate": 0.008403361344537785,
        "target_point_recall": {
          "count": 357,
          "mean": 0.9882319791822053,
          "min": 0.0,
          "p25": 1.0,
          "p50": 1.0,
          "p75": 1.0,
          "p95": 1.0,
          "max": 1.0
        },
        "crop_point_count": {
          "count": 494,
          "mean": 1651.6214574898786,
          "min": 0.0,
          "p25": 17.25,
          "p50": 109.5,
          "p75": 619.75,
          "p95": 15409.749999999989,
          "max": 25673.0
        }
      },
      "cv_recenter": {
        "endpoint_count": 494,
        "center_inside_rate": 1.0,
        "center_outside_rate": 0.0,
        "box_intersection_rate": 1.0,
        "all_corners_inside_rate": 0.9979757085020243,
        "target_visible_endpoint_count": 357,
        "has_target_point_rate": 1.0,
        "no_target_point_rate": 0.0,
        "target_point_recall": {
          "count": 357,
          "mean": 1.0,
          "min": 1.0,
          "p25": 1.0,
          "p50": 1.0,
          "p75": 1.0,
          "p95": 1.0,
          "max": 1.0
        },
        "crop_point_count": {
          "count": 494,
          "mean": 280.6599190283401,
          "min": 0.0,
          "p25": 3.0,
          "p50": 18.5,
          "p75": 109.5,
          "p95": 1810.0,
          "max": 6232.0
        }
      }
    }
  },
  "displacement_buckets": {
    "<= 0.5": {
      "base": {
        "endpoint_count": 1297,
        "center_inside_rate": 1.0,
        "center_outside_rate": 0.0,
        "box_intersection_rate": 1.0,
        "all_corners_inside_rate": 1.0,
        "target_visible_endpoint_count": 897,
        "has_target_point_rate": 1.0,
        "no_target_point_rate": 0.0,
        "target_point_recall": {
          "count": 897,
          "mean": 1.0,
          "min": 1.0,
          "p25": 1.0,
          "p50": 1.0,
          "p75": 1.0,
          "p95": 1.0,
          "max": 1.0
        },
        "crop_point_count": {
          "count": 1297,
          "mean": 334.07247494217427,
          "min": 0.0,
          "p25": 4.0,
          "p50": 20.0,
          "p75": 137.0,
          "p95": 2409.2000000000003,
          "max": 6532.0
        }
      },
      "expanded": {
        "endpoint_count": 1297,
        "center_inside_rate": 1.0,
        "center_outside_rate": 0.0,
        "box_intersection_rate": 1.0,
        "all_corners_inside_rate": 1.0,
        "target_visible_endpoint_count": 897,
        "has_target_point_rate": 1.0,
        "no_target_point_rate": 0.0,
        "target_point_recall": {
          "count": 897,
          "mean": 1.0,
          "min": 1.0,
          "p25": 1.0,
          "p50": 1.0,
          "p75": 1.0,
          "p95": 1.0,
          "max": 1.0
        },
        "crop_point_count": {
          "count": 1297,
          "mean": 1856.4587509637624,
          "min": 0.0,
          "p25": 20.0,
          "p50": 136.0,
          "p75": 728.0,
          "p95": 15881.600000000002,
          "max": 25773.0
        }
      },
      "cv_recenter": {
        "endpoint_count": 1297,
        "center_inside_rate": 1.0,
        "center_outside_rate": 0.0,
        "box_intersection_rate": 1.0,
        "all_corners_inside_rate": 1.0,
        "target_visible_endpoint_count": 897,
        "has_target_point_rate": 1.0,
        "no_target_point_rate": 0.0,
        "target_point_recall": {
          "count": 897,
          "mean": 1.0,
          "min": 1.0,
          "p25": 1.0,
          "p50": 1.0,
          "p75": 1.0,
          "p95": 1.0,
          "max": 1.0
        },
        "crop_point_count": {
          "count": 1297,
          "mean": 335.01927525057823,
          "min": 0.0,
          "p25": 3.0,
          "p50": 20.0,
          "p75": 138.0,
          "p95": 2290.400000000007,
          "max": 6610.0
        }
      }
    },
    "> 4": {
      "base": {
        "endpoint_count": 592,
        "center_inside_rate": 0.1554054054054054,
        "center_outside_rate": 0.8445945945945946,
        "box_intersection_rate": 0.41047297297297297,
        "all_corners_inside_rate": 0.0,
        "target_visible_endpoint_count": 420,
        "has_target_point_rate": 0.36428571428571427,
        "no_target_point_rate": 0.6357142857142857,
        "target_point_recall": {
          "count": 420,
          "mean": 0.26846202975681605,
          "min": 0.0,
          "p25": 0.0,
          "p50": 0.0,
          "p75": 0.6332308995352474,
          "p95": 1.0,
          "max": 1.0
        },
        "crop_point_count": {
          "count": 592,
          "mean": 339.4121621621622,
          "min": 0.0,
          "p25": 0.0,
          "p50": 7.0,
          "p75": 67.25,
          "p95": 1736.999999999989,
          "max": 13360.0
        }
      },
      "expanded": {
        "endpoint_count": 592,
        "center_inside_rate": 0.5641891891891891,
        "center_outside_rate": 0.43581081081081086,
        "box_intersection_rate": 0.6469594594594594,
        "all_corners_inside_rate": 0.44256756756756754,
        "target_visible_endpoint_count": 420,
        "has_target_point_rate": 0.6071428571428571,
        "no_target_point_rate": 0.3928571428571429,
        "target_point_recall": {
          "count": 420,
          "mean": 0.5652664131845034,
          "min": 0.0,
          "p25": 0.0,
          "p50": 1.0,
          "p75": 1.0,
          "p95": 1.0,
          "max": 1.0
        },
        "crop_point_count": {
          "count": 592,
          "mean": 1345.0743243243244,
          "min": 0.0,
          "p25": 9.75,
          "p50": 81.0,
          "p75": 564.25,
          "p95": 12077.399999999881,
          "max": 22682.0
        }
      },
      "cv_recenter": {
        "endpoint_count": 592,
        "center_inside_rate": 0.9695945945945946,
        "center_outside_rate": 0.030405405405405372,
        "box_intersection_rate": 0.9881756756756757,
        "all_corners_inside_rate": 0.8918918918918919,
        "target_visible_endpoint_count": 420,
        "has_target_point_rate": 0.9809523809523809,
        "no_target_point_rate": 0.01904761904761909,
        "target_point_recall": {
          "count": 420,
          "mean": 0.9669222831253356,
          "min": 0.0,
          "p25": 1.0,
          "p50": 1.0,
          "p75": 1.0,
          "p95": 1.0,
          "max": 1.0
        },
        "crop_point_count": {
          "count": 592,
          "mean": 188.13851351351352,
          "min": 0.0,
          "p25": 1.0,
          "p50": 10.0,
          "p75": 74.0,
          "p95": 843.2999999999977,
          "max": 11810.0
        }
      }
    },
    "(2, 4]": {
      "base": {
        "endpoint_count": 129,
        "center_inside_rate": 1.0,
        "center_outside_rate": 0.0,
        "box_intersection_rate": 1.0,
        "all_corners_inside_rate": 0.17054263565891473,
        "target_visible_endpoint_count": 101,
        "has_target_point_rate": 0.8910891089108911,
        "no_target_point_rate": 0.1089108910891089,
        "target_point_recall": {
          "count": 101,
          "mean": 0.7821808756121172,
          "min": 0.0,
          "p25": 0.72,
          "p50": 0.9545454545454546,
          "p75": 1.0,
          "p95": 1.0,
          "max": 1.0
        },
        "crop_point_count": {
          "count": 129,
          "mean": 146.92248062015503,
          "min": 0.0,
          "p25": 2.0,
          "p50": 15.0,
          "p75": 70.0,
          "p95": 543.799999999999,
          "max": 3991.0
        }
      },
      "expanded": {
        "endpoint_count": 129,
        "center_inside_rate": 1.0,
        "center_outside_rate": 0.0,
        "box_intersection_rate": 1.0,
        "all_corners_inside_rate": 1.0,
        "target_visible_endpoint_count": 101,
        "has_target_point_rate": 1.0,
        "no_target_point_rate": 0.0,
        "target_point_recall": {
          "count": 101,
          "mean": 1.0,
          "min": 1.0,
          "p25": 1.0,
          "p50": 1.0,
          "p75": 1.0,
          "p95": 1.0,
          "max": 1.0
        },
        "crop_point_count": {
          "count": 129,
          "mean": 857.2403100775193,
          "min": 0.0,
          "p25": 15.0,
          "p50": 102.0,
          "p75": 465.0,
          "p95": 3255.5999999999995,
          "max": 20411.0
        }
      },
      "cv_recenter": {
        "endpoint_count": 129,
        "center_inside_rate": 1.0,
        "center_outside_rate": 0.0,
        "box_intersection_rate": 1.0,
        "all_corners_inside_rate": 0.9767441860465116,
        "target_visible_endpoint_count": 101,
        "has_target_point_rate": 1.0,
        "no_target_point_rate": 0.0,
        "target_point_recall": {
          "count": 101,
          "mean": 0.9977997799779977,
          "min": 0.7777777777777778,
          "p25": 1.0,
          "p50": 1.0,
          "p75": 1.0,
          "p95": 1.0,
          "max": 1.0
        },
        "crop_point_count": {
          "count": 129,
          "mean": 121.59689922480621,
          "min": 0.0,
          "p25": 2.0,
          "p50": 12.0,
          "p75": 77.0,
          "p95": 427.9999999999995,
          "max": 2139.0
        }
      }
    },
    "(0.5, 1]": {
      "base": {
        "endpoint_count": 31,
        "center_inside_rate": 1.0,
        "center_outside_rate": 0.0,
        "box_intersection_rate": 1.0,
        "all_corners_inside_rate": 1.0,
        "target_visible_endpoint_count": 23,
        "has_target_point_rate": 1.0,
        "no_target_point_rate": 0.0,
        "target_point_recall": {
          "count": 23,
          "mean": 1.0,
          "min": 1.0,
          "p25": 1.0,
          "p50": 1.0,
          "p75": 1.0,
          "p95": 1.0,
          "max": 1.0
        },
        "crop_point_count": {
          "count": 31,
          "mean": 496.35483870967744,
          "min": 0.0,
          "p25": 2.0,
          "p50": 7.0,
          "p75": 512.5,
          "p95": 2362.0,
          "max": 3053.0
        }
      },
      "expanded": {
        "endpoint_count": 31,
        "center_inside_rate": 1.0,
        "center_outside_rate": 0.0,
        "box_intersection_rate": 1.0,
        "all_corners_inside_rate": 1.0,
        "target_visible_endpoint_count": 23,
        "has_target_point_rate": 1.0,
        "no_target_point_rate": 0.0,
        "target_point_recall": {
          "count": 23,
          "mean": 1.0,
          "min": 1.0,
          "p25": 1.0,
          "p50": 1.0,
          "p75": 1.0,
          "p95": 1.0,
          "max": 1.0
        },
        "crop_point_count": {
          "count": 31,
          "mean": 3755.548387096774,
          "min": 0.0,
          "p25": 6.0,
          "p50": 22.0,
          "p75": 3424.0,
          "p95": 17631.0,
          "max": 18739.0
        }
      },
      "cv_recenter": {
        "endpoint_count": 31,
        "center_inside_rate": 1.0,
        "center_outside_rate": 0.0,
        "box_intersection_rate": 1.0,
        "all_corners_inside_rate": 1.0,
        "target_visible_endpoint_count": 23,
        "has_target_point_rate": 1.0,
        "no_target_point_rate": 0.0,
        "target_point_recall": {
          "count": 23,
          "mean": 1.0,
          "min": 1.0,
          "p25": 1.0,
          "p50": 1.0,
          "p75": 1.0,
          "p95": 1.0,
          "max": 1.0
        },
        "crop_point_count": {
          "count": 31,
          "mean": 765.516129032258,
          "min": 0.0,
          "p25": 2.0,
          "p50": 7.0,
          "p75": 462.5,
          "p95": 2296.0,
          "max": 11417.0
        }
      }
    },
    "(1, 2]": {
      "base": {
        "endpoint_count": 49,
        "center_inside_rate": 1.0,
        "center_outside_rate": 0.0,
        "box_intersection_rate": 1.0,
        "all_corners_inside_rate": 1.0,
        "target_visible_endpoint_count": 37,
        "has_target_point_rate": 1.0,
        "no_target_point_rate": 0.0,
        "target_point_recall": {
          "count": 37,
          "mean": 1.0,
          "min": 1.0,
          "p25": 1.0,
          "p50": 1.0,
          "p75": 1.0,
          "p95": 1.0,
          "max": 1.0
        },
        "crop_point_count": {
          "count": 49,
          "mean": 540.9387755102041,
          "min": 0.0,
          "p25": 3.0,
          "p50": 92.0,
          "p75": 647.0,
          "p95": 2719.7999999999993,
          "max": 2919.0
        }
      },
      "expanded": {
        "endpoint_count": 49,
        "center_inside_rate": 1.0,
        "center_outside_rate": 0.0,
        "box_intersection_rate": 1.0,
        "all_corners_inside_rate": 1.0,
        "target_visible_endpoint_count": 37,
        "has_target_point_rate": 1.0,
        "no_target_point_rate": 0.0,
        "target_point_recall": {
          "count": 37,
          "mean": 1.0,
          "min": 1.0,
          "p25": 1.0,
          "p50": 1.0,
          "p75": 1.0,
          "p95": 1.0,
          "max": 1.0
        },
        "crop_point_count": {
          "count": 49,
          "mean": 3568.7755102040815,
          "min": 2.0,
          "p25": 7.0,
          "p50": 412.0,
          "p75": 5384.0,
          "p95": 18086.6,
          "max": 19235.0
        }
      },
      "cv_recenter": {
        "endpoint_count": 49,
        "center_inside_rate": 0.9795918367346939,
        "center_outside_rate": 0.020408163265306145,
        "box_intersection_rate": 1.0,
        "all_corners_inside_rate": 0.9591836734693877,
        "target_visible_endpoint_count": 37,
        "has_target_point_rate": 1.0,
        "no_target_point_rate": 0.0,
        "target_point_recall": {
          "count": 37,
          "mean": 1.0,
          "min": 1.0,
          "p25": 1.0,
          "p50": 1.0,
          "p75": 1.0,
          "p95": 1.0,
          "max": 1.0
        },
        "crop_point_count": {
          "count": 49,
          "mean": 475.40816326530614,
          "min": 0.0,
          "p25": 3.0,
          "p50": 79.0,
          "p75": 625.0,
          "p95": 2079.999999999999,
          "max": 2317.0
        }
      }
    }
  },
  "target_point_buckets": {
    "(0, 5]": {
      "base": {
        "endpoint_count": 535,
        "center_inside_rate": 0.7757009345794392,
        "center_outside_rate": 0.22429906542056077,
        "box_intersection_rate": 0.8504672897196262,
        "all_corners_inside_rate": 0.6523364485981309,
        "target_visible_endpoint_count": 535,
        "has_target_point_rate": 0.8,
        "no_target_point_rate": 0.19999999999999996,
        "target_point_recall": {
          "count": 535,
          "mean": 0.7902180685358255,
          "min": 0.0,
          "p25": 1.0,
          "p50": 1.0,
          "p75": 1.0,
          "p95": 1.0,
          "max": 1.0
        },
        "crop_point_count": {
          "count": 535,
          "mean": 15.588785046728972,
          "min": 0.0,
          "p25": 2.0,
          "p50": 5.0,
          "p75": 15.0,
          "p95": 64.89999999999986,
          "max": 302.0
        }
      },
      "expanded": {
        "endpoint_count": 535,
        "center_inside_rate": 0.8672897196261682,
        "center_outside_rate": 0.1327102803738318,
        "box_intersection_rate": 0.897196261682243,
        "all_corners_inside_rate": 0.8523364485981308,
        "target_visible_endpoint_count": 535,
        "has_target_point_rate": 0.8803738317757009,
        "no_target_point_rate": 0.11962616822429906,
        "target_point_recall": {
          "count": 535,
          "mean": 0.8766355140186916,
          "min": 0.0,
          "p25": 1.0,
          "p50": 1.0,
          "p75": 1.0,
          "p95": 1.0,
          "max": 1.0
        },
        "crop_point_count": {
          "count": 535,
          "mean": 100.65607476635515,
          "min": 1.0,
          "p25": 10.0,
          "p50": 32.0,
          "p75": 110.5,
          "p95": 378.29999999999995,
          "max": 1381.0
        }
      },
      "cv_recenter": {
        "endpoint_count": 535,
        "center_inside_rate": 0.9869158878504672,
        "center_outside_rate": 0.013084112149532756,
        "box_intersection_rate": 0.9981308411214953,
        "all_corners_inside_rate": 0.9663551401869159,
        "target_visible_endpoint_count": 535,
        "has_target_point_rate": 0.9869158878504672,
        "no_target_point_rate": 0.013084112149532756,
        "target_point_recall": {
          "count": 535,
          "mean": 0.9864485981308411,
          "min": 0.0,
          "p25": 1.0,
          "p50": 1.0,
          "p75": 1.0,
          "p95": 1.0,
          "max": 1.0
        },
        "crop_point_count": {
          "count": 535,
          "mean": 13.590654205607477,
          "min": 0.0,
          "p25": 2.0,
          "p50": 5.0,
          "p75": 13.5,
          "p95": 54.0,
          "max": 192.0
        }
      }
    },
    "(5, 20]": {
      "base": {
        "endpoint_count": 345,
        "center_inside_rate": 0.7478260869565218,
        "center_outside_rate": 0.25217391304347825,
        "box_intersection_rate": 0.8347826086956521,
        "all_corners_inside_rate": 0.6521739130434783,
        "target_visible_endpoint_count": 345,
        "has_target_point_rate": 0.8115942028985508,
        "no_target_point_rate": 0.18840579710144922,
        "target_point_recall": {
          "count": 345,
          "mean": 0.7796087648261563,
          "min": 0.0,
          "p25": 0.8333333333333334,
          "p50": 1.0,
          "p75": 1.0,
          "p95": 1.0,
          "max": 1.0
        },
        "crop_point_count": {
          "count": 345,
          "mean": 124.64927536231885,
          "min": 0.0,
          "p25": 14.0,
          "p50": 27.0,
          "p75": 63.0,
          "p95": 282.8,
          "max": 11412.0
        }
      },
      "expanded": {
        "endpoint_count": 345,
        "center_inside_rate": 0.8753623188405797,
        "center_outside_rate": 0.12463768115942031,
        "box_intersection_rate": 0.9014492753623189,
        "all_corners_inside_rate": 0.8492753623188406,
        "target_visible_endpoint_count": 345,
        "has_target_point_rate": 0.8927536231884058,
        "no_target_point_rate": 0.10724637681159421,
        "target_point_recall": {
          "count": 345,
          "mean": 0.8757005273309622,
          "min": 0.0,
          "p25": 1.0,
          "p50": 1.0,
          "p75": 1.0,
          "p95": 1.0,
          "max": 1.0
        },
        "crop_point_count": {
          "count": 345,
          "mean": 652.2144927536232,
          "min": 0.0,
          "p25": 65.0,
          "p50": 191.0,
          "p75": 418.0,
          "p95": 1490.6000000000004,
          "max": 21819.0
        }
      },
      "cv_recenter": {
        "endpoint_count": 345,
        "center_inside_rate": 0.991304347826087,
        "center_outside_rate": 0.008695652173912993,
        "box_intersection_rate": 0.9971014492753624,
        "all_corners_inside_rate": 0.9623188405797102,
        "target_visible_endpoint_count": 345,
        "has_target_point_rate": 0.9971014492753624,
        "no_target_point_rate": 0.0028985507246376274,
        "target_point_recall": {
          "count": 345,
          "mean": 0.9892730618817575,
          "min": 0.0,
          "p25": 1.0,
          "p50": 1.0,
          "p75": 1.0,
          "p95": 1.0,
          "max": 1.0
        },
        "crop_point_count": {
          "count": 345,
          "mean": 43.51304347826087,
          "min": 6.0,
          "p25": 14.0,
          "p50": 25.0,
          "p75": 53.0,
          "p95": 138.60000000000002,
          "max": 333.0
        }
      }
    },
    "<= 0": {
      "base": {
        "endpoint_count": 620,
        "center_inside_rate": 0.7661290322580645,
        "center_outside_rate": 0.2338709677419355,
        "box_intersection_rate": 0.8161290322580645,
        "all_corners_inside_rate": 0.6854838709677419,
        "target_visible_endpoint_count": 0,
        "has_target_point_rate": null,
        "no_target_point_rate": null,
        "target_point_recall": {
          "count": 0,
          "mean": null,
          "min": null,
          "p25": null,
          "p50": null,
          "p75": null,
          "p95": null,
          "max": null
        },
        "crop_point_count": {
          "count": 620,
          "mean": 16.15,
          "min": 0.0,
          "p25": 0.0,
          "p50": 1.0,
          "p75": 8.0,
          "p95": 80.0,
          "max": 519.0
        }
      },
      "expanded": {
        "endpoint_count": 620,
        "center_inside_rate": 0.885483870967742,
        "center_outside_rate": 0.11451612903225805,
        "box_intersection_rate": 0.9096774193548387,
        "all_corners_inside_rate": 0.8193548387096774,
        "target_visible_endpoint_count": 0,
        "has_target_point_rate": null,
        "no_target_point_rate": null,
        "target_point_recall": {
          "count": 0,
          "mean": null,
          "min": null,
          "p25": null,
          "p50": null,
          "p75": null,
          "p95": null,
          "max": null
        },
        "crop_point_count": {
          "count": 620,
          "mean": 174.45806451612904,
          "min": 0.0,
          "p25": 4.0,
          "p50": 14.0,
          "p75": 56.75,
          "p95": 781.05,
          "max": 4990.0
        }
      },
      "cv_recenter": {
        "endpoint_count": 620,
        "center_inside_rate": 0.9870967741935484,
        "center_outside_rate": 0.012903225806451646,
        "box_intersection_rate": 0.9919354838709677,
        "all_corners_inside_rate": 0.9774193548387097,
        "target_visible_endpoint_count": 0,
        "has_target_point_rate": null,
        "no_target_point_rate": null,
        "target_point_recall": {
          "count": 0,
          "mean": null,
          "min": null,
          "p25": null,
          "p50": null,
          "p75": null,
          "p95": null,
          "max": null
        },
        "crop_point_count": {
          "count": 620,
          "mean": 15.754838709677419,
          "min": 0.0,
          "p25": 0.0,
          "p50": 1.0,
          "p75": 7.0,
          "p95": 74.29999999999973,
          "max": 519.0
        }
      }
    },
    "> 20": {
      "base": {
        "endpoint_count": 598,
        "center_inside_rate": 0.7525083612040134,
        "center_outside_rate": 0.24749163879598657,
        "box_intersection_rate": 0.8361204013377926,
        "all_corners_inside_rate": 0.6688963210702341,
        "target_visible_endpoint_count": 598,
        "has_target_point_rate": 0.822742474916388,
        "no_target_point_rate": 0.17725752508361203,
        "target_point_recall": {
          "count": 598,
          "mean": 0.7642518903060135,
          "min": 0.0,
          "p25": 0.6824373929358023,
          "p50": 1.0,
          "p75": 1.0,
          "p95": 1.0,
          "max": 1.0
        },
        "crop_point_count": {
          "count": 598,
          "mean": 1059.7207357859531,
          "min": 0.0,
          "p25": 110.0,
          "p50": 269.0,
          "p75": 1240.75,
          "p95": 5505.05,
          "max": 13360.0
        }
      },
      "expanded": {
        "endpoint_count": 598,
        "center_inside_rate": 0.8779264214046822,
        "center_outside_rate": 0.12207357859531776,
        "box_intersection_rate": 0.8929765886287625,
        "all_corners_inside_rate": 0.8545150501672241,
        "target_visible_endpoint_count": 598,
        "has_target_point_rate": 0.8929765886287625,
        "no_target_point_rate": 0.1070234113712375,
        "target_point_recall": {
          "count": 598,
          "mean": 0.8767478454988455,
          "min": 0.0,
          "p25": 1.0,
          "p50": 1.0,
          "p75": 1.0,
          "p95": 1.0,
          "max": 1.0
        },
        "crop_point_count": {
          "count": 598,
          "mean": 5382.872909698996,
          "min": 1.0,
          "p25": 651.5,
          "p50": 1545.5,
          "p75": 6343.75,
          "p95": 20970.3,
          "max": 25773.0
        }
      },
      "cv_recenter": {
        "endpoint_count": 598,
        "center_inside_rate": 0.9983277591973244,
        "center_outside_rate": 0.0016722408026755842,
        "box_intersection_rate": 1.0,
        "all_corners_inside_rate": 0.959866220735786,
        "target_visible_endpoint_count": 598,
        "has_target_point_rate": 1.0,
        "no_target_point_rate": 0.0,
        "target_point_recall": {
          "count": 598,
          "mean": 0.9947089136140677,
          "min": 0.27586206896551724,
          "p25": 1.0,
          "p50": 1.0,
          "p75": 1.0,
          "p95": 1.0,
          "max": 1.0
        },
        "crop_point_count": {
          "count": 598,
          "mean": 964.1454849498327,
          "min": 24.0,
          "p25": 126.0,
          "p50": 284.0,
          "p75": 1203.5,
          "p95": 5480.0,
          "max": 11810.0
        }
      }
    }
  },
  "cfg": "/home/lishengjie/study/lcyu/CT-SeqTrack/cfgs/seqtrack3d_nuscenes_a2_residual_dyn_vr_burst_drop.yaml",
  "split": "mini_train",
  "virtual_rate_mode": "burst_drop",
  "base_scale": 1.25,
  "base_offset": 2.0,
  "expanded_scale_multiplier": 2.0,
  "expanded_offset_multiplier": 2.0,
  "target_wlh_factor": 1.0,
  "require_full_history": true,
  "note": "base and expanded use the previous GT box; cv_recenter uses only GT history with a constant-velocity center extrapolation. This is an oracle reachability diagnostic, not an online tracking result."
}
endpoint csv: output/diagnostics/crop_reachability/burst_drop_train/crop_reachability_endpoints.csv
summary json: output/diagnostics/crop_reachability/burst_drop_train/crop_reachability_summary.json
